// Vitest Snapshot v1, https://vitest.dev/guide/snapshot.html

exports[`drift ledger > B1 digest is unchanged 1`] = `
{
  "competitionCount": 24,
  "daySummaryPeaks": [
    254,
    222,
    176,
    202,
  ],
  "errorCount": 0,
  "events": {
    "D1-M-EPEE-IND": {
      "assigned_day": 0,
      "constraint_relaxation_level": 0,
      "de_prelims_start": 195,
      "de_prelims_strip_count": 16,
      "de_round_of_16_start": 445,
      "de_round_of_16_strip_count": 4,
      "de_start": null,
      "de_strip_count": 0,
      "de_total_end": 535,
      "peak_de_ref_demand": 4,
      "pool_end": 163,
      "pool_start": 0,
      "pool_strip_count": 45,
    },
    "D1-M-FOIL-IND": {
      "assigned_day": 1,
      "constraint_relaxation_level": 0,
      "de_prelims_start": 1010,
      "de_prelims_strip_count": 16,
      "de_round_of_16_start": 1225,
      "de_round_of_16_strip_count": 4,
      "de_start": null,
      "de_strip_count": 0,
      "de_total_end": 1315,
      "peak_de_ref_demand": 4,
      "pool_end": 980,
      "pool_start": 840,
      "pool_strip_count": 38,
    },
    "D1-M-SABRE-IND": {
      "assigned_day": 1,
      "constraint_relaxation_level": 0,
      "de_prelims_start": 980,
      "de_prelims_strip_count": 16,
      "de_round_of_16_start": 1105,
      "de_round_of_16_strip_count": 4,
      "de_start": null,
      "de_strip_count": 0,
      "de_total_end": 1165,
      "peak_de_ref_demand": 4,
      "pool_end": 945,
      "pool_start": 840,
      "pool_strip_count": 30,
    },
    "D1-W-EPEE-IND": {
      "assigned_day": 0,
      "constraint_relaxation_level": 0,
      "de_prelims_start": 260,
      "de_prelims_strip_count": 16,
      "de_round_of_16_start": 475,
      "de_round_of_16_strip_count": 4,
      "de_start": null,
      "de_strip_count": 0,
      "de_total_end": 565,
      "peak_de_ref_demand": 4,
      "pool_end": 162,
      "pool_start": 0,
      "pool_strip_count": 32,
    },
    "D1-W-FOIL-IND": {
      "assigned_day": 1,
      "constraint_relaxation_level": 0,
      "de_prelims_start": 1115,
      "de_prelims_strip_count": 16,
      "de_round_of_16_start": 1240,
      "de_round_of_16_strip_count": 4,
      "de_start": null,
      "de_strip_count": 0,
      "de_total_end": 1355,
      "peak_de_ref_demand": 4,
      "pool_end": 1085,
      "pool_start": 945,
      "pool_strip_count": 19,
    },
    "D1-W-SABRE-IND": {
      "assigned_day": 0,
      "constraint_relaxation_level": 0,
      "de_prelims_start": 300,
      "de_prelims_strip_count": 16,
      "de_round_of_16_start": 445,
      "de_round_of_16_strip_count": 4,
      "de_start": null,
      "de_strip_count": 0,
      "de_total_end": 505,
      "peak_de_ref_demand": 4,
      "pool_end": 268,
      "pool_start": 165,
      "pool_strip_count": 26,
    },
    "JR-M-EPEE-IND": {
      "assigned_day": 2,
      "constraint_relaxation_level": 0,
      "de_prelims_start": 1875,
      "de_prelims_strip_count": 16,
      "de_round_of_16_start": 2090,
      "de_round_of_16_strip_count": 4,
      "de_start": null,
      "de_strip_count": 0,
      "de_total_end": 2180,
      "peak_de_ref_demand": 4,
      "pool_end": 1843,
      "pool_start": 1680,
      "pool_strip_count": 29,
    },
    "JR-M-FOIL-IND": {
      "assigned_day": 3,
      "constraint_relaxation_level": 0,
      "de_prelims_start": 2695,
      "de_prelims_strip_count": 16,
      "de_round_of_16_start": 2910,
      "de_round_of_16_strip_count": 4,
      "de_start": null,
      "de_strip_count": 0,
      "de_total_end": 3000,
      "peak_de_ref_demand": 4,
      "pool_end": 2662,
      "pool_start": 2520,
      "pool_strip_count": 32,
    },
    "JR-M-SABRE-IND": {
      "assigned_day": 3,
      "constraint_relaxation_level": 0,
      "de_prelims_start": 2665,
      "de_prelims_strip_count": 16,
      "de_round_of_16_start": 2790,
      "de_round_of_16_strip_count": 4,
      "de_start": null,
      "de_strip_count": 0,
      "de_total_end": 2850,
      "peak_de_ref_demand": 4,
      "pool_end": 2625,
      "pool_start": 2520,
      "pool_strip_count": 30,
    },
    "JR-W-EPEE-IND": {
      "assigned_day": 2,
      "constraint_relaxation_level": 0,
      "de_prelims_start": 1875,
      "de_prelims_strip_count": 16,
      "de_round_of_16_start": 2090,
      "de_round_of_16_strip_count": 4,
      "de_start": null,
      "de_strip_count": 0,
      "de_total_end": 2180,
      "peak_de_ref_demand": 4,
      "pool_end": 1844,
      "pool_start": 1680,
      "pool_strip_count": 26,
    },
    "JR-W-FOIL-IND": {
      "assigned_day": 3,
      "constraint_relaxation_level": 0,
      "de_prelims_start": 2795,
      "de_prelims_strip_count": 16,
      "de_round_of_16_start": 2920,
      "de_round_of_16_strip_count": 4,
      "de_start": null,
      "de_strip_count": 0,
      "de_total_end": 3035,
      "peak_de_ref_demand": 4,
      "pool_end": 2765,
      "pool_start": 2625,
      "pool_strip_count": 19,
    },
    "JR-W-SABRE-IND": {
      "assigned_day": 2,
      "constraint_relaxation_level": 0,
      "de_prelims_start": 1825,
      "de_prelims_strip_count": 16,
      "de_round_of_16_start": 1920,
      "de_round_of_16_strip_count": 4,
      "de_start": null,
      "de_strip_count": 0,
      "de_total_end": 2010,
      "peak_de_ref_demand": 4,
      "pool_end": 1784,
      "pool_start": 1680,
      "pool_strip_count": 23,
    },
    "VET-M-EPEE-IND-VCMB": {
      "assigned_day": 1,
      "constraint_relaxation_level": 0,
      "de_prelims_start": null,
      "de_prelims_strip_count": 0,
      "de_round_of_16_start": null,
      "de_round_of_16_strip_count": 0,
      "de_start": 1165,
      "de_strip_count": 16,
      "de_total_end": 1372,
      "peak_de_ref_demand": 4,
      "pool_end": 1132,
      "pool_start": 980,
      "pool_strip_count": 18,
    },
    "VET-M-EPEE-TEAM": {
      "assigned_day": 2,
      "constraint_relaxation_level": 0,
      "de_prelims_start": null,
      "de_prelims_strip_count": 0,
      "de_round_of_16_start": null,
      "de_round_of_16_strip_count": 0,
      "de_start": 1935,
      "de_strip_count": 16,
      "de_total_end": 2079,
      "peak_de_ref_demand": 4,
      "pool_end": 1905,
      "pool_start": 1785,
      "pool_strip_count": 5,
    },
    "VET-M-FOIL-IND-VCMB": {
      "assigned_day": 0,
      "constraint_relaxation_level": 0,
      "de_prelims_start": null,
      "de_prelims_strip_count": 0,
      "de_round_of_16_start": null,
      "de_round_of_16_strip_count": 0,
      "de_start": 330,
      "de_strip_count": 16,
      "de_total_end": 537,
      "peak_de_ref_demand": 4,
      "pool_end": 298,
      "pool_start": 165,
      "pool_strip_count": 12,
    },
    "VET-M-FOIL-TEAM": {
      "assigned_day": 1,
      "constraint_relaxation_level": 0,
      "de_prelims_start": null,
      "de_prelims_strip_count": 0,
      "de_round_of_16_start": null,
      "de_round_of_16_strip_count": 0,
      "de_start": 945,
      "de_strip_count": 8,
      "de_total_end": 1058,
      "peak_de_ref_demand": 4,
      "pool_end": 910,
      "pool_start": 840,
      "pool_strip_count": 2,
    },
    "VET-M-SABRE-IND-VCMB": {
      "assigned_day": 0,
      "constraint_relaxation_level": 0,
      "de_prelims_start": null,
      "de_prelims_strip_count": 0,
      "de_round_of_16_start": null,
      "de_round_of_16_strip_count": 0,
      "de_start": 290,
      "de_strip_count": 16,
      "de_total_end": 407,
      "peak_de_ref_demand": 4,
      "pool_end": 260,
      "pool_start": 165,
      "pool_strip_count": 6,
    },
    "VET-M-SABRE-TEAM": {
      "assigned_day": 2,
      "constraint_relaxation_level": 0,
      "de_prelims_start": null,
      "de_prelims_strip_count": 0,
      "de_round_of_16_start": null,
      "de_round_of_16_strip_count": 0,
      "de_start": 1785,
      "de_strip_count": 8,
      "de_total_end": 1884,
      "peak_de_ref_demand": 4,
      "pool_end": 1730,
      "pool_start": 1680,
      "pool_strip_count": 2,
    },
    "VET-W-EPEE-IND-VCMB": {
      "assigned_day": 3,
      "constraint_relaxation_level": 0,
      "de_prelims_start": null,
      "de_prelims_strip_count": 0,
      "de_round_of_16_start": null,
      "de_round_of_16_strip_count": 0,
      "de_start": 2705,
      "de_strip_count": 16,
      "de_total_end": 2912,
      "peak_de_ref_demand": 4,
      "pool_end": 2672,
      "pool_start": 2520,
      "pool_strip_count": 12,
    },
    "VET-W-EPEE-TEAM": {
      "assigned_day": 2,
      "constraint_relaxation_level": 0,
      "de_prelims_start": null,
      "de_prelims_strip_count": 0,
      "de_round_of_16_start": null,
      "de_round_of_16_strip_count": 0,
      "de_start": 1970,
      "de_strip_count": 16,
      "de_total_end": 2114,
      "peak_de_ref_demand": 4,
      "pool_end": 1937,
      "pool_start": 1785,
      "pool_strip_count": 3,
    },
    "VET-W-FOIL-IND-VCMB": {
      "assigned_day": 0,
      "constraint_relaxation_level": 0,
      "de_prelims_start": null,
      "de_prelims_strip_count": 0,
      "de_round_of_16_start": null,
      "de_round_of_16_strip_count": 0,
      "de_start": 380,
      "de_strip_count": 16,
      "de_total_end": 526,
      "peak_de_ref_demand": 4,
      "pool_end": 298,
      "pool_start": 165,
      "pool_strip_count": 6,
    },
    "VET-W-FOIL-TEAM": {
      "assigned_day": 1,
      "constraint_relaxation_level": 0,
      "de_prelims_start": null,
      "de_prelims_strip_count": 0,
      "de_round_of_16_start": null,
      "de_round_of_16_strip_count": 0,
      "de_start": 960,
      "de_strip_count": 8,
      "de_total_end": 1073,
      "peak_de_ref_demand": 4,
      "pool_end": 910,
      "pool_start": 840,
      "pool_strip_count": 2,
    },
    "VET-W-SABRE-IND-VCMB": {
      "assigned_day": 3,
      "constraint_relaxation_level": 0,
      "de_prelims_start": null,
      "de_prelims_strip_count": 0,
      "de_round_of_16_start": null,
      "de_round_of_16_strip_count": 0,
      "de_start": 2760,
      "de_strip_count": 16,
      "de_total_end": 2877,
      "peak_de_ref_demand": 4,
      "pool_end": 2708,
      "pool_start": 2625,
      "pool_strip_count": 8,
    },
    "VET-W-SABRE-TEAM": {
      "assigned_day": 1,
      "constraint_relaxation_level": 0,
      "de_prelims_start": null,
      "de_prelims_strip_count": 0,
      "de_round_of_16_start": null,
      "de_round_of_16_strip_count": 0,
      "de_start": 920,
      "de_strip_count": 8,
      "de_total_end": 1019,
      "peak_de_ref_demand": 4,
      "pool_end": 890,
      "pool_start": 840,
      "pool_strip_count": 2,
    },
  },
  "refRecommendation": {
    "foil_epee": 46,
    "three_weapon": 120,
  },
  "refRequirementsByDay": [
    {
      "day": 0,
      "peak_saber_refs": 64,
      "peak_time": 0,
      "peak_total_refs": 154,
    },
    {
      "day": 1,
      "peak_saber_refs": 68,
      "peak_time": 945,
      "peak_total_refs": 190,
    },
    {
      "day": 2,
      "peak_saber_refs": 50,
      "peak_time": 1680,
      "peak_total_refs": 160,
    },
    {
      "day": 3,
      "peak_saber_refs": 76,
      "peak_time": 2625,
      "peak_total_refs": 202,
    },
  ],
  "scheduledCount": 24,
  "stripRecommendation": 135,
  "warnCountsByCause": {},
}
`;

exports[`drift ledger > B2 digest is unchanged 1`] = `
{
  "competitionCount": 24,
  "daySummaryPeaks": [
    324,
    184,
    324,
    334,
  ],
  "errorCount": 0,
  "events": {
    "CDT-M-EPEE-IND": {
      "assigned_day": 3,
      "constraint_relaxation_level": 0,
      "de_prelims_start": 2780,
      "de_prelims_strip_count": 16,
      "de_round_of_16_start": 2995,
      "de_round_of_16_strip_count": 4,
      "de_start": null,
      "de_strip_count": 0,
      "de_total_end": 3085,
      "peak_de_ref_demand": 4,
      "pool_end": 2684,
      "pool_start": 2520,
      "pool_strip_count": 39,
    },
    "CDT-M-EPEE-TEAM": {
      "assigned_day": 1,
      "constraint_relaxation_level": 0,
      "de_prelims_start": null,
      "de_prelims_strip_count": 0,
      "de_round_of_16_start": null,
      "de_round_of_16_strip_count": 0,
      "de_start": 1105,
      "de_strip_count": 16,
      "de_total_end": 1281,
      "peak_de_ref_demand": 4,
      "pool_end": 1072,
      "pool_start": 940,
      "pool_strip_count": 8,
    },
    "CDT-M-FOIL-IND": {
      "assigned_day": 0,
      "constraint_relaxation_level": 0,
      "de_prelims_start": 270,
      "de_prelims_strip_count": 16,
      "de_round_of_16_start": 485,
      "de_round_of_16_strip_count": 4,
      "de_start": null,
      "de_strip_count": 0,
      "de_total_end": 575,
      "peak_de_ref_demand": 4,
      "pool_end": 141,
      "pool_start": 0,
      "pool_strip_count": 35,
    },
    "CDT-M-FOIL-TEAM": {
      "assigned_day": 3,
      "constraint_relaxation_level": 0,
      "de_prelims_start": null,
      "de_prelims_strip_count": 0,
      "de_round_of_16_start": null,
      "de_round_of_16_strip_count": 0,
      "de_start": 2625,
      "de_strip_count": 8,
      "de_total_end": 2738,
      "peak_de_ref_demand": 4,
      "pool_end": 2590,
      "pool_start": 2520,
      "pool_strip_count": 2,
    },
    "CDT-M-SABRE-IND": {
      "assigned_day": 0,
      "constraint_relaxation_level": 0,
      "de_prelims_start": 270,
      "de_prelims_strip_count": 16,
      "de_round_of_16_start": 395,
      "de_round_of_16_strip_count": 4,
      "de_start": null,
      "de_strip_count": 0,
      "de_total_end": 455,
      "peak_de_ref_demand": 4,
      "pool_end": 102,
      "pool_start": 0,
      "pool_strip_count": 45,
    },
    "CDT-M-SABRE-TEAM": {
      "assigned_day": 2,
      "constraint_relaxation_level": 0,
      "de_prelims_start": null,
      "de_prelims_strip_count": 0,
      "de_round_of_16_start": null,
      "de_round_of_16_strip_count": 0,
      "de_start": 1975,
      "de_strip_count": 16,
      "de_total_end": 2091,
      "peak_de_ref_demand": 4,
      "pool_end": 1775,
      "pool_start": 1680,
      "pool_strip_count": 3,
    },
    "CDT-W-EPEE-IND": {
      "assigned_day": 0,
      "constraint_relaxation_level": 0,
      "de_prelims_start": 340,
      "de_prelims_strip_count": 16,
      "de_round_of_16_start": 555,
      "de_round_of_16_strip_count": 4,
      "de_start": null,
      "de_strip_count": 0,
      "de_total_end": 645,
      "peak_de_ref_demand": 4,
      "pool_end": 306,
      "pool_start": 145,
      "pool_strip_count": 35,
    },
    "CDT-W-EPEE-TEAM": {
      "assigned_day": 1,
      "constraint_relaxation_level": 0,
      "de_prelims_start": null,
      "de_prelims_strip_count": 0,
      "de_round_of_16_start": null,
      "de_round_of_16_strip_count": 0,
      "de_start": 1090,
      "de_strip_count": 16,
      "de_total_end": 1234,
      "peak_de_ref_demand": 4,
      "pool_end": 1060,
      "pool_start": 940,
      "pool_strip_count": 5,
    },
    "CDT-W-FOIL-IND": {
      "assigned_day": 3,
      "constraint_relaxation_level": 0,
      "de_prelims_start": 2855,
      "de_prelims_strip_count": 16,
      "de_round_of_16_start": 3070,
      "de_round_of_16_strip_count": 4,
      "de_start": null,
      "de_strip_count": 0,
      "de_total_end": 3160,
      "peak_de_ref_demand": 4,
      "pool_end": 2767,
      "pool_start": 2625,
      "pool_strip_count": 32,
    },
    "CDT-W-FOIL-TEAM": {
      "assigned_day": 1,
      "constraint_relaxation_level": 0,
      "de_prelims_start": null,
      "de_prelims_strip_count": 0,
      "de_round_of_16_start": null,
      "de_round_of_16_strip_count": 0,
      "de_start": 940,
      "de_strip_count": 8,
      "de_total_end": 1053,
      "peak_de_ref_demand": 4,
      "pool_end": 910,
      "pool_start": 840,
      "pool_strip_count": 2,
    },
    "CDT-W-SABRE-IND": {
      "assigned_day": 3,
      "constraint_relaxation_level": 0,
      "de_prelims_start": 2685,
      "de_prelims_strip_count": 16,
      "de_round_of_16_start": 2810,
      "de_round_of_16_strip_count": 4,
      "de_start": null,
      "de_strip_count": 0,
      "de_total_end": 2870,
      "peak_de_ref_demand": 4,
      "pool_end": 2621,
      "pool_start": 2520,
      "pool_strip_count": 35,
    },
    "CDT-W-SABRE-TEAM": {
      "assigned_day": 0,
      "constraint_relaxation_level": 0,
      "de_prelims_start": null,
      "de_prelims_strip_count": 0,
      "de_round_of_16_start": null,
      "de_round_of_16_strip_count": 0,
      "de_start": 350,
      "de_strip_count": 8,
      "de_total_end": 449,
      "peak_de_ref_demand": 4,
      "pool_end": 320,
      "pool_start": 270,
      "pool_strip_count": 2,
    },
    "D1-M-EPEE-IND": {
      "assigned_day": 0,
      "constraint_relaxation_level": 0,
      "de_prelims_start": 310,
      "de_prelims_strip_count": 16,
      "de_round_of_16_start": 525,
      "de_round_of_16_strip_count": 4,
      "de_start": null,
      "de_strip_count": 0,
      "de_total_end": 615,
      "peak_de_ref_demand": 4,
      "pool_end": 268,
      "pool_start": 105,
      "pool_strip_count": 45,
    },
    "D1-M-FOIL-IND": {
      "assigned_day": 2,
      "constraint_relaxation_level": 0,
      "de_prelims_start": 1975,
      "de_prelims_strip_count": 16,
      "de_round_of_16_start": 2195,
      "de_round_of_16_strip_count": 4,
      "de_start": null,
      "de_strip_count": 0,
      "de_total_end": 2285,
      "peak_de_ref_demand": 4,
      "pool_end": 1827,
      "pool_start": 1680,
      "pool_strip_count": 40,
    },
    "D1-M-SABRE-IND": {
      "assigned_day": 3,
      "constraint_relaxation_level": 0,
      "de_prelims_start": 2905,
      "de_prelims_strip_count": 16,
      "de_round_of_16_start": 3030,
      "de_round_of_16_strip_count": 4,
      "de_start": null,
      "de_strip_count": 0,
      "de_total_end": 3090,
      "peak_de_ref_demand": 4,
      "pool_end": 2872,
      "pool_start": 2770,
      "pool_strip_count": 29,
    },
    "D1-W-EPEE-IND": {
      "assigned_day": 3,
      "constraint_relaxation_level": 0,
      "de_prelims_start": 2885,
      "de_prelims_strip_count": 16,
      "de_round_of_16_start": 3100,
      "de_round_of_16_strip_count": 4,
      "de_start": null,
      "de_strip_count": 0,
      "de_total_end": 3190,
      "peak_de_ref_demand": 4,
      "pool_end": 2853,
      "pool_start": 2685,
      "pool_strip_count": 30,
    },
    "D1-W-FOIL-IND": {
      "assigned_day": 2,
      "constraint_relaxation_level": 0,
      "de_prelims_start": 2005,
      "de_prelims_strip_count": 16,
      "de_round_of_16_start": 2195,
      "de_round_of_16_strip_count": 4,
      "de_start": null,
      "de_strip_count": 0,
      "de_total_end": 2310,
      "peak_de_ref_demand": 4,
      "pool_end": 1975,
      "pool_start": 1830,
      "pool_strip_count": 23,
    },
    "D1-W-SABRE-IND": {
      "assigned_day": 1,
      "constraint_relaxation_level": 0,
      "de_prelims_start": 975,
      "de_prelims_strip_count": 16,
      "de_round_of_16_start": 1100,
      "de_round_of_16_strip_count": 4,
      "de_start": null,
      "de_strip_count": 0,
      "de_total_end": 1160,
      "peak_de_ref_demand": 4,
      "pool_end": 941,
      "pool_start": 840,
      "pool_strip_count": 32,
    },
    "Y14-M-EPEE-IND": {
      "assigned_day": 2,
      "constraint_relaxation_level": 0,
      "de_prelims_start": null,
      "de_prelims_strip_count": 0,
      "de_round_of_16_start": null,
      "de_round_of_16_strip_count": 0,
      "de_start": 2035,
      "de_strip_count": 16,
      "de_total_end": 2303,
      "peak_de_ref_demand": 4,
      "pool_end": 1843,
      "pool_start": 1680,
      "pool_strip_count": 29,
    },
    "Y14-M-FOIL-IND": {
      "assigned_day": 1,
      "constraint_relaxation_level": 0,
      "de_prelims_start": null,
      "de_prelims_strip_count": 0,
      "de_round_of_16_start": null,
      "de_round_of_16_strip_count": 0,
      "de_start": 1020,
      "de_strip_count": 16,
      "de_total_end": 1227,
      "peak_de_ref_demand": 4,
      "pool_end": 987,
      "pool_start": 840,
      "pool_strip_count": 20,
    },
    "Y14-M-SABRE-IND": {
      "assigned_day": 1,
      "constraint_relaxation_level": 0,
      "de_prelims_start": null,
      "de_prelims_strip_count": 0,
      "de_round_of_16_start": null,
      "de_round_of_16_strip_count": 0,
      "de_start": 970,
      "de_strip_count": 16,
      "de_total_end": 1119,
      "peak_de_ref_demand": 4,
      "pool_end": 939,
      "pool_start": 840,
      "pool_strip_count": 25,
    },
    "Y14-W-EPEE-IND": {
      "assigned_day": 2,
      "constraint_relaxation_level": 0,
      "de_prelims_start": null,
      "de_prelims_strip_count": 0,
      "de_round_of_16_start": null,
      "de_round_of_16_strip_count": 0,
      "de_start": 2075,
      "de_strip_count": 16,
      "de_total_end": 2282,
      "peak_de_ref_demand": 4,
      "pool_end": 2004,
      "pool_start": 1845,
      "pool_strip_count": 22,
    },
    "Y14-W-FOIL-IND": {
      "assigned_day": 2,
      "constraint_relaxation_level": 0,
      "de_prelims_start": null,
      "de_prelims_strip_count": 0,
      "de_round_of_16_start": null,
      "de_round_of_16_strip_count": 0,
      "de_start": 2105,
      "de_strip_count": 16,
      "de_total_end": 2312,
      "peak_de_ref_demand": 4,
      "pool_end": 2074,
      "pool_start": 1935,
      "pool_strip_count": 22,
    },
    "Y14-W-SABRE-IND": {
      "assigned_day": 2,
      "constraint_relaxation_level": 0,
      "de_prelims_start": null,
      "de_prelims_strip_count": 0,
      "de_round_of_16_start": null,
      "de_round_of_16_strip_count": 0,
      "de_start": 2075,
      "de_strip_count": 16,
      "de_total_end": 2223,
      "peak_de_ref_demand": 4,
      "pool_end": 1934,
      "pool_start": 1830,
      "pool_strip_count": 23,
    },
  },
  "refRecommendation": {
    "foil_epee": 10,
    "three_weapon": 160,
  },
  "refRequirementsByDay": [
    {
      "day": 0,
      "peak_saber_refs": 90,
      "peak_time": 0,
      "peak_total_refs": 160,
    },
    {
      "day": 1,
      "peak_saber_refs": 114,
      "peak_time": 840,
      "peak_total_refs": 158,
    },
    {
      "day": 2,
      "peak_saber_refs": 46,
      "peak_time": 1975,
      "peak_total_refs": 166,
    },
    {
      "day": 3,
      "peak_saber_refs": 74,
      "peak_time": 2520,
      "peak_total_refs": 152,
    },
  ],
  "scheduledCount": 24,
  "stripRecommendation": 189,
  "warnCountsByCause": {
    "RESOURCE_EXHAUSTION": 6,
    "SCHEDULE_ACCEPTED_WITH_WARNINGS": 2,
  },
}
`;

exports[`drift ledger > B3 digest is unchanged 1`] = `
{
  "competitionCount": 24,
  "daySummaryPeaks": [
    284,
    248,
    350,
    276,
  ],
  "errorCount": 0,
  "events": {
    "D2-M-EPEE-IND": {
      "assigned_day": 0,
      "constraint_relaxation_level": 0,
      "de_prelims_start": null,
      "de_prelims_strip_count": 0,
      "de_round_of_16_start": null,
      "de_round_of_16_strip_count": 0,
      "de_start": 370,
      "de_strip_count": 16,
      "de_total_end": 638,
      "peak_de_ref_demand": 4,
      "pool_end": 314,
      "pool_start": 150,
      "pool_strip_count": 26,
    },
    "D2-M-FOIL-IND": {
      "assigned_day": 3,
      "constraint_relaxation_level": 0,
      "de_prelims_start": null,
      "de_prelims_strip_count": 0,
      "de_round_of_16_start": null,
      "de_round_of_16_strip_count": 0,
      "de_start": 2940,
      "de_strip_count": 16,
      "de_total_end": 3208,
      "peak_de_ref_demand": 4,
      "pool_end": 2819,
      "pool_start": 2680,
      "pool_strip_count": 25,
    },
    "D2-M-SABRE-IND": {
      "assigned_day": 3,
      "constraint_relaxation_level": 0,
      "de_prelims_start": null,
      "de_prelims_strip_count": 0,
      "de_round_of_16_start": null,
      "de_round_of_16_strip_count": 0,
      "de_start": 2825,
      "de_strip_count": 16,
      "de_total_end": 2974,
      "peak_de_ref_demand": 4,
      "pool_end": 2794,
      "pool_start": 2690,
      "pool_strip_count": 23,
    },
    "D2-W-EPEE-IND": {
      "assigned_day": 1,
      "constraint_relaxation_level": 0,
      "de_prelims_start": null,
      "de_prelims_strip_count": 0,
      "de_round_of_16_start": null,
      "de_round_of_16_strip_count": 0,
      "de_start": 1205,
      "de_strip_count": 16,
      "de_total_end": 1412,
      "peak_de_ref_demand": 4,
      "pool_end": 1097,
      "pool_start": 935,
      "pool_strip_count": 16,
    },
    "D2-W-FOIL-IND": {
      "assigned_day": 2,
      "constraint_relaxation_level": 0,
      "de_prelims_start": null,
      "de_prelims_strip_count": 0,
      "de_round_of_16_start": null,
      "de_round_of_16_strip_count": 0,
      "de_start": 1845,
      "de_strip_count": 16,
      "de_total_end": 2052,
      "peak_de_ref_demand": 4,
      "pool_end": 1813,
      "pool_start": 1680,
      "pool_strip_count": 18,
    },
    "D2-W-SABRE-IND": {
      "assigned_day": 0,
      "constraint_relaxation_level": 0,
      "de_prelims_start": null,
      "de_prelims_strip_count": 0,
      "de_round_of_16_start": null,
      "de_round_of_16_strip_count": 0,
      "de_start": 315,
      "de_strip_count": 16,
      "de_total_end": 464,
      "peak_de_ref_demand": 4,
      "pool_end": 250,
      "pool_start": 150,
      "pool_strip_count": 19,
    },
    "Y10-M-EPEE-IND": {
      "assigned_day": 1,
      "constraint_relaxation_level": 0,
      "de_prelims_start": null,
      "de_prelims_strip_count": 0,
      "de_round_of_16_start": null,
      "de_round_of_16_strip_count": 0,
      "de_start": 1025,
      "de_strip_count": 16,
      "de_total_end": 1232,
      "peak_de_ref_demand": 4,
      "pool_end": 992,
      "pool_start": 840,
      "pool_strip_count": 12,
    },
    "Y10-M-FOIL-IND": {
      "assigned_day": 2,
      "constraint_relaxation_level": 0,
      "de_prelims_start": null,
      "de_prelims_strip_count": 0,
      "de_round_of_16_start": null,
      "de_round_of_16_strip_count": 0,
      "de_start": 1935,
      "de_strip_count": 16,
      "de_total_end": 2142,
      "peak_de_ref_demand": 4,
      "pool_end": 1822,
      "pool_start": 1680,
      "pool_strip_count": 16,
    },
    "Y10-M-SABRE-IND": {
      "assigned_day": 1,
      "constraint_relaxation_level": 0,
      "de_prelims_start": null,
      "de_prelims_strip_count": 0,
      "de_round_of_16_start": null,
      "de_round_of_16_strip_count": 0,
      "de_start": 985,
      "de_strip_count": 16,
      "de_total_end": 1133,
      "peak_de_ref_demand": 4,
      "pool_end": 935,
      "pool_start": 840,
      "pool_strip_count": 12,
    },
    "Y10-W-EPEE-IND": {
      "assigned_day": 0,
      "constraint_relaxation_level": 0,
      "de_prelims_start": null,
      "de_prelims_strip_count": 0,
      "de_round_of_16_start": null,
      "de_round_of_16_strip_count": 0,
      "de_start": 250,
      "de_strip_count": 16,
      "de_total_end": 396,
      "peak_de_ref_demand": 4,
      "pool_end": 152,
      "pool_start": 0,
      "pool_strip_count": 9,
    },
    "Y10-W-FOIL-IND": {
      "assigned_day": 3,
      "constraint_relaxation_level": 0,
      "de_prelims_start": null,
      "de_prelims_strip_count": 0,
      "de_round_of_16_start": null,
      "de_round_of_16_strip_count": 0,
      "de_start": 2770,
      "de_strip_count": 16,
      "de_total_end": 2977,
      "peak_de_ref_demand": 4,
      "pool_end": 2667,
      "pool_start": 2520,
      "pool_strip_count": 10,
    },
    "Y10-W-SABRE-IND": {
      "assigned_day": 1,
      "constraint_relaxation_level": 0,
      "de_prelims_start": null,
      "de_prelims_strip_count": 0,
      "de_round_of_16_start": null,
      "de_round_of_16_strip_count": 0,
      "de_start": 985,
      "de_strip_count": 16,
      "de_total_end": 1133,
      "peak_de_ref_demand": 4,
      "pool_end": 945,
      "pool_start": 840,
      "pool_strip_count": 10,
    },
    "Y12-M-EPEE-IND": {
      "assigned_day": 3,
      "constraint_relaxation_level": 0,
      "de_prelims_start": null,
      "de_prelims_strip_count": 0,
      "de_round_of_16_start": null,
      "de_round_of_16_strip_count": 0,
      "de_start": 2770,
      "de_strip_count": 16,
      "de_total_end": 3038,
      "peak_de_ref_demand": 4,
      "pool_end": 2688,
      "pool_start": 2520,
      "pool_strip_count": 30,
    },
    "Y12-M-FOIL-IND": {
      "assigned_day": 0,
      "constraint_relaxation_level": 0,
      "de_prelims_start": null,
      "de_prelims_strip_count": 0,
      "de_round_of_16_start": null,
      "de_round_of_16_strip_count": 0,
      "de_start": 250,
      "de_strip_count": 16,
      "de_total_end": 518,
      "peak_de_ref_demand": 4,
      "pool_end": 146,
      "pool_start": 0,
      "pool_strip_count": 33,
    },
    "Y12-M-SABRE-IND": {
      "assigned_day": 0,
      "constraint_relaxation_level": 0,
      "de_prelims_start": null,
      "de_prelims_strip_count": 0,
      "de_round_of_16_start": null,
      "de_round_of_16_strip_count": 0,
      "de_start": 315,
      "de_strip_count": 16,
      "de_total_end": 464,
      "peak_de_ref_demand": 4,
      "pool_end": 248,
      "pool_start": 145,
      "pool_strip_count": 26,
    },
    "Y12-W-EPEE-IND": {
      "assigned_day": 3,
      "constraint_relaxation_level": 0,
      "de_prelims_start": null,
      "de_prelims_strip_count": 0,
      "de_round_of_16_start": null,
      "de_round_of_16_strip_count": 0,
      "de_start": 2795,
      "de_strip_count": 16,
      "de_total_end": 3063,
      "peak_de_ref_demand": 4,
      "pool_end": 2678,
      "pool_start": 2520,
      "pool_strip_count": 25,
    },
    "Y12-W-FOIL-IND": {
      "assigned_day": 0,
      "constraint_relaxation_level": 0,
      "de_prelims_start": null,
      "de_prelims_strip_count": 0,
      "de_round_of_16_start": null,
      "de_round_of_16_strip_count": 0,
      "de_start": 250,
      "de_strip_count": 16,
      "de_total_end": 518,
      "peak_de_ref_demand": 4,
      "pool_end": 143,
      "pool_start": 0,
      "pool_strip_count": 29,
    },
    "Y12-W-SABRE-IND": {
      "assigned_day": 3,
      "constraint_relaxation_level": 0,
      "de_prelims_start": null,
      "de_prelims_strip_count": 0,
      "de_round_of_16_start": null,
      "de_round_of_16_strip_count": 0,
      "de_start": 2820,
      "de_strip_count": 16,
      "de_total_end": 2969,
      "peak_de_ref_demand": 4,
      "pool_end": 2769,
      "pool_start": 2670,
      "pool_strip_count": 25,
    },
    "Y14-M-EPEE-IND": {
      "assigned_day": 2,
      "constraint_relaxation_level": 0,
      "de_prelims_start": null,
      "de_prelims_strip_count": 0,
      "de_round_of_16_start": null,
      "de_round_of_16_strip_count": 0,
      "de_start": 2050,
      "de_strip_count": 16,
      "de_total_end": 2318,
      "peak_de_ref_demand": 4,
      "pool_end": 1945,
      "pool_start": 1785,
      "pool_strip_count": 38,
    },
    "Y14-M-FOIL-IND": {
      "assigned_day": 1,
      "constraint_relaxation_level": 0,
      "de_prelims_start": null,
      "de_prelims_strip_count": 0,
      "de_round_of_16_start": null,
      "de_round_of_16_strip_count": 0,
      "de_start": 1015,
      "de_strip_count": 16,
      "de_total_end": 1283,
      "peak_de_ref_demand": 4,
      "pool_end": 984,
      "pool_start": 840,
      "pool_strip_count": 39,
    },
    "Y14-M-SABRE-IND": {
      "assigned_day": 2,
      "constraint_relaxation_level": 0,
      "de_prelims_start": null,
      "de_prelims_strip_count": 0,
      "de_round_of_16_start": null,
      "de_round_of_16_strip_count": 0,
      "de_start": 1815,
      "de_strip_count": 16,
      "de_total_end": 1964,
      "peak_de_ref_demand": 4,
      "pool_end": 1785,
      "pool_start": 1680,
      "pool_strip_count": 40,
    },
    "Y14-W-EPEE-IND": {
      "assigned_day": 2,
      "constraint_relaxation_level": 0,
      "de_prelims_start": null,
      "de_prelims_strip_count": 0,
      "de_round_of_16_start": null,
      "de_round_of_16_strip_count": 0,
      "de_start": 2225,
      "de_strip_count": 16,
      "de_total_end": 2493,
      "peak_de_ref_demand": 4,
      "pool_end": 2193,
      "pool_start": 2025,
      "pool_strip_count": 30,
    },
    "Y14-W-FOIL-IND": {
      "assigned_day": 1,
      "constraint_relaxation_level": 0,
      "de_prelims_start": null,
      "de_prelims_strip_count": 0,
      "de_round_of_16_start": null,
      "de_round_of_16_strip_count": 0,
      "de_start": 1280,
      "de_strip_count": 16,
      "de_total_end": 1548,
      "peak_de_ref_demand": 4,
      "pool_end": 1246,
      "pool_start": 1105,
      "pool_strip_count": 35,
    },
    "Y14-W-SABRE-IND": {
      "assigned_day": 2,
      "constraint_relaxation_level": 0,
      "de_prelims_start": null,
      "de_prelims_strip_count": 0,
      "de_round_of_16_start": null,
      "de_round_of_16_strip_count": 0,
      "de_start": 2080,
      "de_strip_count": 16,
      "de_total_end": 2229,
      "peak_de_ref_demand": 4,
      "pool_end": 2049,
      "pool_start": 1945,
      "pool_strip_count": 33,
    },
  },
  "refRecommendation": {
    "foil_epee": 8,
    "three_weapon": 146,
  },
  "refRequirementsByDay": [
    {
      "day": 0,
      "peak_saber_refs": 90,
      "peak_time": 150,
      "peak_total_refs": 160,
    },
    {
      "day": 1,
      "peak_saber_refs": 44,
      "peak_time": 935,
      "peak_total_refs": 178,
    },
    {
      "day": 2,
      "peak_saber_refs": 80,
      "peak_time": 1785,
      "peak_total_refs": 224,
    },
    {
      "day": 3,
      "peak_saber_refs": 96,
      "peak_time": 2670,
      "peak_total_refs": 160,
    },
  ],
  "scheduledCount": 24,
  "stripRecommendation": 182,
  "warnCountsByCause": {},
}
`;

exports[`drift ledger > B4 digest is unchanged 1`] = `
{
  "competitionCount": 30,
  "daySummaryPeaks": [
    86,
    182,
    98,
  ],
  "errorCount": 13,
  "events": {
    "CDT-M-EPEE-IND": {
      "assigned_day": 1,
      "constraint_relaxation_level": 0,
      "de_prelims_start": 1270,
      "de_prelims_strip_count": 16,
      "de_round_of_16_start": 1485,
      "de_round_of_16_strip_count": 4,
      "de_start": null,
      "de_strip_count": 0,
      "de_total_end": 1575,
      "peak_de_ref_demand": 4,
      "pool_end": 998,
      "pool_start": 840,
      "pool_strip_count": 25,
    },
    "CDT-W-FOIL-IND": {
      "assigned_day": 1,
      "constraint_relaxation_level": 0,
      "de_prelims_start": 1520,
      "de_prelims_strip_count": 16,
      "de_round_of_16_start": 1555,
      "de_round_of_16_strip_count": 4,
      "de_start": null,
      "de_strip_count": 0,
      "de_total_end": 1700,
      "peak_de_ref_demand": 4,
      "pool_end": 1108,
      "pool_start": 975,
      "pool_strip_count": 12,
    },
    "CDT-W-SABRE-IND": {
      "assigned_day": 1,
      "constraint_relaxation_level": 0,
      "de_prelims_start": 1525,
      "de_prelims_strip_count": 16,
      "de_round_of_16_start": 1620,
      "de_round_of_16_strip_count": 4,
      "de_start": null,
      "de_strip_count": 0,
      "de_total_end": 1710,
      "peak_de_ref_demand": 4,
      "pool_end": 1270,
      "pool_start": 1175,
      "pool_strip_count": 18,
    },
    "Y10-M-EPEE-IND": {
      "assigned_day": 2,
      "constraint_relaxation_level": 0,
      "de_prelims_start": null,
      "de_prelims_strip_count": 0,
      "de_round_of_16_start": null,
      "de_round_of_16_strip_count": 0,
      "de_start": 1970,
      "de_strip_count": 16,
      "de_total_end": 2177,
      "peak_de_ref_demand": 4,
      "pool_end": 1848,
      "pool_start": 1680,
      "pool_strip_count": 10,
    },
    "Y10-M-FOIL-IND": {
      "assigned_day": 0,
      "constraint_relaxation_level": 0,
      "de_prelims_start": null,
      "de_prelims_strip_count": 0,
      "de_round_of_16_start": null,
      "de_round_of_16_strip_count": 0,
      "de_start": 195,
      "de_strip_count": 16,
      "de_total_end": 402,
      "peak_de_ref_demand": 4,
      "pool_end": 133,
      "pool_start": 0,
      "pool_strip_count": 12,
    },
    "Y10-M-SABRE-IND": {
      "assigned_day": 2,
      "constraint_relaxation_level": 0,
      "de_prelims_start": null,
      "de_prelims_strip_count": 0,
      "de_round_of_16_start": null,
      "de_round_of_16_strip_count": 0,
      "de_start": 1850,
      "de_strip_count": 16,
      "de_total_end": 1998,
      "peak_de_ref_demand": 4,
      "pool_end": 1775,
      "pool_start": 1680,
      "pool_strip_count": 12,
    },
    "Y10-W-EPEE-IND": {
      "assigned_day": 2,
      "constraint_relaxation_level": 0,
      "de_prelims_start": null,
      "de_prelims_strip_count": 0,
      "de_round_of_16_start": null,
      "de_round_of_16_strip_count": 0,
      "de_start": 1985,
      "de_strip_count": 16,
      "de_total_end": 2192,
      "peak_de_ref_demand": 4,
      "pool_end": 1848,
      "pool_start": 1680,
      "pool_strip_count": 10,
    },
    "Y10-W-FOIL-IND": {
      "assigned_day": 2,
      "constraint_relaxation_level": 0,
      "de_prelims_start": null,
      "de_prelims_strip_count": 0,
      "de_round_of_16_start": null,
      "de_round_of_16_strip_count": 0,
      "de_start": 2150,
      "de_strip_count": 16,
      "de_total_end": 2296,
      "peak_de_ref_demand": 4,
      "pool_end": 1908,
      "pool_start": 1775,
      "pool_strip_count": 9,
    },
    "Y10-W-SABRE-IND": {
      "assigned_day": 1,
      "constraint_relaxation_level": 0,
      "de_prelims_start": null,
      "de_prelims_strip_count": 0,
      "de_round_of_16_start": null,
      "de_round_of_16_strip_count": 0,
      "de_start": 1000,
      "de_strip_count": 16,
      "de_total_end": 1117,
      "peak_de_ref_demand": 4,
      "pool_end": 935,
      "pool_start": 840,
      "pool_strip_count": 9,
    },
    "Y12-M-SABRE-IND": {
      "assigned_day": 1,
      "constraint_relaxation_level": 0,
      "de_prelims_start": null,
      "de_prelims_strip_count": 0,
      "de_round_of_16_start": null,
      "de_round_of_16_strip_count": 0,
      "de_start": 1455,
      "de_strip_count": 16,
      "de_total_end": 1604,
      "peak_de_ref_demand": 4,
      "pool_end": 1350,
      "pool_start": 1250,
      "pool_strip_count": 22,
    },
    "Y14-M-FOIL-IND": {
      "assigned_day": 0,
      "constraint_relaxation_level": 0,
      "de_prelims_start": null,
      "de_prelims_strip_count": 0,
      "de_round_of_16_start": null,
      "de_round_of_16_strip_count": 0,
      "de_start": 545,
      "de_strip_count": 16,
      "de_total_end": 813,
      "peak_de_ref_demand": 4,
      "pool_end": 514,
      "pool_start": 375,
      "pool_strip_count": 25,
    },
    "Y8-M-EPEE-IND": {
      "assigned_day": 0,
      "constraint_relaxation_level": 0,
      "de_prelims_start": null,
      "de_prelims_strip_count": 0,
      "de_round_of_16_start": null,
      "de_round_of_16_strip_count": 0,
      "de_start": 290,
      "de_strip_count": 16,
      "de_total_end": 404,
      "peak_de_ref_demand": 4,
      "pool_end": 152,
      "pool_start": 0,
      "pool_strip_count": 3,
    },
    "Y8-M-FOIL-IND": {
      "assigned_day": 1,
      "constraint_relaxation_level": 0,
      "de_prelims_start": null,
      "de_prelims_strip_count": 0,
      "de_round_of_16_start": null,
      "de_round_of_16_strip_count": 0,
      "de_start": 1090,
      "de_strip_count": 16,
      "de_total_end": 1204,
      "peak_de_ref_demand": 4,
      "pool_end": 973,
      "pool_start": 840,
      "pool_strip_count": 3,
    },
    "Y8-M-SABRE-IND": {
      "assigned_day": 0,
      "constraint_relaxation_level": 0,
      "de_prelims_start": null,
      "de_prelims_strip_count": 0,
      "de_round_of_16_start": null,
      "de_round_of_16_strip_count": 0,
      "de_start": 135,
      "de_strip_count": 16,
      "de_total_end": 221,
      "peak_de_ref_demand": 4,
      "pool_end": 95,
      "pool_start": 0,
      "pool_strip_count": 3,
    },
    "Y8-W-EPEE-IND": {
      "assigned_day": 2,
      "constraint_relaxation_level": 0,
      "de_prelims_start": null,
      "de_prelims_strip_count": 0,
      "de_round_of_16_start": null,
      "de_round_of_16_strip_count": 0,
      "de_start": 2165,
      "de_strip_count": 16,
      "de_total_end": 2279,
      "peak_de_ref_demand": 4,
      "pool_end": 1800,
      "pool_start": 1680,
      "pool_strip_count": 5,
    },
    "Y8-W-FOIL-IND": {
      "assigned_day": 2,
      "constraint_relaxation_level": 0,
      "de_prelims_start": null,
      "de_prelims_strip_count": 0,
      "de_round_of_16_start": null,
      "de_round_of_16_strip_count": 0,
      "de_start": 2250,
      "de_strip_count": 16,
      "de_total_end": 2364,
      "peak_de_ref_demand": 4,
      "pool_end": 1813,
      "pool_start": 1680,
      "pool_strip_count": 3,
    },
    "Y8-W-SABRE-IND": {
      "assigned_day": 1,
      "constraint_relaxation_level": 0,
      "de_prelims_start": null,
      "de_prelims_strip_count": 0,
      "de_round_of_16_start": null,
      "de_round_of_16_strip_count": 0,
      "de_start": 935,
      "de_strip_count": 8,
      "de_total_end": 1004,
      "peak_de_ref_demand": 4,
      "pool_end": 890,
      "pool_start": 840,
      "pool_strip_count": 2,
    },
  },
  "refRecommendation": {
    "foil_epee": 0,
    "three_weapon": 108,
  },
  "refRequirementsByDay": [
    {
      "day": 0,
      "peak_saber_refs": 16,
      "peak_time": 375,
      "peak_total_refs": 50,
    },
    {
      "day": 1,
      "peak_saber_refs": 80,
      "peak_time": 1270,
      "peak_total_refs": 96,
    },
    {
      "day": 2,
      "peak_saber_refs": 24,
      "peak_time": 1775,
      "peak_total_refs": 98,
    },
  ],
  "scheduledCount": 17,
  "stripRecommendation": 190,
  "warnCountsByCause": {
    "DEADLINE_BREACH": 14,
    "RESOURCE_EXHAUSTION": 13,
  },
}
`;

exports[`drift ledger > B5 digest is unchanged 1`] = `
{
  "competitionCount": 12,
  "daySummaryPeaks": [
    116,
    116,
    112,
  ],
  "errorCount": 0,
  "events": {
    "CDT-M-EPEE-IND": {
      "assigned_day": 2,
      "constraint_relaxation_level": 0,
      "de_prelims_start": 1865,
      "de_prelims_strip_count": 16,
      "de_round_of_16_start": 1990,
      "de_round_of_16_strip_count": 4,
      "de_start": null,
      "de_strip_count": 0,
      "de_total_end": 2105,
      "peak_de_ref_demand": 4,
      "pool_end": 1832,
      "pool_start": 1680,
      "pool_strip_count": 18,
    },
    "CDT-M-FOIL-IND": {
      "assigned_day": 0,
      "constraint_relaxation_level": 0,
      "de_prelims_start": 165,
      "de_prelims_strip_count": 16,
      "de_round_of_16_start": 200,
      "de_round_of_16_strip_count": 4,
      "de_start": null,
      "de_strip_count": 0,
      "de_total_end": 345,
      "peak_de_ref_demand": 4,
      "pool_end": 133,
      "pool_start": 0,
      "pool_strip_count": 12,
    },
    "CDT-M-SABRE-IND": {
      "assigned_day": 2,
      "constraint_relaxation_level": 0,
      "de_prelims_start": 1805,
      "de_prelims_strip_count": 16,
      "de_round_of_16_start": 1900,
      "de_round_of_16_strip_count": 4,
      "de_start": null,
      "de_strip_count": 0,
      "de_total_end": 1990,
      "peak_de_ref_demand": 4,
      "pool_end": 1775,
      "pool_start": 1680,
      "pool_strip_count": 15,
    },
    "CDT-W-EPEE-IND": {
      "assigned_day": 0,
      "constraint_relaxation_level": 0,
      "de_prelims_start": 185,
      "de_prelims_strip_count": 16,
      "de_round_of_16_start": 220,
      "de_round_of_16_strip_count": 4,
      "de_start": null,
      "de_strip_count": 0,
      "de_total_end": 365,
      "peak_de_ref_demand": 4,
      "pool_end": 152,
      "pool_start": 0,
      "pool_strip_count": 12,
    },
    "CDT-W-FOIL-IND": {
      "assigned_day": 2,
      "constraint_relaxation_level": 0,
      "de_prelims_start": 1860,
      "de_prelims_strip_count": 16,
      "de_round_of_16_start": 1895,
      "de_round_of_16_strip_count": 4,
      "de_start": null,
      "de_strip_count": 0,
      "de_total_end": 2040,
      "peak_de_ref_demand": 4,
      "pool_end": 1827,
      "pool_start": 1680,
      "pool_strip_count": 10,
    },
    "CDT-W-SABRE-IND": {
      "assigned_day": 2,
      "constraint_relaxation_level": 0,
      "de_prelims_start": 1815,
      "de_prelims_strip_count": 16,
      "de_round_of_16_start": 1910,
      "de_round_of_16_strip_count": 4,
      "de_start": null,
      "de_strip_count": 0,
      "de_total_end": 2000,
      "peak_de_ref_demand": 4,
      "pool_end": 1783,
      "pool_start": 1680,
      "pool_strip_count": 13,
    },
    "JR-M-EPEE-IND": {
      "assigned_day": 0,
      "constraint_relaxation_level": 0,
      "de_prelims_start": 185,
      "de_prelims_strip_count": 16,
      "de_round_of_16_start": 310,
      "de_round_of_16_strip_count": 4,
      "de_start": null,
      "de_strip_count": 0,
      "de_total_end": 425,
      "peak_de_ref_demand": 4,
      "pool_end": 152,
      "pool_start": 0,
      "pool_strip_count": 18,
    },
    "JR-M-FOIL-IND": {
      "assigned_day": 1,
      "constraint_relaxation_level": 0,
      "de_prelims_start": 1005,
      "de_prelims_strip_count": 16,
      "de_round_of_16_start": 1130,
      "de_round_of_16_strip_count": 4,
      "de_start": null,
      "de_strip_count": 0,
      "de_total_end": 1245,
      "peak_de_ref_demand": 4,
      "pool_end": 973,
      "pool_start": 840,
      "pool_strip_count": 18,
    },
    "JR-M-SABRE-IND": {
      "assigned_day": 1,
      "constraint_relaxation_level": 0,
      "de_prelims_start": 965,
      "de_prelims_strip_count": 16,
      "de_round_of_16_start": 1060,
      "de_round_of_16_strip_count": 4,
      "de_start": null,
      "de_strip_count": 0,
      "de_total_end": 1150,
      "peak_de_ref_demand": 4,
      "pool_end": 935,
      "pool_start": 840,
      "pool_strip_count": 18,
    },
    "JR-W-EPEE-IND": {
      "assigned_day": 1,
      "constraint_relaxation_level": 0,
      "de_prelims_start": 1025,
      "de_prelims_strip_count": 16,
      "de_round_of_16_start": 1060,
      "de_round_of_16_strip_count": 4,
      "de_start": null,
      "de_strip_count": 0,
      "de_total_end": 1205,
      "peak_de_ref_demand": 4,
      "pool_end": 992,
      "pool_start": 840,
      "pool_strip_count": 12,
    },
    "JR-W-FOIL-IND": {
      "assigned_day": 1,
      "constraint_relaxation_level": 0,
      "de_prelims_start": 1020,
      "de_prelims_strip_count": 16,
      "de_round_of_16_start": 1055,
      "de_round_of_16_strip_count": 4,
      "de_start": null,
      "de_strip_count": 0,
      "de_total_end": 1200,
      "peak_de_ref_demand": 4,
      "pool_end": 987,
      "pool_start": 840,
      "pool_strip_count": 10,
    },
    "JR-W-SABRE-IND": {
      "assigned_day": 0,
      "constraint_relaxation_level": 0,
      "de_prelims_start": 135,
      "de_prelims_strip_count": 16,
      "de_round_of_16_start": 230,
      "de_round_of_16_strip_count": 4,
      "de_start": null,
      "de_strip_count": 0,
      "de_total_end": 320,
      "peak_de_ref_demand": 4,
      "pool_end": 101,
      "pool_start": 0,
      "pool_strip_count": 16,
    },
  },
  "refRecommendation": {
    "foil_epee": 4,
    "three_weapon": 68,
  },
  "refRequirementsByDay": [
    {
      "day": 0,
      "peak_saber_refs": 32,
      "peak_time": 0,
      "peak_total_refs": 116,
    },
    {
      "day": 1,
      "peak_saber_refs": 36,
      "peak_time": 840,
      "peak_total_refs": 116,
    },
    {
      "day": 2,
      "peak_saber_refs": 56,
      "peak_time": 1680,
      "peak_total_refs": 112,
    },
  ],
  "scheduledCount": 12,
  "stripRecommendation": 73,
  "warnCountsByCause": {
    "RESOURCE_EXHAUSTION": 12,
  },
}
`;

exports[`drift ledger > B6 digest is unchanged 1`] = `
{
  "competitionCount": 54,
  "daySummaryPeaks": [
    170,
    220,
    194,
  ],
  "errorCount": 9,
  "events": {
    "CDT-M-EPEE-IND": {
      "assigned_day": 0,
      "constraint_relaxation_level": 0,
      "de_prelims_start": 290,
      "de_prelims_strip_count": 16,
      "de_round_of_16_start": 545,
      "de_round_of_16_strip_count": 4,
      "de_start": null,
      "de_strip_count": 0,
      "de_total_end": 660,
      "peak_de_ref_demand": 4,
      "pool_end": 162,
      "pool_start": 0,
      "pool_strip_count": 16,
    },
    "CDT-M-FOIL-IND": {
      "assigned_day": 2,
      "constraint_relaxation_level": 0,
      "de_prelims_start": null,
      "de_prelims_strip_count": 0,
      "de_round_of_16_start": 1910,
      "de_round_of_16_strip_count": 4,
      "de_start": null,
      "de_strip_count": 0,
      "de_total_end": 2025,
      "peak_de_ref_demand": 4,
      "pool_end": 1813,
      "pool_start": 1680,
      "pool_strip_count": 6,
    },
    "CDT-M-SABRE-IND": {
      "assigned_day": 0,
      "constraint_relaxation_level": 0,
      "de_prelims_start": 310,
      "de_prelims_strip_count": 16,
      "de_round_of_16_start": 545,
      "de_round_of_16_strip_count": 4,
      "de_start": null,
      "de_strip_count": 0,
      "de_total_end": 635,
      "peak_de_ref_demand": 4,
      "pool_end": 95,
      "pool_start": 0,
      "pool_strip_count": 15,
    },
    "CDT-W-EPEE-IND": {
      "assigned_day": 1,
      "constraint_relaxation_level": 0,
      "de_prelims_start": null,
      "de_prelims_strip_count": 0,
      "de_round_of_16_start": 1160,
      "de_round_of_16_strip_count": 4,
      "de_start": null,
      "de_strip_count": 0,
      "de_total_end": 1275,
      "peak_de_ref_demand": 4,
      "pool_end": 1030,
      "pool_start": 910,
      "pool_strip_count": 5,
    },
    "CDT-W-SABRE-IND": {
      "assigned_day": 1,
      "constraint_relaxation_level": 0,
      "de_prelims_start": 1115,
      "de_prelims_strip_count": 16,
      "de_round_of_16_start": 1160,
      "de_round_of_16_strip_count": 4,
      "de_start": null,
      "de_strip_count": 0,
      "de_total_end": 1275,
      "peak_de_ref_demand": 4,
      "pool_end": 935,
      "pool_start": 840,
      "pool_strip_count": 12,
    },
    "D1A-M-EPEE-IND": {
      "assigned_day": 1,
      "constraint_relaxation_level": 0,
      "de_prelims_start": null,
      "de_prelims_strip_count": 0,
      "de_round_of_16_start": null,
      "de_round_of_16_strip_count": 0,
      "de_start": 1375,
      "de_strip_count": 16,
      "de_total_end": 1521,
      "peak_de_ref_demand": 4,
      "pool_end": 1292,
      "pool_start": 1160,
      "pool_strip_count": 8,
    },
    "D1A-M-FOIL-IND": {
      "assigned_day": 1,
      "constraint_relaxation_level": 0,
      "de_prelims_start": null,
      "de_prelims_strip_count": 0,
      "de_round_of_16_start": null,
      "de_round_of_16_strip_count": 0,
      "de_start": 1120,
      "de_strip_count": 16,
      "de_total_end": 1327,
      "peak_de_ref_demand": 4,
      "pool_end": 973,
      "pool_start": 840,
      "pool_strip_count": 15,
    },
    "D1A-M-SABRE-IND": {
      "assigned_day": 1,
      "constraint_relaxation_level": 0,
      "de_prelims_start": null,
      "de_prelims_strip_count": 0,
      "de_round_of_16_start": null,
      "de_round_of_16_strip_count": 0,
      "de_start": 1480,
      "de_strip_count": 16,
      "de_total_end": 1597,
      "peak_de_ref_demand": 4,
      "pool_end": 1328,
      "pool_start": 1245,
      "pool_strip_count": 8,
    },
    "D1A-W-EPEE-IND": {
      "assigned_day": 0,
      "constraint_relaxation_level": 0,
      "de_prelims_start": null,
      "de_prelims_strip_count": 0,
      "de_round_of_16_start": null,
      "de_round_of_16_strip_count": 0,
      "de_start": 435,
      "de_strip_count": 16,
      "de_total_end": 581,
      "peak_de_ref_demand": 4,
      "pool_end": 362,
      "pool_start": 230,
      "pool_strip_count": 8,
    },
    "D1A-W-SABRE-IND": {
      "assigned_day": 0,
      "constraint_relaxation_level": 0,
      "de_prelims_start": null,
      "de_prelims_strip_count": 0,
      "de_round_of_16_start": null,
      "de_round_of_16_strip_count": 0,
      "de_start": 265,
      "de_strip_count": 8,
      "de_total_end": 334,
      "peak_de_ref_demand": 4,
      "pool_end": 50,
      "pool_start": 0,
      "pool_strip_count": 2,
    },
    "D2-M-EPEE-IND": {
      "assigned_day": 2,
      "constraint_relaxation_level": 0,
      "de_prelims_start": null,
      "de_prelims_strip_count": 0,
      "de_round_of_16_start": null,
      "de_round_of_16_strip_count": 0,
      "de_start": 2255,
      "de_strip_count": 16,
      "de_total_end": 2401,
      "peak_de_ref_demand": 4,
      "pool_end": 2192,
      "pool_start": 2040,
      "pool_strip_count": 9,
    },
    "D2-M-SABRE-IND": {
      "assigned_day": 2,
      "constraint_relaxation_level": 0,
      "de_prelims_start": null,
      "de_prelims_strip_count": 0,
      "de_round_of_16_start": null,
      "de_round_of_16_strip_count": 0,
      "de_start": 2045,
      "de_strip_count": 16,
      "de_total_end": 2162,
      "peak_de_ref_demand": 4,
      "pool_end": 1998,
      "pool_start": 1915,
      "pool_strip_count": 8,
    },
    "D2-W-EPEE-IND": {
      "assigned_day": 2,
      "constraint_relaxation_level": 0,
      "de_prelims_start": null,
      "de_prelims_strip_count": 0,
      "de_round_of_16_start": null,
      "de_round_of_16_strip_count": 0,
      "de_start": 2315,
      "de_strip_count": 16,
      "de_total_end": 2461,
      "peak_de_ref_demand": 4,
      "pool_end": 2252,
      "pool_start": 2100,
      "pool_strip_count": 9,
    },
    "D2-W-FOIL-IND": {
      "assigned_day": 1,
      "constraint_relaxation_level": 0,
      "de_prelims_start": null,
      "de_prelims_strip_count": 0,
      "de_round_of_16_start": null,
      "de_round_of_16_strip_count": 0,
      "de_start": 1290,
      "de_strip_count": 16,
      "de_total_end": 1404,
      "peak_de_ref_demand": 4,
      "pool_end": 1128,
      "pool_start": 995,
      "pool_strip_count": 3,
    },
    "D2-W-SABRE-IND": {
      "assigned_day": 2,
      "constraint_relaxation_level": 0,
      "de_prelims_start": null,
      "de_prelims_strip_count": 0,
      "de_round_of_16_start": null,
      "de_round_of_16_strip_count": 0,
      "de_start": 1985,
      "de_strip_count": 16,
      "de_total_end": 2071,
      "peak_de_ref_demand": 4,
      "pool_end": 1915,
      "pool_start": 1840,
      "pool_strip_count": 5,
    },
    "JR-M-SABRE-IND": {
      "assigned_day": 2,
      "constraint_relaxation_level": 0,
      "de_prelims_start": 1835,
      "de_prelims_strip_count": 16,
      "de_round_of_16_start": 1945,
      "de_round_of_16_strip_count": 4,
      "de_start": null,
      "de_strip_count": 0,
      "de_total_end": 2035,
      "peak_de_ref_demand": 4,
      "pool_end": 1775,
      "pool_start": 1680,
      "pool_strip_count": 18,
    },
    "JR-W-FOIL-IND": {
      "assigned_day": 2,
      "constraint_relaxation_level": 0,
      "de_prelims_start": null,
      "de_prelims_strip_count": 0,
      "de_round_of_16_start": 2130,
      "de_round_of_16_strip_count": 4,
      "de_start": null,
      "de_strip_count": 0,
      "de_total_end": 2245,
      "peak_de_ref_demand": 4,
      "pool_end": 2100,
      "pool_start": 1995,
      "pool_strip_count": 5,
    },
    "VET-M-EPEE-IND-VCMB": {
      "assigned_day": 0,
      "constraint_relaxation_level": 0,
      "de_prelims_start": null,
      "de_prelims_strip_count": 0,
      "de_round_of_16_start": null,
      "de_round_of_16_strip_count": 0,
      "de_start": 385,
      "de_strip_count": 16,
      "de_total_end": 531,
      "peak_de_ref_demand": 4,
      "pool_end": 227,
      "pool_start": 75,
      "pool_strip_count": 6,
    },
    "VET-M-FOIL-IND-VCMB": {
      "assigned_day": 2,
      "constraint_relaxation_level": 0,
      "de_prelims_start": null,
      "de_prelims_strip_count": 0,
      "de_round_of_16_start": null,
      "de_round_of_16_strip_count": 0,
      "de_start": 2410,
      "de_strip_count": 16,
      "de_total_end": 2524,
      "peak_de_ref_demand": 4,
      "pool_end": 1913,
      "pool_start": 1780,
      "pool_strip_count": 3,
    },
    "VET-M-SABRE-IND-VCMB": {
      "assigned_day": 0,
      "constraint_relaxation_level": 0,
      "de_prelims_start": null,
      "de_prelims_strip_count": 0,
      "de_round_of_16_start": null,
      "de_round_of_16_strip_count": 0,
      "de_start": 505,
      "de_strip_count": 16,
      "de_total_end": 591,
      "peak_de_ref_demand": 4,
      "pool_end": 190,
      "pool_start": 95,
      "pool_strip_count": 3,
    },
    "VET-W-EPEE-IND-VCMB": {
      "assigned_day": 1,
      "constraint_relaxation_level": 0,
      "de_prelims_start": null,
      "de_prelims_strip_count": 0,
      "de_round_of_16_start": null,
      "de_round_of_16_strip_count": 0,
      "de_start": 1590,
      "de_strip_count": 16,
      "de_total_end": 1704,
      "peak_de_ref_demand": 4,
      "pool_end": 1157,
      "pool_start": 1005,
      "pool_strip_count": 3,
    },
    "VET-W-FOIL-IND-VCMB": {
      "assigned_day": 1,
      "constraint_relaxation_level": 0,
      "de_prelims_start": null,
      "de_prelims_strip_count": 0,
      "de_round_of_16_start": null,
      "de_round_of_16_strip_count": 0,
      "de_start": 1430,
      "de_strip_count": 8,
      "de_total_end": 1513,
      "peak_de_ref_demand": 4,
      "pool_end": 1005,
      "pool_start": 935,
      "pool_strip_count": 2,
    },
    "VET-W-SABRE-IND-VCMB": {
      "assigned_day": 2,
      "constraint_relaxation_level": 0,
      "de_prelims_start": null,
      "de_prelims_strip_count": 0,
      "de_round_of_16_start": null,
      "de_round_of_16_strip_count": 0,
      "de_start": 2000,
      "de_strip_count": 8,
      "de_total_end": 2069,
      "peak_de_ref_demand": 4,
      "pool_end": 1780,
      "pool_start": 1730,
      "pool_strip_count": 2,
    },
    "Y10-M-EPEE-IND": {
      "assigned_day": 1,
      "constraint_relaxation_level": 0,
      "de_prelims_start": null,
      "de_prelims_strip_count": 0,
      "de_round_of_16_start": null,
      "de_round_of_16_strip_count": 0,
      "de_start": 1030,
      "de_strip_count": 16,
      "de_total_end": 1144,
      "peak_de_ref_demand": 4,
      "pool_end": 992,
      "pool_start": 840,
      "pool_strip_count": 3,
    },
    "Y10-M-FOIL-IND": {
      "assigned_day": 2,
      "constraint_relaxation_level": 0,
      "de_prelims_start": null,
      "de_prelims_strip_count": 0,
      "de_round_of_16_start": null,
      "de_round_of_16_strip_count": 0,
      "de_start": 1900,
      "de_strip_count": 16,
      "de_total_end": 2014,
      "peak_de_ref_demand": 4,
      "pool_end": 1813,
      "pool_start": 1680,
      "pool_strip_count": 3,
    },
    "Y10-M-SABRE-IND": {
      "assigned_day": 0,
      "constraint_relaxation_level": 0,
      "de_prelims_start": null,
      "de_prelims_strip_count": 0,
      "de_round_of_16_start": null,
      "de_round_of_16_strip_count": 0,
      "de_start": 165,
      "de_strip_count": 16,
      "de_total_end": 251,
      "peak_de_ref_demand": 4,
      "pool_end": 75,
      "pool_start": 0,
      "pool_strip_count": 5,
    },
    "Y10-W-EPEE-IND": {
      "assigned_day": 0,
      "constraint_relaxation_level": 0,
      "de_prelims_start": null,
      "de_prelims_strip_count": 0,
      "de_round_of_16_start": null,
      "de_round_of_16_strip_count": 0,
      "de_start": 225,
      "de_strip_count": 16,
      "de_total_end": 339,
      "peak_de_ref_demand": 4,
      "pool_end": 152,
      "pool_start": 0,
      "pool_strip_count": 3,
    },
    "Y10-W-FOIL-IND": {
      "assigned_day": 1,
      "constraint_relaxation_level": 0,
      "de_prelims_start": null,
      "de_prelims_strip_count": 0,
      "de_round_of_16_start": null,
      "de_round_of_16_strip_count": 0,
      "de_start": 1085,
      "de_strip_count": 16,
      "de_total_end": 1199,
      "peak_de_ref_demand": 4,
      "pool_end": 973,
      "pool_start": 840,
      "pool_strip_count": 3,
    },
    "Y10-W-SABRE-IND": {
      "assigned_day": 0,
      "constraint_relaxation_level": 0,
      "de_prelims_start": null,
      "de_prelims_strip_count": 0,
      "de_round_of_16_start": null,
      "de_round_of_16_strip_count": 0,
      "de_start": 230,
      "de_strip_count": 16,
      "de_total_end": 316,
      "peak_de_ref_demand": 4,
      "pool_end": 95,
      "pool_start": 0,
      "pool_strip_count": 3,
    },
    "Y12-M-EPEE-IND": {
      "assigned_day": 2,
      "constraint_relaxation_level": 0,
      "de_prelims_start": null,
      "de_prelims_strip_count": 0,
      "de_round_of_16_start": null,
      "de_round_of_16_strip_count": 0,
      "de_start": 2135,
      "de_strip_count": 16,
      "de_total_end": 2342,
      "peak_de_ref_demand": 4,
      "pool_end": 1943,
      "pool_start": 1775,
      "pool_strip_count": 10,
    },
    "Y12-M-FOIL-IND": {
      "assigned_day": 1,
      "constraint_relaxation_level": 0,
      "de_prelims_start": null,
      "de_prelims_strip_count": 0,
      "de_round_of_16_start": null,
      "de_round_of_16_strip_count": 0,
      "de_start": 1300,
      "de_strip_count": 16,
      "de_total_end": 1507,
      "peak_de_ref_demand": 4,
      "pool_end": 1082,
      "pool_start": 935,
      "pool_strip_count": 10,
    },
    "Y12-M-SABRE-IND": {
      "assigned_day": 2,
      "constraint_relaxation_level": 0,
      "de_prelims_start": null,
      "de_prelims_strip_count": 0,
      "de_round_of_16_start": null,
      "de_round_of_16_strip_count": 0,
      "de_start": 2195,
      "de_strip_count": 16,
      "de_total_end": 2343,
      "peak_de_ref_demand": 4,
      "pool_end": 2015,
      "pool_start": 1910,
      "pool_strip_count": 10,
    },
    "Y12-W-FOIL-IND": {
      "assigned_day": 2,
      "constraint_relaxation_level": 0,
      "de_prelims_start": null,
      "de_prelims_strip_count": 0,
      "de_round_of_16_start": null,
      "de_round_of_16_strip_count": 0,
      "de_start": 2315,
      "de_strip_count": 16,
      "de_total_end": 2429,
      "peak_de_ref_demand": 4,
      "pool_end": 2050,
      "pool_start": 1945,
      "pool_strip_count": 5,
    },
    "Y12-W-SABRE-IND": {
      "assigned_day": 1,
      "constraint_relaxation_level": 0,
      "de_prelims_start": null,
      "de_prelims_strip_count": 0,
      "de_round_of_16_start": null,
      "de_round_of_16_strip_count": 0,
      "de_start": 1570,
      "de_strip_count": 16,
      "de_total_end": 1687,
      "peak_de_ref_demand": 4,
      "pool_end": 1498,
      "pool_start": 1415,
      "pool_strip_count": 8,
    },
    "Y14-M-EPEE-IND": {
      "assigned_day": 1,
      "constraint_relaxation_level": 0,
      "de_prelims_start": null,
      "de_prelims_strip_count": 0,
      "de_round_of_16_start": null,
      "de_round_of_16_strip_count": 0,
      "de_start": 1495,
      "de_strip_count": 16,
      "de_total_end": 1641,
      "peak_de_ref_demand": 4,
      "pool_end": 1427,
      "pool_start": 1295,
      "pool_strip_count": 8,
    },
    "Y14-M-FOIL-IND": {
      "assigned_day": 0,
      "constraint_relaxation_level": 0,
      "de_prelims_start": null,
      "de_prelims_strip_count": 0,
      "de_round_of_16_start": null,
      "de_round_of_16_strip_count": 0,
      "de_start": 365,
      "de_strip_count": 16,
      "de_total_end": 572,
      "peak_de_ref_demand": 4,
      "pool_end": 228,
      "pool_start": 95,
      "pool_strip_count": 15,
    },
    "Y14-M-SABRE-IND": {
      "assigned_day": 1,
      "constraint_relaxation_level": 0,
      "de_prelims_start": null,
      "de_prelims_strip_count": 0,
      "de_round_of_16_start": null,
      "de_round_of_16_strip_count": 0,
      "de_start": 1500,
      "de_strip_count": 16,
      "de_total_end": 1617,
      "peak_de_ref_demand": 4,
      "pool_end": 1413,
      "pool_start": 1330,
      "pool_strip_count": 8,
    },
    "Y14-W-FOIL-IND": {
      "assigned_day": 1,
      "constraint_relaxation_level": 0,
      "de_prelims_start": null,
      "de_prelims_strip_count": 0,
      "de_round_of_16_start": null,
      "de_round_of_16_strip_count": 0,
      "de_start": 1170,
      "de_strip_count": 16,
      "de_total_end": 1316,
      "peak_de_ref_demand": 4,
      "pool_end": 987,
      "pool_start": 840,
      "pool_strip_count": 10,
    },
    "Y14-W-SABRE-IND": {
      "assigned_day": 0,
      "constraint_relaxation_level": 0,
      "de_prelims_start": null,
      "de_prelims_strip_count": 0,
      "de_round_of_16_start": null,
      "de_round_of_16_strip_count": 0,
      "de_start": 375,
      "de_strip_count": 16,
      "de_total_end": 461,
      "peak_de_ref_demand": 4,
      "pool_end": 155,
      "pool_start": 80,
      "pool_strip_count": 5,
    },
    "Y8-M-EPEE-IND": {
      "assigned_day": 0,
      "constraint_relaxation_level": 0,
      "de_prelims_start": null,
      "de_prelims_strip_count": 0,
      "de_round_of_16_start": null,
      "de_round_of_16_strip_count": 0,
      "de_start": 155,
      "de_strip_count": 8,
      "de_total_end": 238,
      "peak_de_ref_demand": 4,
      "pool_end": 80,
      "pool_start": 0,
      "pool_strip_count": 2,
    },
    "Y8-M-FOIL-IND": {
      "assigned_day": 1,
      "constraint_relaxation_level": 0,
      "de_prelims_start": null,
      "de_prelims_strip_count": 0,
      "de_round_of_16_start": null,
      "de_round_of_16_strip_count": 0,
      "de_start": 975,
      "de_strip_count": 8,
      "de_total_end": 1058,
      "peak_de_ref_demand": 4,
      "pool_end": 910,
      "pool_start": 840,
      "pool_strip_count": 2,
    },
    "Y8-M-SABRE-IND": {
      "assigned_day": 2,
      "constraint_relaxation_level": 0,
      "de_prelims_start": null,
      "de_prelims_strip_count": 0,
      "de_round_of_16_start": null,
      "de_round_of_16_strip_count": 0,
      "de_start": 1775,
      "de_strip_count": 8,
      "de_total_end": 1844,
      "peak_de_ref_demand": 4,
      "pool_end": 1730,
      "pool_start": 1680,
      "pool_strip_count": 2,
    },
    "Y8-W-EPEE-IND": {
      "assigned_day": 0,
      "constraint_relaxation_level": 0,
      "de_prelims_start": null,
      "de_prelims_strip_count": 0,
      "de_round_of_16_start": null,
      "de_round_of_16_strip_count": 0,
      "de_start": 210,
      "de_strip_count": 8,
      "de_total_end": 293,
      "peak_de_ref_demand": 4,
      "pool_end": 80,
      "pool_start": 0,
      "pool_strip_count": 2,
    },
    "Y8-W-FOIL-IND": {
      "assigned_day": 1,
      "constraint_relaxation_level": 0,
      "de_prelims_start": null,
      "de_prelims_strip_count": 0,
      "de_round_of_16_start": null,
      "de_round_of_16_strip_count": 0,
      "de_start": 975,
      "de_strip_count": 8,
      "de_total_end": 1058,
      "peak_de_ref_demand": 4,
      "pool_end": 910,
      "pool_start": 840,
      "pool_strip_count": 2,
    },
    "Y8-W-SABRE-IND": {
      "assigned_day": 2,
      "constraint_relaxation_level": 0,
      "de_prelims_start": null,
      "de_prelims_strip_count": 0,
      "de_round_of_16_start": null,
      "de_round_of_16_strip_count": 0,
      "de_start": 1815,
      "de_strip_count": 4,
      "de_total_end": 1868,
      "peak_de_ref_demand": 4,
      "pool_end": 1755,
      "pool_start": 1680,
      "pool_strip_count": 1,
    },
  },
  "refRecommendation": {
    "foil_epee": 2,
    "three_weapon": 66,
  },
  "refRequirementsByDay": [
    {
      "day": 0,
      "peak_saber_refs": 52,
      "peak_time": 95,
      "peak_total_refs": 132,
    },
    {
      "day": 1,
      "peak_saber_refs": 32,
      "peak_time": 935,
      "peak_total_refs": 120,
    },
    {
      "day": 2,
      "peak_saber_refs": 56,
      "peak_time": 1775,
      "peak_total_refs": 86,
    },
  ],
  "scheduledCount": 45,
  "stripRecommendation": 165,
  "warnCountsByCause": {
    "DEADLINE_BREACH": 9,
    "RESOURCE_EXHAUSTION": 18,
  },
}
`;

exports[`drift ledger > B7 digest is unchanged 1`] = `
{
  "competitionCount": 18,
  "daySummaryPeaks": [
    338,
    290,
    280,
    310,
  ],
  "errorCount": 0,
  "events": {
    "CDT-M-EPEE-IND": {
      "assigned_day": 3,
      "constraint_relaxation_level": 0,
      "de_prelims_start": 2855,
      "de_prelims_strip_count": 16,
      "de_round_of_16_start": 3070,
      "de_round_of_16_strip_count": 4,
      "de_start": null,
      "de_strip_count": 0,
      "de_total_end": 3160,
      "peak_de_ref_demand": 4,
      "pool_end": 2687,
      "pool_start": 2520,
      "pool_strip_count": 33,
    },
    "CDT-M-FOIL-IND": {
      "assigned_day": 0,
      "constraint_relaxation_level": 0,
      "de_prelims_start": 170,
      "de_prelims_strip_count": 16,
      "de_round_of_16_start": 385,
      "de_round_of_16_strip_count": 4,
      "de_start": null,
      "de_strip_count": 0,
      "de_total_end": 475,
      "peak_de_ref_demand": 4,
      "pool_end": 138,
      "pool_start": 0,
      "pool_strip_count": 28,
    },
    "CDT-M-SABRE-IND": {
      "assigned_day": 2,
      "constraint_relaxation_level": 0,
      "de_prelims_start": 1850,
      "de_prelims_strip_count": 16,
      "de_round_of_16_start": 2015,
      "de_round_of_16_strip_count": 4,
      "de_start": null,
      "de_strip_count": 0,
      "de_total_end": 2075,
      "peak_de_ref_demand": 4,
      "pool_end": 1781,
      "pool_start": 1680,
      "pool_strip_count": 32,
    },
    "CDT-W-EPEE-IND": {
      "assigned_day": 3,
      "constraint_relaxation_level": 0,
      "de_prelims_start": 2885,
      "de_prelims_strip_count": 16,
      "de_round_of_16_start": 3100,
      "de_round_of_16_strip_count": 4,
      "de_start": null,
      "de_strip_count": 0,
      "de_total_end": 3190,
      "peak_de_ref_demand": 4,
      "pool_end": 2854,
      "pool_start": 2690,
      "pool_strip_count": 26,
    },
    "CDT-W-FOIL-IND": {
      "assigned_day": 0,
      "constraint_relaxation_level": 0,
      "de_prelims_start": 355,
      "de_prelims_strip_count": 16,
      "de_round_of_16_start": 570,
      "de_round_of_16_strip_count": 4,
      "de_start": null,
      "de_strip_count": 0,
      "de_total_end": 660,
      "peak_de_ref_demand": 4,
      "pool_end": 279,
      "pool_start": 140,
      "pool_strip_count": 25,
    },
    "CDT-W-SABRE-IND": {
      "assigned_day": 1,
      "constraint_relaxation_level": 0,
      "de_prelims_start": 1125,
      "de_prelims_strip_count": 16,
      "de_round_of_16_start": 1250,
      "de_round_of_16_strip_count": 4,
      "de_start": null,
      "de_strip_count": 0,
      "de_total_end": 1310,
      "peak_de_ref_demand": 4,
      "pool_end": 1093,
      "pool_start": 990,
      "pool_strip_count": 26,
    },
    "D1-M-EPEE-IND": {
      "assigned_day": 2,
      "constraint_relaxation_level": 0,
      "de_prelims_start": 1890,
      "de_prelims_strip_count": 16,
      "de_round_of_16_start": 2105,
      "de_round_of_16_strip_count": 4,
      "de_start": null,
      "de_strip_count": 0,
      "de_total_end": 2195,
      "peak_de_ref_demand": 4,
      "pool_end": 1846,
      "pool_start": 1680,
      "pool_strip_count": 46,
    },
    "D1-M-FOIL-IND": {
      "assigned_day": 3,
      "constraint_relaxation_level": 0,
      "de_prelims_start": 2690,
      "de_prelims_strip_count": 16,
      "de_round_of_16_start": 2905,
      "de_round_of_16_strip_count": 4,
      "de_start": null,
      "de_strip_count": 0,
      "de_total_end": 2995,
      "peak_de_ref_demand": 4,
      "pool_end": 2660,
      "pool_start": 2520,
      "pool_strip_count": 38,
    },
    "D1-M-SABRE-IND": {
      "assigned_day": 3,
      "constraint_relaxation_level": 0,
      "de_prelims_start": 2855,
      "de_prelims_strip_count": 16,
      "de_round_of_16_start": 2980,
      "de_round_of_16_strip_count": 4,
      "de_start": null,
      "de_strip_count": 0,
      "de_total_end": 3040,
      "peak_de_ref_demand": 4,
      "pool_end": 2761,
      "pool_start": 2660,
      "pool_strip_count": 32,
    },
    "D1-W-EPEE-IND": {
      "assigned_day": 2,
      "constraint_relaxation_level": 0,
      "de_prelims_start": 2050,
      "de_prelims_strip_count": 16,
      "de_round_of_16_start": 2265,
      "de_round_of_16_strip_count": 4,
      "de_start": null,
      "de_strip_count": 0,
      "de_total_end": 2355,
      "peak_de_ref_demand": 4,
      "pool_end": 2018,
      "pool_start": 1850,
      "pool_strip_count": 30,
    },
    "D1-W-FOIL-IND": {
      "assigned_day": 3,
      "constraint_relaxation_level": 0,
      "de_prelims_start": 2940,
      "de_prelims_strip_count": 16,
      "de_round_of_16_start": 3155,
      "de_round_of_16_strip_count": 4,
      "de_start": null,
      "de_strip_count": 0,
      "de_total_end": 3245,
      "peak_de_ref_demand": 4,
      "pool_end": 2909,
      "pool_start": 2765,
      "pool_strip_count": 26,
    },
    "D1-W-SABRE-IND": {
      "assigned_day": 2,
      "constraint_relaxation_level": 0,
      "de_prelims_start": 1920,
      "de_prelims_strip_count": 16,
      "de_round_of_16_start": 2045,
      "de_round_of_16_strip_count": 4,
      "de_start": null,
      "de_strip_count": 0,
      "de_total_end": 2105,
      "peak_de_ref_demand": 4,
      "pool_end": 1886,
      "pool_start": 1785,
      "pool_strip_count": 32,
    },
    "JR-M-EPEE-IND": {
      "assigned_day": 0,
      "constraint_relaxation_level": 0,
      "de_prelims_start": 280,
      "de_prelims_strip_count": 16,
      "de_round_of_16_start": 495,
      "de_round_of_16_strip_count": 4,
      "de_start": null,
      "de_strip_count": 0,
      "de_total_end": 585,
      "peak_de_ref_demand": 4,
      "pool_end": 166,
      "pool_start": 0,
      "pool_strip_count": 46,
    },
    "JR-M-FOIL-IND": {
      "assigned_day": 1,
      "constraint_relaxation_level": 0,
      "de_prelims_start": 1095,
      "de_prelims_strip_count": 16,
      "de_round_of_16_start": 1310,
      "de_round_of_16_strip_count": 4,
      "de_start": null,
      "de_strip_count": 0,
      "de_total_end": 1400,
      "peak_de_ref_demand": 4,
      "pool_end": 986,
      "pool_start": 840,
      "pool_strip_count": 43,
    },
    "JR-M-SABRE-IND": {
      "assigned_day": 1,
      "constraint_relaxation_level": 0,
      "de_prelims_start": 1125,
      "de_prelims_strip_count": 16,
      "de_round_of_16_start": 1250,
      "de_round_of_16_strip_count": 4,
      "de_start": null,
      "de_strip_count": 0,
      "de_total_end": 1310,
      "peak_de_ref_demand": 4,
      "pool_end": 1094,
      "pool_start": 990,
      "pool_strip_count": 43,
    },
    "JR-W-EPEE-IND": {
      "assigned_day": 0,
      "constraint_relaxation_level": 0,
      "de_prelims_start": 440,
      "de_prelims_strip_count": 16,
      "de_round_of_16_start": 655,
      "de_round_of_16_strip_count": 4,
      "de_start": null,
      "de_strip_count": 0,
      "de_total_end": 745,
      "peak_de_ref_demand": 4,
      "pool_end": 331,
      "pool_start": 170,
      "pool_strip_count": 35,
    },
    "JR-W-FOIL-IND": {
      "assigned_day": 1,
      "constraint_relaxation_level": 0,
      "de_prelims_start": 1095,
      "de_prelims_strip_count": 16,
      "de_round_of_16_start": 1310,
      "de_round_of_16_strip_count": 4,
      "de_start": null,
      "de_strip_count": 0,
      "de_total_end": 1400,
      "peak_de_ref_demand": 4,
      "pool_end": 986,
      "pool_start": 840,
      "pool_strip_count": 33,
    },
    "JR-W-SABRE-IND": {
      "assigned_day": 0,
      "constraint_relaxation_level": 0,
      "de_prelims_start": 470,
      "de_prelims_strip_count": 16,
      "de_round_of_16_start": 595,
      "de_round_of_16_strip_count": 4,
      "de_start": null,
      "de_strip_count": 0,
      "de_total_end": 655,
      "peak_de_ref_demand": 4,
      "pool_end": 436,
      "pool_start": 335,
      "pool_strip_count": 35,
    },
  },
  "refRecommendation": {
    "foil_epee": 28,
    "three_weapon": 156,
  },
  "refRequirementsByDay": [
    {
      "day": 0,
      "peak_saber_refs": 70,
      "peak_time": 0,
      "peak_total_refs": 148,
    },
    {
      "day": 1,
      "peak_saber_refs": 138,
      "peak_time": 840,
      "peak_total_refs": 152,
    },
    {
      "day": 2,
      "peak_saber_refs": 80,
      "peak_time": 1680,
      "peak_total_refs": 156,
    },
    {
      "day": 3,
      "peak_saber_refs": 64,
      "peak_time": 2660,
      "peak_total_refs": 206,
    },
  ],
  "scheduledCount": 18,
  "stripRecommendation": 207,
  "warnCountsByCause": {
    "SCHEDULE_ACCEPTED_WITH_WARNINGS": 2,
  },
}
`;

exports[`drift ledger > B8 digest is unchanged 1`] = `
{
  "competitionCount": 53,
  "daySummaryPeaks": [
    316,
    174,
    256,
    148,
  ],
  "errorCount": 1,
  "events": {
    "D1-M-EPEE-IND": {
      "assigned_day": 2,
      "constraint_relaxation_level": 0,
      "de_prelims_start": 1885,
      "de_prelims_strip_count": 16,
      "de_round_of_16_start": 2205,
      "de_round_of_16_strip_count": 4,
      "de_start": null,
      "de_strip_count": 0,
      "de_total_end": 2295,
      "peak_de_ref_demand": 4,
      "pool_end": 1839,
      "pool_start": 1680,
      "pool_strip_count": 32,
    },
    "D1-M-EPEE-TEAM": {
      "assigned_day": 3,
      "constraint_relaxation_level": 0,
      "de_prelims_start": null,
      "de_prelims_strip_count": 0,
      "de_round_of_16_start": null,
      "de_round_of_16_strip_count": 0,
      "de_start": 2835,
      "de_strip_count": 8,
      "de_total_end": 2948,
      "peak_de_ref_demand": 4,
      "pool_end": 2688,
      "pool_start": 2520,
      "pool_strip_count": 2,
    },
    "D1-M-FOIL-IND": {
      "assigned_day": 1,
      "constraint_relaxation_level": 0,
      "de_prelims_start": 1015,
      "de_prelims_strip_count": 16,
      "de_round_of_16_start": 1140,
      "de_round_of_16_strip_count": 4,
      "de_start": null,
      "de_strip_count": 0,
      "de_total_end": 1255,
      "peak_de_ref_demand": 4,
      "pool_end": 981,
      "pool_start": 840,
      "pool_strip_count": 20,
    },
    "D1-M-FOIL-TEAM": {
      "assigned_day": 2,
      "constraint_relaxation_level": 0,
      "de_prelims_start": null,
      "de_prelims_strip_count": 0,
      "de_round_of_16_start": null,
      "de_round_of_16_strip_count": 0,
      "de_start": 1960,
      "de_strip_count": 2,
      "de_total_end": 2035,
      "peak_de_ref_demand": 4,
      "pool_end": 1927,
      "pool_start": 1885,
      "pool_strip_count": 1,
    },
    "D1-M-SABRE-IND": {
      "assigned_day": 0,
      "constraint_relaxation_level": 0,
      "de_prelims_start": 450,
      "de_prelims_strip_count": 16,
      "de_round_of_16_start": 545,
      "de_round_of_16_strip_count": 4,
      "de_start": null,
      "de_strip_count": 0,
      "de_total_end": 635,
      "peak_de_ref_demand": 4,
      "pool_end": 354,
      "pool_start": 250,
      "pool_strip_count": 20,
    },
    "D1-M-SABRE-TEAM": {
      "assigned_day": 1,
      "constraint_relaxation_level": 0,
      "de_prelims_start": null,
      "de_prelims_strip_count": 0,
      "de_round_of_16_start": null,
      "de_round_of_16_strip_count": 0,
      "de_start": 1040,
      "de_strip_count": 4,
      "de_total_end": 1123,
      "peak_de_ref_demand": 4,
      "pool_end": 1010,
      "pool_start": 905,
      "pool_strip_count": 1,
    },
    "D1-W-EPEE-IND": {
      "assigned_day": 3,
      "constraint_relaxation_level": 0,
      "de_prelims_start": 2740,
      "de_prelims_strip_count": 16,
      "de_round_of_16_start": 2865,
      "de_round_of_16_strip_count": 4,
      "de_start": null,
      "de_strip_count": 0,
      "de_total_end": 2980,
      "peak_de_ref_demand": 4,
      "pool_end": 2681,
      "pool_start": 2520,
      "pool_strip_count": 22,
    },
    "D1-W-EPEE-TEAM": {
      "assigned_day": 1,
      "constraint_relaxation_level": 0,
      "de_prelims_start": null,
      "de_prelims_strip_count": 0,
      "de_round_of_16_start": null,
      "de_round_of_16_strip_count": 0,
      "de_start": 1215,
      "de_strip_count": 8,
      "de_total_end": 1328,
      "peak_de_ref_demand": 4,
      "pool_end": 1085,
      "pool_start": 985,
      "pool_strip_count": 2,
    },
    "D1-W-FOIL-IND": {
      "assigned_day": 3,
      "constraint_relaxation_level": 0,
      "de_prelims_start": 2745,
      "de_prelims_strip_count": 16,
      "de_round_of_16_start": 2870,
      "de_round_of_16_strip_count": 4,
      "de_start": null,
      "de_strip_count": 0,
      "de_total_end": 2985,
      "peak_de_ref_demand": 4,
      "pool_end": 2661,
      "pool_start": 2520,
      "pool_strip_count": 15,
    },
    "D1-W-SABRE-IND": {
      "assigned_day": 2,
      "constraint_relaxation_level": 0,
      "de_prelims_start": 1935,
      "de_prelims_strip_count": 16,
      "de_round_of_16_start": 2205,
      "de_round_of_16_strip_count": 4,
      "de_start": null,
      "de_strip_count": 0,
      "de_total_end": 2295,
      "peak_de_ref_demand": 4,
      "pool_end": 1885,
      "pool_start": 1785,
      "pool_strip_count": 23,
    },
    "D1-W-SABRE-TEAM": {
      "assigned_day": 3,
      "constraint_relaxation_level": 0,
      "de_prelims_start": null,
      "de_prelims_strip_count": 0,
      "de_round_of_16_start": null,
      "de_round_of_16_strip_count": 0,
      "de_start": 2720,
      "de_strip_count": 4,
      "de_total_end": 2803,
      "peak_de_ref_demand": 4,
      "pool_end": 2690,
      "pool_start": 2585,
      "pool_strip_count": 1,
    },
    "JR-M-EPEE-IND": {
      "assigned_day": 0,
      "constraint_relaxation_level": 0,
      "de_prelims_start": 265,
      "de_prelims_strip_count": 16,
      "de_round_of_16_start": 480,
      "de_round_of_16_strip_count": 4,
      "de_start": null,
      "de_strip_count": 0,
      "de_total_end": 570,
      "peak_de_ref_demand": 4,
      "pool_end": 168,
      "pool_start": 0,
      "pool_strip_count": 38,
    },
    "JR-M-FOIL-IND": {
      "assigned_day": 0,
      "constraint_relaxation_level": 0,
      "de_prelims_start": 355,
      "de_prelims_strip_count": 16,
      "de_round_of_16_start": 595,
      "de_round_of_16_strip_count": 4,
      "de_start": null,
      "de_strip_count": 0,
      "de_total_end": 685,
      "peak_de_ref_demand": 4,
      "pool_end": 246,
      "pool_start": 105,
      "pool_strip_count": 26,
    },
    "JR-M-SABRE-IND": {
      "assigned_day": 2,
      "constraint_relaxation_level": 0,
      "de_prelims_start": 1840,
      "de_prelims_strip_count": 16,
      "de_round_of_16_start": 1965,
      "de_round_of_16_strip_count": 4,
      "de_start": null,
      "de_strip_count": 0,
      "de_total_end": 2025,
      "peak_de_ref_demand": 4,
      "pool_end": 1785,
      "pool_start": 1680,
      "pool_strip_count": 27,
    },
    "JR-W-FOIL-IND": {
      "assigned_day": 1,
      "constraint_relaxation_level": 0,
      "de_prelims_start": 1185,
      "de_prelims_strip_count": 16,
      "de_round_of_16_start": 1310,
      "de_round_of_16_strip_count": 4,
      "de_start": null,
      "de_strip_count": 0,
      "de_total_end": 1425,
      "peak_de_ref_demand": 4,
      "pool_end": 987,
      "pool_start": 840,
      "pool_strip_count": 18,
    },
    "JR-W-SABRE-IND": {
      "assigned_day": 0,
      "constraint_relaxation_level": 0,
      "de_prelims_start": 170,
      "de_prelims_strip_count": 16,
      "de_round_of_16_start": 365,
      "de_round_of_16_strip_count": 4,
      "de_start": null,
      "de_strip_count": 0,
      "de_total_end": 425,
      "peak_de_ref_demand": 4,
      "pool_end": 101,
      "pool_start": 0,
      "pool_strip_count": 28,
    },
    "VET-M-EPEE-IND-V40": {
      "assigned_day": 1,
      "constraint_relaxation_level": 0,
      "de_prelims_start": null,
      "de_prelims_strip_count": 0,
      "de_round_of_16_start": null,
      "de_round_of_16_strip_count": 0,
      "de_start": 1045,
      "de_strip_count": 16,
      "de_total_end": 1191,
      "peak_de_ref_demand": 4,
      "pool_end": 1008,
      "pool_start": 840,
      "pool_strip_count": 6,
    },
    "VET-M-EPEE-IND-V50": {
      "assigned_day": 1,
      "constraint_relaxation_level": 0,
      "de_prelims_start": null,
      "de_prelims_strip_count": 0,
      "de_round_of_16_start": null,
      "de_round_of_16_strip_count": 0,
      "de_start": 1065,
      "de_strip_count": 16,
      "de_total_end": 1211,
      "peak_de_ref_demand": 4,
      "pool_end": 996,
      "pool_start": 840,
      "pool_strip_count": 8,
    },
    "VET-M-EPEE-IND-V60": {
      "assigned_day": 1,
      "constraint_relaxation_level": 0,
      "de_prelims_start": null,
      "de_prelims_strip_count": 0,
      "de_round_of_16_start": null,
      "de_round_of_16_strip_count": 0,
      "de_start": 1095,
      "de_strip_count": 16,
      "de_total_end": 1241,
      "peak_de_ref_demand": 4,
      "pool_end": 981,
      "pool_start": 840,
      "pool_strip_count": 7,
    },
    "VET-M-EPEE-IND-V70": {
      "assigned_day": 1,
      "constraint_relaxation_level": 0,
      "de_prelims_start": null,
      "de_prelims_strip_count": 0,
      "de_round_of_16_start": null,
      "de_round_of_16_strip_count": 0,
      "de_start": 1110,
      "de_strip_count": 16,
      "de_total_end": 1256,
      "peak_de_ref_demand": 4,
      "pool_end": 1008,
      "pool_start": 840,
      "pool_strip_count": 5,
    },
    "VET-M-EPEE-IND-V80": {
      "assigned_day": 1,
      "constraint_relaxation_level": 0,
      "de_prelims_start": null,
      "de_prelims_strip_count": 0,
      "de_round_of_16_start": null,
      "de_round_of_16_strip_count": 0,
      "de_start": 1215,
      "de_strip_count": 8,
      "de_total_end": 1298,
      "peak_de_ref_demand": 4,
      "pool_end": 1065,
      "pool_start": 985,
      "pool_strip_count": 2,
    },
    "VET-M-EPEE-IND-VCMB": {
      "assigned_day": 0,
      "constraint_relaxation_level": 0,
      "de_prelims_start": null,
      "de_prelims_strip_count": 0,
      "de_round_of_16_start": null,
      "de_round_of_16_strip_count": 0,
      "de_start": 540,
      "de_strip_count": 16,
      "de_total_end": 747,
      "peak_de_ref_demand": 4,
      "pool_end": 500,
      "pool_start": 340,
      "pool_strip_count": 17,
    },
    "VET-M-FOIL-IND-V40": {
      "assigned_day": 3,
      "constraint_relaxation_level": 0,
      "de_prelims_start": null,
      "de_prelims_strip_count": 0,
      "de_round_of_16_start": null,
      "de_round_of_16_strip_count": 0,
      "de_start": 2665,
      "de_strip_count": 16,
      "de_total_end": 2779,
      "peak_de_ref_demand": 4,
      "pool_end": 2633,
      "pool_start": 2520,
      "pool_strip_count": 5,
    },
    "VET-M-FOIL-IND-V50": {
      "assigned_day": 3,
      "constraint_relaxation_level": 0,
      "de_prelims_start": null,
      "de_prelims_strip_count": 0,
      "de_round_of_16_start": null,
      "de_round_of_16_strip_count": 0,
      "de_start": 2745,
      "de_strip_count": 16,
      "de_total_end": 2891,
      "peak_de_ref_demand": 4,
      "pool_end": 2667,
      "pool_start": 2520,
      "pool_strip_count": 5,
    },
    "VET-M-FOIL-IND-V60": {
      "assigned_day": 3,
      "constraint_relaxation_level": 0,
      "de_prelims_start": null,
      "de_prelims_strip_count": 0,
      "de_round_of_16_start": null,
      "de_round_of_16_strip_count": 0,
      "de_start": 2750,
      "de_strip_count": 16,
      "de_total_end": 2864,
      "peak_de_ref_demand": 4,
      "pool_end": 2667,
      "pool_start": 2520,
      "pool_strip_count": 4,
    },
    "VET-M-FOIL-IND-V70": {
      "assigned_day": 3,
      "constraint_relaxation_level": 0,
      "de_prelims_start": null,
      "de_prelims_strip_count": 0,
      "de_round_of_16_start": null,
      "de_round_of_16_strip_count": 0,
      "de_start": 2655,
      "de_strip_count": 16,
      "de_total_end": 2769,
      "peak_de_ref_demand": 4,
      "pool_end": 2608,
      "pool_start": 2520,
      "pool_strip_count": 4,
    },
    "VET-M-FOIL-IND-V80": {
      "assigned_day": 3,
      "constraint_relaxation_level": 0,
      "de_prelims_start": null,
      "de_prelims_strip_count": 0,
      "de_round_of_16_start": null,
      "de_round_of_16_strip_count": 0,
      "de_start": 2640,
      "de_strip_count": 2,
      "de_total_end": 2685,
      "peak_de_ref_demand": 4,
      "pool_end": 2606,
      "pool_start": 2585,
      "pool_strip_count": 1,
    },
    "VET-M-FOIL-IND-VCMB": {
      "assigned_day": 2,
      "constraint_relaxation_level": 0,
      "de_prelims_start": null,
      "de_prelims_strip_count": 0,
      "de_round_of_16_start": null,
      "de_round_of_16_strip_count": 0,
      "de_start": 2025,
      "de_strip_count": 16,
      "de_total_end": 2232,
      "peak_de_ref_demand": 4,
      "pool_end": 1972,
      "pool_start": 1840,
      "pool_strip_count": 11,
    },
    "VET-M-SABRE-IND-V40": {
      "assigned_day": 1,
      "constraint_relaxation_level": 0,
      "de_prelims_start": null,
      "de_prelims_strip_count": 0,
      "de_round_of_16_start": null,
      "de_round_of_16_strip_count": 0,
      "de_start": 985,
      "de_strip_count": 16,
      "de_total_end": 1071,
      "peak_de_ref_demand": 4,
      "pool_end": 903,
      "pool_start": 840,
      "pool_strip_count": 4,
    },
    "VET-M-SABRE-IND-V50": {
      "assigned_day": 1,
      "constraint_relaxation_level": 0,
      "de_prelims_start": null,
      "de_prelims_strip_count": 0,
      "de_round_of_16_start": null,
      "de_round_of_16_strip_count": 0,
      "de_start": 1005,
      "de_strip_count": 16,
      "de_total_end": 1091,
      "peak_de_ref_demand": 4,
      "pool_end": 972,
      "pool_start": 905,
      "pool_strip_count": 3,
    },
    "VET-M-SABRE-IND-V60": {
      "assigned_day": 1,
      "constraint_relaxation_level": 0,
      "de_prelims_start": null,
      "de_prelims_strip_count": 0,
      "de_round_of_16_start": null,
      "de_round_of_16_strip_count": 0,
      "de_start": 1165,
      "de_strip_count": 16,
      "de_total_end": 1251,
      "peak_de_ref_demand": 4,
      "pool_end": 1055,
      "pool_start": 985,
      "pool_strip_count": 5,
    },
    "VET-M-SABRE-IND-V70": {
      "assigned_day": 1,
      "constraint_relaxation_level": 0,
      "de_prelims_start": null,
      "de_prelims_strip_count": 0,
      "de_round_of_16_start": null,
      "de_round_of_16_strip_count": 0,
      "de_start": 1055,
      "de_strip_count": 8,
      "de_total_end": 1124,
      "peak_de_ref_demand": 4,
      "pool_end": 1025,
      "pool_start": 975,
      "pool_strip_count": 3,
    },
    "VET-M-SABRE-IND-V80": {
      "assigned_day": 1,
      "constraint_relaxation_level": 0,
      "de_prelims_start": null,
      "de_prelims_strip_count": 0,
      "de_round_of_16_start": null,
      "de_round_of_16_strip_count": 0,
      "de_start": 1065,
      "de_strip_count": 4,
      "de_total_end": 1118,
      "peak_de_ref_demand": 4,
      "pool_end": 1035,
      "pool_start": 985,
      "pool_strip_count": 1,
    },
    "VET-M-SABRE-IND-VCMB": {
      "assigned_day": 0,
      "constraint_relaxation_level": 0,
      "de_prelims_start": null,
      "de_prelims_strip_count": 0,
      "de_round_of_16_start": null,
      "de_round_of_16_strip_count": 0,
      "de_start": 500,
      "de_strip_count": 16,
      "de_total_end": 617,
      "peak_de_ref_demand": 4,
      "pool_end": 445,
      "pool_start": 340,
      "pool_strip_count": 7,
    },
    "VET-W-EPEE-IND-V40": {
      "assigned_day": 2,
      "constraint_relaxation_level": 0,
      "de_prelims_start": null,
      "de_prelims_strip_count": 0,
      "de_round_of_16_start": null,
      "de_round_of_16_strip_count": 0,
      "de_start": 1980,
      "de_strip_count": 16,
      "de_total_end": 2094,
      "peak_de_ref_demand": 4,
      "pool_end": 1848,
      "pool_start": 1680,
      "pool_strip_count": 4,
    },
    "VET-W-EPEE-IND-V50": {
      "assigned_day": 2,
      "constraint_relaxation_level": 0,
      "de_prelims_start": null,
      "de_prelims_strip_count": 0,
      "de_round_of_16_start": null,
      "de_round_of_16_strip_count": 0,
      "de_start": 2000,
      "de_strip_count": 16,
      "de_total_end": 2146,
      "peak_de_ref_demand": 4,
      "pool_end": 1848,
      "pool_start": 1680,
      "pool_strip_count": 5,
    },
    "VET-W-EPEE-IND-V60": {
      "assigned_day": 2,
      "constraint_relaxation_level": 0,
      "de_prelims_start": null,
      "de_prelims_strip_count": 0,
      "de_round_of_16_start": null,
      "de_round_of_16_strip_count": 0,
      "de_start": 2065,
      "de_strip_count": 16,
      "de_total_end": 2179,
      "peak_de_ref_demand": 4,
      "pool_end": 1979,
      "pool_start": 1840,
      "pool_strip_count": 5,
    },
    "VET-W-EPEE-IND-V70": {
      "assigned_day": 2,
      "constraint_relaxation_level": 0,
      "de_prelims_start": null,
      "de_prelims_strip_count": 0,
      "de_round_of_16_start": null,
      "de_round_of_16_strip_count": 0,
      "de_start": 2070,
      "de_strip_count": 16,
      "de_total_end": 2184,
      "peak_de_ref_demand": 4,
      "pool_end": 1970,
      "pool_start": 1850,
      "pool_strip_count": 3,
    },
    "VET-W-EPEE-IND-V80": {
      "assigned_day": 2,
      "constraint_relaxation_level": 0,
      "de_prelims_start": null,
      "de_prelims_strip_count": 0,
      "de_round_of_16_start": null,
      "de_round_of_16_strip_count": 0,
      "de_start": 1940,
      "de_strip_count": 2,
      "de_total_end": 1985,
      "peak_de_ref_demand": 4,
      "pool_end": 1909,
      "pool_start": 1885,
      "pool_strip_count": 1,
    },
    "VET-W-EPEE-IND-VCMB": {
      "assigned_day": 0,
      "constraint_relaxation_level": 0,
      "de_prelims_start": null,
      "de_prelims_strip_count": 0,
      "de_round_of_16_start": null,
      "de_round_of_16_strip_count": 0,
      "de_start": 625,
      "de_strip_count": 16,
      "de_total_end": 832,
      "peak_de_ref_demand": 4,
      "pool_end": 595,
      "pool_start": 440,
      "pool_strip_count": 11,
    },
    "VET-W-FOIL-IND-V40": {
      "assigned_day": 2,
      "constraint_relaxation_level": 0,
      "de_prelims_start": null,
      "de_prelims_strip_count": 0,
      "de_round_of_16_start": null,
      "de_round_of_16_strip_count": 0,
      "de_start": 1970,
      "de_strip_count": 8,
      "de_total_end": 2053,
      "peak_de_ref_demand": 4,
      "pool_end": 1932,
      "pool_start": 1850,
      "pool_strip_count": 3,
    },
    "VET-W-FOIL-IND-V50": {
      "assigned_day": 2,
      "constraint_relaxation_level": 0,
      "de_prelims_start": null,
      "de_prelims_strip_count": 0,
      "de_round_of_16_start": null,
      "de_round_of_16_strip_count": 0,
      "de_start": 2120,
      "de_strip_count": 16,
      "de_total_end": 2234,
      "peak_de_ref_demand": 4,
      "pool_end": 1901,
      "pool_start": 1785,
      "pool_strip_count": 4,
    },
    "VET-W-FOIL-IND-V60": {
      "assigned_day": 2,
      "constraint_relaxation_level": 0,
      "de_prelims_start": null,
      "de_prelims_strip_count": 0,
      "de_round_of_16_start": null,
      "de_round_of_16_strip_count": 0,
      "de_start": 2150,
      "de_strip_count": 16,
      "de_total_end": 2264,
      "peak_de_ref_demand": 4,
      "pool_end": 1997,
      "pool_start": 1850,
      "pool_strip_count": 3,
    },
    "VET-W-FOIL-IND-V70": {
      "assigned_day": 2,
      "constraint_relaxation_level": 0,
      "de_prelims_start": null,
      "de_prelims_strip_count": 0,
      "de_round_of_16_start": null,
      "de_round_of_16_strip_count": 0,
      "de_start": 2155,
      "de_strip_count": 8,
      "de_total_end": 2238,
      "peak_de_ref_demand": 4,
      "pool_end": 2032,
      "pool_start": 1885,
      "pool_strip_count": 2,
    },
    "VET-W-FOIL-IND-V80": {
      "assigned_day": 2,
      "constraint_relaxation_level": 0,
      "de_prelims_start": null,
      "de_prelims_strip_count": 0,
      "de_round_of_16_start": null,
      "de_round_of_16_strip_count": 0,
      "de_start": 1940,
      "de_strip_count": 2,
      "de_total_end": 1985,
      "peak_de_ref_demand": 4,
      "pool_end": 1906,
      "pool_start": 1885,
      "pool_strip_count": 1,
    },
    "VET-W-FOIL-IND-VCMB": {
      "assigned_day": 0,
      "constraint_relaxation_level": 0,
      "de_prelims_start": null,
      "de_prelims_strip_count": 0,
      "de_round_of_16_start": null,
      "de_round_of_16_strip_count": 0,
      "de_start": 575,
      "de_strip_count": 16,
      "de_total_end": 721,
      "peak_de_ref_demand": 4,
      "pool_end": 362,
      "pool_start": 250,
      "pool_strip_count": 6,
    },
    "VET-W-SABRE-IND-V40": {
      "assigned_day": 3,
      "constraint_relaxation_level": 0,
      "de_prelims_start": null,
      "de_prelims_strip_count": 0,
      "de_round_of_16_start": null,
      "de_round_of_16_strip_count": 0,
      "de_start": 2615,
      "de_strip_count": 8,
      "de_total_end": 2684,
      "peak_de_ref_demand": 4,
      "pool_end": 2583,
      "pool_start": 2520,
      "pool_strip_count": 2,
    },
    "VET-W-SABRE-IND-V50": {
      "assigned_day": 3,
      "constraint_relaxation_level": 0,
      "de_prelims_start": null,
      "de_prelims_strip_count": 0,
      "de_round_of_16_start": null,
      "de_round_of_16_strip_count": 0,
      "de_start": 2685,
      "de_strip_count": 16,
      "de_total_end": 2771,
      "peak_de_ref_demand": 4,
      "pool_end": 2605,
      "pool_start": 2520,
      "pool_strip_count": 3,
    },
    "VET-W-SABRE-IND-V60": {
      "assigned_day": 3,
      "constraint_relaxation_level": 0,
      "de_prelims_start": null,
      "de_prelims_strip_count": 0,
      "de_round_of_16_start": null,
      "de_round_of_16_strip_count": 0,
      "de_start": 2685,
      "de_strip_count": 16,
      "de_total_end": 2771,
      "peak_de_ref_demand": 4,
      "pool_end": 2595,
      "pool_start": 2520,
      "pool_strip_count": 3,
    },
    "VET-W-SABRE-IND-V70": {
      "assigned_day": 3,
      "constraint_relaxation_level": 0,
      "de_prelims_start": null,
      "de_prelims_strip_count": 0,
      "de_round_of_16_start": null,
      "de_round_of_16_strip_count": 0,
      "de_start": 2835,
      "de_strip_count": 16,
      "de_total_end": 2921,
      "peak_de_ref_demand": 4,
      "pool_end": 2595,
      "pool_start": 2520,
      "pool_strip_count": 3,
    },
    "VET-W-SABRE-IND-V80": {
      "assigned_day": 3,
      "constraint_relaxation_level": 0,
      "de_prelims_start": null,
      "de_prelims_strip_count": 0,
      "de_round_of_16_start": null,
      "de_round_of_16_strip_count": 0,
      "de_start": 2630,
      "de_strip_count": 1,
      "de_total_end": 2660,
      "peak_de_ref_demand": 4,
      "pool_end": 2600,
      "pool_start": 2595,
      "pool_strip_count": 1,
    },
    "VET-W-SABRE-IND-VCMB": {
      "assigned_day": 0,
      "constraint_relaxation_level": 0,
      "de_prelims_start": null,
      "de_prelims_strip_count": 0,
      "de_round_of_16_start": null,
      "de_round_of_16_strip_count": 0,
      "de_start": 515,
      "de_strip_count": 16,
      "de_total_end": 601,
      "peak_de_ref_demand": 4,
      "pool_end": 436,
      "pool_start": 355,
      "pool_strip_count": 5,
    },
  },
  "refRecommendation": {
    "foil_epee": 30,
    "three_weapon": 110,
  },
  "refRequirementsByDay": [
    {
      "day": 0,
      "peak_saber_refs": 56,
      "peak_time": 0,
      "peak_total_refs": 132,
    },
    {
      "day": 1,
      "peak_saber_refs": 52,
      "peak_time": 840,
      "peak_total_refs": 136,
    },
    {
      "day": 2,
      "peak_saber_refs": 100,
      "peak_time": 1785,
      "peak_total_refs": 190,
    },
    {
      "day": 3,
      "peak_saber_refs": 36,
      "peak_time": 2595,
      "peak_total_refs": 138,
    },
  ],
  "scheduledCount": 52,
  "stripRecommendation": 147,
  "warnCountsByCause": {
    "DEADLINE_BREACH": 1,
    "RESOURCE_EXHAUSTION": 5,
    "SCHEDULE_ACCEPTED_WITH_WARNINGS": 1,
  },
}
`;
