// Vitest Snapshot v1, https://vitest.dev/guide/snapshot.html

exports[`drift ledger > B1 digest is unchanged 1`] = `
{
  "competitionCount": 24,
  "daySummaryPeaks": [
    248,
    218,
    194,
    194,
  ],
  "errorCount": 0,
  "events": {
    "D1-M-EPEE-IND": {
      "assigned_day": 0,
      "constraint_relaxation_level": 0,
      "de_prelims_start": 195,
      "de_prelims_strip_count": 16,
      "de_round_of_16_start": 410,
      "de_round_of_16_strip_count": 4,
      "de_start": null,
      "de_strip_count": 0,
      "de_total_end": 500,
      "peak_de_ref_demand": 4,
      "pool_end": 163,
      "pool_start": 0,
      "pool_strip_count": 45,
    },
    "D1-M-FOIL-IND": {
      "assigned_day": 1,
      "constraint_relaxation_level": 0,
      "de_prelims_start": 1010,
      "de_prelims_strip_count": 16,
      "de_round_of_16_start": 1225,
      "de_round_of_16_strip_count": 4,
      "de_start": null,
      "de_strip_count": 0,
      "de_total_end": 1315,
      "peak_de_ref_demand": 4,
      "pool_end": 980,
      "pool_start": 840,
      "pool_strip_count": 38,
    },
    "D1-M-SABRE-IND": {
      "assigned_day": 1,
      "constraint_relaxation_level": 0,
      "de_prelims_start": 980,
      "de_prelims_strip_count": 16,
      "de_round_of_16_start": 1105,
      "de_round_of_16_strip_count": 4,
      "de_start": null,
      "de_strip_count": 0,
      "de_total_end": 1165,
      "peak_de_ref_demand": 4,
      "pool_end": 945,
      "pool_start": 840,
      "pool_strip_count": 30,
    },
    "D1-W-EPEE-IND": {
      "assigned_day": 0,
      "constraint_relaxation_level": 0,
      "de_prelims_start": 270,
      "de_prelims_strip_count": 16,
      "de_round_of_16_start": 485,
      "de_round_of_16_strip_count": 4,
      "de_start": null,
      "de_strip_count": 0,
      "de_total_end": 575,
      "peak_de_ref_demand": 4,
      "pool_end": 162,
      "pool_start": 0,
      "pool_strip_count": 32,
    },
    "D1-W-FOIL-IND": {
      "assigned_day": 1,
      "constraint_relaxation_level": 0,
      "de_prelims_start": 1115,
      "de_prelims_strip_count": 16,
      "de_round_of_16_start": 1240,
      "de_round_of_16_strip_count": 4,
      "de_start": null,
      "de_strip_count": 0,
      "de_total_end": 1355,
      "peak_de_ref_demand": 4,
      "pool_end": 1085,
      "pool_start": 945,
      "pool_strip_count": 19,
    },
    "D1-W-SABRE-IND": {
      "assigned_day": 0,
      "constraint_relaxation_level": 0,
      "de_prelims_start": 300,
      "de_prelims_strip_count": 16,
      "de_round_of_16_start": 425,
      "de_round_of_16_strip_count": 4,
      "de_start": null,
      "de_strip_count": 0,
      "de_total_end": 485,
      "peak_de_ref_demand": 4,
      "pool_end": 268,
      "pool_start": 165,
      "pool_strip_count": 26,
    },
    "JR-M-EPEE-IND": {
      "assigned_day": 2,
      "constraint_relaxation_level": 0,
      "de_prelims_start": 1875,
      "de_prelims_strip_count": 16,
      "de_round_of_16_start": 2090,
      "de_round_of_16_strip_count": 4,
      "de_start": null,
      "de_strip_count": 0,
      "de_total_end": 2180,
      "peak_de_ref_demand": 4,
      "pool_end": 1843,
      "pool_start": 1680,
      "pool_strip_count": 29,
    },
    "JR-M-FOIL-IND": {
      "assigned_day": 3,
      "constraint_relaxation_level": 0,
      "de_prelims_start": 2695,
      "de_prelims_strip_count": 16,
      "de_round_of_16_start": 2910,
      "de_round_of_16_strip_count": 4,
      "de_start": null,
      "de_strip_count": 0,
      "de_total_end": 3000,
      "peak_de_ref_demand": 4,
      "pool_end": 2662,
      "pool_start": 2520,
      "pool_strip_count": 32,
    },
    "JR-M-SABRE-IND": {
      "assigned_day": 3,
      "constraint_relaxation_level": 0,
      "de_prelims_start": 2665,
      "de_prelims_strip_count": 16,
      "de_round_of_16_start": 2790,
      "de_round_of_16_strip_count": 4,
      "de_start": null,
      "de_strip_count": 0,
      "de_total_end": 2850,
      "peak_de_ref_demand": 4,
      "pool_end": 2625,
      "pool_start": 2520,
      "pool_strip_count": 30,
    },
    "JR-W-EPEE-IND": {
      "assigned_day": 2,
      "constraint_relaxation_level": 0,
      "de_prelims_start": 1875,
      "de_prelims_strip_count": 16,
      "de_round_of_16_start": 2090,
      "de_round_of_16_strip_count": 4,
      "de_start": null,
      "de_strip_count": 0,
      "de_total_end": 2180,
      "peak_de_ref_demand": 4,
      "pool_end": 1844,
      "pool_start": 1680,
      "pool_strip_count": 26,
    },
    "JR-W-FOIL-IND": {
      "assigned_day": 3,
      "constraint_relaxation_level": 0,
      "de_prelims_start": 2795,
      "de_prelims_strip_count": 16,
      "de_round_of_16_start": 2920,
      "de_round_of_16_strip_count": 4,
      "de_start": null,
      "de_strip_count": 0,
      "de_total_end": 3035,
      "peak_de_ref_demand": 4,
      "pool_end": 2765,
      "pool_start": 2625,
      "pool_strip_count": 19,
    },
    "JR-W-SABRE-IND": {
      "assigned_day": 2,
      "constraint_relaxation_level": 0,
      "de_prelims_start": 1845,
      "de_prelims_strip_count": 16,
      "de_round_of_16_start": 1940,
      "de_round_of_16_strip_count": 4,
      "de_start": null,
      "de_strip_count": 0,
      "de_total_end": 2030,
      "peak_de_ref_demand": 4,
      "pool_end": 1784,
      "pool_start": 1680,
      "pool_strip_count": 23,
    },
    "VET-M-EPEE-IND-VCMB": {
      "assigned_day": 1,
      "constraint_relaxation_level": 0,
      "de_prelims_start": null,
      "de_prelims_strip_count": 0,
      "de_round_of_16_start": null,
      "de_round_of_16_strip_count": 0,
      "de_start": 1165,
      "de_strip_count": 16,
      "de_total_end": 1372,
      "peak_de_ref_demand": 4,
      "pool_end": 1132,
      "pool_start": 980,
      "pool_strip_count": 18,
    },
    "VET-M-EPEE-TEAM": {
      "assigned_day": 2,
      "constraint_relaxation_level": 0,
      "de_prelims_start": null,
      "de_prelims_strip_count": 0,
      "de_round_of_16_start": null,
      "de_round_of_16_strip_count": 0,
      "de_start": 1935,
      "de_strip_count": 16,
      "de_total_end": 2079,
      "peak_de_ref_demand": 4,
      "pool_end": 1905,
      "pool_start": 1785,
      "pool_strip_count": 5,
    },
    "VET-M-FOIL-IND-VCMB": {
      "assigned_day": 0,
      "constraint_relaxation_level": 0,
      "de_prelims_start": null,
      "de_prelims_strip_count": 0,
      "de_round_of_16_start": null,
      "de_round_of_16_strip_count": 0,
      "de_start": 330,
      "de_strip_count": 16,
      "de_total_end": 537,
      "peak_de_ref_demand": 4,
      "pool_end": 298,
      "pool_start": 165,
      "pool_strip_count": 12,
    },
    "VET-M-FOIL-TEAM": {
      "assigned_day": 1,
      "constraint_relaxation_level": 0,
      "de_prelims_start": null,
      "de_prelims_strip_count": 0,
      "de_round_of_16_start": null,
      "de_round_of_16_strip_count": 0,
      "de_start": 945,
      "de_strip_count": 8,
      "de_total_end": 1058,
      "peak_de_ref_demand": 4,
      "pool_end": 910,
      "pool_start": 840,
      "pool_strip_count": 2,
    },
    "VET-M-SABRE-IND-VCMB": {
      "assigned_day": 0,
      "constraint_relaxation_level": 0,
      "de_prelims_start": null,
      "de_prelims_strip_count": 0,
      "de_round_of_16_start": null,
      "de_round_of_16_strip_count": 0,
      "de_start": 290,
      "de_strip_count": 16,
      "de_total_end": 407,
      "peak_de_ref_demand": 4,
      "pool_end": 260,
      "pool_start": 165,
      "pool_strip_count": 6,
    },
    "VET-M-SABRE-TEAM": {
      "assigned_day": 1,
      "constraint_relaxation_level": 0,
      "de_prelims_start": null,
      "de_prelims_strip_count": 0,
      "de_round_of_16_start": null,
      "de_round_of_16_strip_count": 0,
      "de_start": 920,
      "de_strip_count": 8,
      "de_total_end": 1019,
      "peak_de_ref_demand": 4,
      "pool_end": 890,
      "pool_start": 840,
      "pool_strip_count": 2,
    },
    "VET-W-EPEE-IND-VCMB": {
      "assigned_day": 3,
      "constraint_relaxation_level": 0,
      "de_prelims_start": null,
      "de_prelims_strip_count": 0,
      "de_round_of_16_start": null,
      "de_round_of_16_strip_count": 0,
      "de_start": 2705,
      "de_strip_count": 16,
      "de_total_end": 2912,
      "peak_de_ref_demand": 4,
      "pool_end": 2672,
      "pool_start": 2520,
      "pool_strip_count": 12,
    },
    "VET-W-EPEE-TEAM": {
      "assigned_day": 0,
      "constraint_relaxation_level": 0,
      "de_prelims_start": null,
      "de_prelims_strip_count": 0,
      "de_round_of_16_start": null,
      "de_round_of_16_strip_count": 0,
      "de_start": 185,
      "de_strip_count": 16,
      "de_total_end": 329,
      "peak_de_ref_demand": 4,
      "pool_end": 152,
      "pool_start": 0,
      "pool_strip_count": 3,
    },
    "VET-W-FOIL-IND-VCMB": {
      "assigned_day": 2,
      "constraint_relaxation_level": 0,
      "de_prelims_start": null,
      "de_prelims_strip_count": 0,
      "de_round_of_16_start": null,
      "de_round_of_16_strip_count": 0,
      "de_start": 1990,
      "de_strip_count": 16,
      "de_total_end": 2136,
      "peak_de_ref_demand": 4,
      "pool_end": 1918,
      "pool_start": 1785,
      "pool_strip_count": 6,
    },
    "VET-W-FOIL-TEAM": {
      "assigned_day": 3,
      "constraint_relaxation_level": 0,
      "de_prelims_start": null,
      "de_prelims_strip_count": 0,
      "de_round_of_16_start": null,
      "de_round_of_16_strip_count": 0,
      "de_start": 2625,
      "de_strip_count": 8,
      "de_total_end": 2738,
      "peak_de_ref_demand": 4,
      "pool_end": 2590,
      "pool_start": 2520,
      "pool_strip_count": 2,
    },
    "VET-W-SABRE-IND-VCMB": {
      "assigned_day": 2,
      "constraint_relaxation_level": 0,
      "de_prelims_start": null,
      "de_prelims_strip_count": 0,
      "de_round_of_16_start": null,
      "de_round_of_16_strip_count": 0,
      "de_start": 1900,
      "de_strip_count": 16,
      "de_total_end": 2017,
      "peak_de_ref_demand": 4,
      "pool_end": 1868,
      "pool_start": 1785,
      "pool_strip_count": 8,
    },
    "VET-W-SABRE-TEAM": {
      "assigned_day": 3,
      "constraint_relaxation_level": 0,
      "de_prelims_start": null,
      "de_prelims_strip_count": 0,
      "de_round_of_16_start": null,
      "de_round_of_16_strip_count": 0,
      "de_start": 2625,
      "de_strip_count": 8,
      "de_total_end": 2724,
      "peak_de_ref_demand": 4,
      "pool_end": 2570,
      "pool_start": 2520,
      "pool_strip_count": 2,
    },
  },
  "refRecommendation": {
    "foil_epee": 46,
    "three_weapon": 120,
  },
  "refRequirementsByDay": [
    {
      "day": 0,
      "peak_saber_refs": 64,
      "peak_time": 0,
      "peak_total_refs": 160,
    },
    {
      "day": 1,
      "peak_saber_refs": 68,
      "peak_time": 945,
      "peak_total_refs": 190,
    },
    {
      "day": 2,
      "peak_saber_refs": 46,
      "peak_time": 1680,
      "peak_total_refs": 156,
    },
    {
      "day": 3,
      "peak_saber_refs": 68,
      "peak_time": 2625,
      "peak_total_refs": 202,
    },
  ],
  "scheduledCount": 24,
  "stripRecommendation": 57,
  "warnCountsByCause": {
    "SCHEDULE_ACCEPTED_WITH_WARNINGS": 1,
  },
}
`;

exports[`drift ledger > B2 digest is unchanged 1`] = `
{
  "competitionCount": 24,
  "daySummaryPeaks": [
    324,
    206,
    304,
    332,
  ],
  "errorCount": 0,
  "events": {
    "CDT-M-EPEE-IND": {
      "assigned_day": 3,
      "constraint_relaxation_level": 0,
      "de_prelims_start": 2775,
      "de_prelims_strip_count": 16,
      "de_round_of_16_start": 2990,
      "de_round_of_16_strip_count": 4,
      "de_start": null,
      "de_strip_count": 0,
      "de_total_end": 3080,
      "peak_de_ref_demand": 4,
      "pool_end": 2684,
      "pool_start": 2520,
      "pool_strip_count": 39,
    },
    "CDT-M-EPEE-TEAM": {
      "assigned_day": 1,
      "constraint_relaxation_level": 0,
      "de_prelims_start": null,
      "de_prelims_strip_count": 0,
      "de_round_of_16_start": null,
      "de_round_of_16_strip_count": 0,
      "de_start": 1045,
      "de_strip_count": 16,
      "de_total_end": 1221,
      "peak_de_ref_demand": 4,
      "pool_end": 972,
      "pool_start": 840,
      "pool_strip_count": 8,
    },
    "CDT-M-FOIL-IND": {
      "assigned_day": 0,
      "constraint_relaxation_level": 0,
      "de_prelims_start": 270,
      "de_prelims_strip_count": 16,
      "de_round_of_16_start": 485,
      "de_round_of_16_strip_count": 4,
      "de_start": null,
      "de_strip_count": 0,
      "de_total_end": 575,
      "peak_de_ref_demand": 4,
      "pool_end": 141,
      "pool_start": 0,
      "pool_strip_count": 35,
    },
    "CDT-M-FOIL-TEAM": {
      "assigned_day": 1,
      "constraint_relaxation_level": 0,
      "de_prelims_start": null,
      "de_prelims_strip_count": 0,
      "de_round_of_16_start": null,
      "de_round_of_16_strip_count": 0,
      "de_start": 945,
      "de_strip_count": 8,
      "de_total_end": 1058,
      "peak_de_ref_demand": 4,
      "pool_end": 910,
      "pool_start": 840,
      "pool_strip_count": 2,
    },
    "CDT-M-SABRE-IND": {
      "assigned_day": 0,
      "constraint_relaxation_level": 0,
      "de_prelims_start": 270,
      "de_prelims_strip_count": 16,
      "de_round_of_16_start": 395,
      "de_round_of_16_strip_count": 4,
      "de_start": null,
      "de_strip_count": 0,
      "de_total_end": 455,
      "peak_de_ref_demand": 4,
      "pool_end": 102,
      "pool_start": 0,
      "pool_strip_count": 45,
    },
    "CDT-M-SABRE-TEAM": {
      "assigned_day": 2,
      "constraint_relaxation_level": 0,
      "de_prelims_start": null,
      "de_prelims_strip_count": 0,
      "de_round_of_16_start": null,
      "de_round_of_16_strip_count": 0,
      "de_start": 1805,
      "de_strip_count": 16,
      "de_total_end": 1921,
      "peak_de_ref_demand": 4,
      "pool_end": 1775,
      "pool_start": 1680,
      "pool_strip_count": 3,
    },
    "CDT-W-EPEE-IND": {
      "assigned_day": 0,
      "constraint_relaxation_level": 0,
      "de_prelims_start": 340,
      "de_prelims_strip_count": 16,
      "de_round_of_16_start": 555,
      "de_round_of_16_strip_count": 4,
      "de_start": null,
      "de_strip_count": 0,
      "de_total_end": 645,
      "peak_de_ref_demand": 4,
      "pool_end": 306,
      "pool_start": 145,
      "pool_strip_count": 35,
    },
    "CDT-W-EPEE-TEAM": {
      "assigned_day": 1,
      "constraint_relaxation_level": 0,
      "de_prelims_start": null,
      "de_prelims_strip_count": 0,
      "de_round_of_16_start": null,
      "de_round_of_16_strip_count": 0,
      "de_start": 1000,
      "de_strip_count": 16,
      "de_total_end": 1144,
      "peak_de_ref_demand": 4,
      "pool_end": 960,
      "pool_start": 840,
      "pool_strip_count": 5,
    },
    "CDT-W-FOIL-IND": {
      "assigned_day": 3,
      "constraint_relaxation_level": 0,
      "de_prelims_start": 2925,
      "de_prelims_strip_count": 16,
      "de_round_of_16_start": 3140,
      "de_round_of_16_strip_count": 4,
      "de_start": null,
      "de_strip_count": 0,
      "de_total_end": 3230,
      "peak_de_ref_demand": 4,
      "pool_end": 2827,
      "pool_start": 2685,
      "pool_strip_count": 32,
    },
    "CDT-W-FOIL-TEAM": {
      "assigned_day": 1,
      "constraint_relaxation_level": 0,
      "de_prelims_start": null,
      "de_prelims_strip_count": 0,
      "de_round_of_16_start": null,
      "de_round_of_16_strip_count": 0,
      "de_start": 945,
      "de_strip_count": 8,
      "de_total_end": 1058,
      "peak_de_ref_demand": 4,
      "pool_end": 910,
      "pool_start": 840,
      "pool_strip_count": 2,
    },
    "CDT-W-SABRE-IND": {
      "assigned_day": 3,
      "constraint_relaxation_level": 0,
      "de_prelims_start": 2830,
      "de_prelims_strip_count": 16,
      "de_round_of_16_start": 2955,
      "de_round_of_16_strip_count": 4,
      "de_start": null,
      "de_strip_count": 0,
      "de_total_end": 3015,
      "peak_de_ref_demand": 4,
      "pool_end": 2771,
      "pool_start": 2670,
      "pool_strip_count": 35,
    },
    "CDT-W-SABRE-TEAM": {
      "assigned_day": 0,
      "constraint_relaxation_level": 0,
      "de_prelims_start": null,
      "de_prelims_strip_count": 0,
      "de_round_of_16_start": null,
      "de_round_of_16_strip_count": 0,
      "de_start": 350,
      "de_strip_count": 8,
      "de_total_end": 449,
      "peak_de_ref_demand": 4,
      "pool_end": 320,
      "pool_start": 270,
      "pool_strip_count": 2,
    },
    "D1-M-EPEE-IND": {
      "assigned_day": 0,
      "constraint_relaxation_level": 0,
      "de_prelims_start": 310,
      "de_prelims_strip_count": 16,
      "de_round_of_16_start": 525,
      "de_round_of_16_strip_count": 4,
      "de_start": null,
      "de_strip_count": 0,
      "de_total_end": 615,
      "peak_de_ref_demand": 4,
      "pool_end": 268,
      "pool_start": 105,
      "pool_strip_count": 45,
    },
    "D1-M-FOIL-IND": {
      "assigned_day": 3,
      "constraint_relaxation_level": 0,
      "de_prelims_start": 2830,
      "de_prelims_strip_count": 16,
      "de_round_of_16_start": 3045,
      "de_round_of_16_strip_count": 4,
      "de_start": null,
      "de_strip_count": 0,
      "de_total_end": 3135,
      "peak_de_ref_demand": 4,
      "pool_end": 2667,
      "pool_start": 2520,
      "pool_strip_count": 40,
    },
    "D1-M-SABRE-IND": {
      "assigned_day": 1,
      "constraint_relaxation_level": 0,
      "de_prelims_start": 975,
      "de_prelims_strip_count": 16,
      "de_round_of_16_start": 1100,
      "de_round_of_16_strip_count": 4,
      "de_start": null,
      "de_strip_count": 0,
      "de_total_end": 1160,
      "peak_de_ref_demand": 4,
      "pool_end": 942,
      "pool_start": 840,
      "pool_strip_count": 29,
    },
    "D1-W-EPEE-IND": {
      "assigned_day": 2,
      "constraint_relaxation_level": 0,
      "de_prelims_start": 1990,
      "de_prelims_strip_count": 16,
      "de_round_of_16_start": 2215,
      "de_round_of_16_strip_count": 4,
      "de_start": null,
      "de_strip_count": 0,
      "de_total_end": 2305,
      "peak_de_ref_demand": 4,
      "pool_end": 1848,
      "pool_start": 1680,
      "pool_strip_count": 30,
    },
    "D1-W-FOIL-IND": {
      "assigned_day": 2,
      "constraint_relaxation_level": 0,
      "de_prelims_start": 2025,
      "de_prelims_strip_count": 16,
      "de_round_of_16_start": 2230,
      "de_round_of_16_strip_count": 4,
      "de_start": null,
      "de_strip_count": 0,
      "de_total_end": 2345,
      "peak_de_ref_demand": 4,
      "pool_end": 1990,
      "pool_start": 1845,
      "pool_strip_count": 23,
    },
    "D1-W-SABRE-IND": {
      "assigned_day": 1,
      "constraint_relaxation_level": 0,
      "de_prelims_start": 975,
      "de_prelims_strip_count": 16,
      "de_round_of_16_start": 1100,
      "de_round_of_16_strip_count": 4,
      "de_start": null,
      "de_strip_count": 0,
      "de_total_end": 1160,
      "peak_de_ref_demand": 4,
      "pool_end": 941,
      "pool_start": 840,
      "pool_strip_count": 32,
    },
    "Y14-M-EPEE-IND": {
      "assigned_day": 2,
      "constraint_relaxation_level": 0,
      "de_prelims_start": null,
      "de_prelims_strip_count": 0,
      "de_round_of_16_start": null,
      "de_round_of_16_strip_count": 0,
      "de_start": 1990,
      "de_strip_count": 16,
      "de_total_end": 2258,
      "peak_de_ref_demand": 4,
      "pool_end": 1843,
      "pool_start": 1680,
      "pool_strip_count": 29,
    },
    "Y14-M-FOIL-IND": {
      "assigned_day": 3,
      "constraint_relaxation_level": 0,
      "de_prelims_start": null,
      "de_prelims_strip_count": 0,
      "de_round_of_16_start": null,
      "de_round_of_16_strip_count": 0,
      "de_start": 2955,
      "de_strip_count": 16,
      "de_total_end": 3162,
      "peak_de_ref_demand": 4,
      "pool_end": 2922,
      "pool_start": 2775,
      "pool_strip_count": 20,
    },
    "Y14-M-SABRE-IND": {
      "assigned_day": 1,
      "constraint_relaxation_level": 0,
      "de_prelims_start": null,
      "de_prelims_strip_count": 0,
      "de_round_of_16_start": null,
      "de_round_of_16_strip_count": 0,
      "de_start": 1075,
      "de_strip_count": 16,
      "de_total_end": 1224,
      "peak_de_ref_demand": 4,
      "pool_end": 1044,
      "pool_start": 945,
      "pool_strip_count": 25,
    },
    "Y14-W-EPEE-IND": {
      "assigned_day": 2,
      "constraint_relaxation_level": 0,
      "de_prelims_start": null,
      "de_prelims_strip_count": 0,
      "de_round_of_16_start": null,
      "de_round_of_16_strip_count": 0,
      "de_start": 2095,
      "de_strip_count": 16,
      "de_total_end": 2302,
      "peak_de_ref_demand": 4,
      "pool_end": 2024,
      "pool_start": 1865,
      "pool_strip_count": 22,
    },
    "Y14-W-FOIL-IND": {
      "assigned_day": 2,
      "constraint_relaxation_level": 0,
      "de_prelims_start": null,
      "de_prelims_strip_count": 0,
      "de_round_of_16_start": null,
      "de_round_of_16_strip_count": 0,
      "de_start": 2125,
      "de_strip_count": 16,
      "de_total_end": 2332,
      "peak_de_ref_demand": 4,
      "pool_end": 2094,
      "pool_start": 1955,
      "pool_strip_count": 22,
    },
    "Y14-W-SABRE-IND": {
      "assigned_day": 2,
      "constraint_relaxation_level": 0,
      "de_prelims_start": null,
      "de_prelims_strip_count": 0,
      "de_round_of_16_start": null,
      "de_round_of_16_strip_count": 0,
      "de_start": 2095,
      "de_strip_count": 16,
      "de_total_end": 2243,
      "peak_de_ref_demand": 4,
      "pool_end": 1954,
      "pool_start": 1850,
      "pool_strip_count": 23,
    },
  },
  "refRecommendation": {
    "foil_epee": 10,
    "three_weapon": 160,
  },
  "refRequirementsByDay": [
    {
      "day": 0,
      "peak_saber_refs": 90,
      "peak_time": 0,
      "peak_total_refs": 160,
    },
    {
      "day": 1,
      "peak_saber_refs": 122,
      "peak_time": 840,
      "peak_total_refs": 156,
    },
    {
      "day": 2,
      "peak_saber_refs": 62,
      "peak_time": 1990,
      "peak_total_refs": 166,
    },
    {
      "day": 3,
      "peak_saber_refs": 70,
      "peak_time": 2520,
      "peak_total_refs": 158,
    },
  ],
  "scheduledCount": 24,
  "stripRecommendation": 57,
  "warnCountsByCause": {
    "RESOURCE_EXHAUSTION": 6,
    "SCHEDULE_ACCEPTED_WITH_WARNINGS": 2,
  },
}
`;

exports[`drift ledger > B3 digest is unchanged 1`] = `
{
  "competitionCount": 24,
  "daySummaryPeaks": [
    256,
    304,
    294,
    304,
  ],
  "errorCount": 0,
  "events": {
    "D2-M-EPEE-IND": {
      "assigned_day": 3,
      "constraint_relaxation_level": 0,
      "de_prelims_start": null,
      "de_prelims_strip_count": 0,
      "de_round_of_16_start": null,
      "de_round_of_16_strip_count": 0,
      "de_start": 2860,
      "de_strip_count": 16,
      "de_total_end": 3128,
      "peak_de_ref_demand": 4,
      "pool_end": 2829,
      "pool_start": 2665,
      "pool_strip_count": 26,
    },
    "D2-M-FOIL-IND": {
      "assigned_day": 2,
      "constraint_relaxation_level": 0,
      "de_prelims_start": null,
      "de_prelims_strip_count": 0,
      "de_round_of_16_start": null,
      "de_round_of_16_strip_count": 0,
      "de_start": 2045,
      "de_strip_count": 16,
      "de_total_end": 2313,
      "peak_de_ref_demand": 4,
      "pool_end": 1974,
      "pool_start": 1835,
      "pool_strip_count": 25,
    },
    "D2-M-SABRE-IND": {
      "assigned_day": 0,
      "constraint_relaxation_level": 0,
      "de_prelims_start": null,
      "de_prelims_strip_count": 0,
      "de_round_of_16_start": null,
      "de_round_of_16_strip_count": 0,
      "de_start": 360,
      "de_strip_count": 16,
      "de_total_end": 509,
      "peak_de_ref_demand": 4,
      "pool_end": 259,
      "pool_start": 155,
      "pool_strip_count": 23,
    },
    "D2-W-EPEE-IND": {
      "assigned_day": 3,
      "constraint_relaxation_level": 0,
      "de_prelims_start": null,
      "de_prelims_strip_count": 0,
      "de_round_of_16_start": null,
      "de_round_of_16_strip_count": 0,
      "de_start": 2990,
      "de_strip_count": 16,
      "de_total_end": 3197,
      "peak_de_ref_demand": 4,
      "pool_end": 2957,
      "pool_start": 2795,
      "pool_strip_count": 16,
    },
    "D2-W-FOIL-IND": {
      "assigned_day": 1,
      "constraint_relaxation_level": 0,
      "de_prelims_start": null,
      "de_prelims_strip_count": 0,
      "de_round_of_16_start": null,
      "de_round_of_16_strip_count": 0,
      "de_start": 1270,
      "de_strip_count": 16,
      "de_total_end": 1477,
      "peak_de_ref_demand": 4,
      "pool_end": 1238,
      "pool_start": 1105,
      "pool_strip_count": 18,
    },
    "D2-W-SABRE-IND": {
      "assigned_day": 2,
      "constraint_relaxation_level": 0,
      "de_prelims_start": null,
      "de_prelims_strip_count": 0,
      "de_round_of_16_start": null,
      "de_round_of_16_strip_count": 0,
      "de_start": 2075,
      "de_strip_count": 16,
      "de_total_end": 2224,
      "peak_de_ref_demand": 4,
      "pool_end": 2045,
      "pool_start": 1945,
      "pool_strip_count": 19,
    },
    "Y10-M-EPEE-IND": {
      "assigned_day": 0,
      "constraint_relaxation_level": 0,
      "de_prelims_start": null,
      "de_prelims_strip_count": 0,
      "de_round_of_16_start": null,
      "de_round_of_16_strip_count": 0,
      "de_start": 250,
      "de_strip_count": 16,
      "de_total_end": 457,
      "peak_de_ref_demand": 4,
      "pool_end": 152,
      "pool_start": 0,
      "pool_strip_count": 12,
    },
    "Y10-M-FOIL-IND": {
      "assigned_day": 2,
      "constraint_relaxation_level": 0,
      "de_prelims_start": null,
      "de_prelims_strip_count": 0,
      "de_round_of_16_start": null,
      "de_round_of_16_strip_count": 0,
      "de_start": 1935,
      "de_strip_count": 16,
      "de_total_end": 2142,
      "peak_de_ref_demand": 4,
      "pool_end": 1822,
      "pool_start": 1680,
      "pool_strip_count": 16,
    },
    "Y10-M-SABRE-IND": {
      "assigned_day": 3,
      "constraint_relaxation_level": 0,
      "de_prelims_start": null,
      "de_prelims_strip_count": 0,
      "de_round_of_16_start": null,
      "de_round_of_16_strip_count": 0,
      "de_start": 2665,
      "de_strip_count": 16,
      "de_total_end": 2813,
      "peak_de_ref_demand": 4,
      "pool_end": 2615,
      "pool_start": 2520,
      "pool_strip_count": 12,
    },
    "Y10-W-EPEE-IND": {
      "assigned_day": 2,
      "constraint_relaxation_level": 0,
      "de_prelims_start": null,
      "de_prelims_strip_count": 0,
      "de_round_of_16_start": null,
      "de_round_of_16_strip_count": 0,
      "de_start": 1945,
      "de_strip_count": 16,
      "de_total_end": 2091,
      "peak_de_ref_demand": 4,
      "pool_end": 1832,
      "pool_start": 1680,
      "pool_strip_count": 9,
    },
    "Y10-W-FOIL-IND": {
      "assigned_day": 0,
      "constraint_relaxation_level": 0,
      "de_prelims_start": null,
      "de_prelims_strip_count": 0,
      "de_round_of_16_start": null,
      "de_round_of_16_strip_count": 0,
      "de_start": 180,
      "de_strip_count": 16,
      "de_total_end": 387,
      "peak_de_ref_demand": 4,
      "pool_end": 147,
      "pool_start": 0,
      "pool_strip_count": 10,
    },
    "Y10-W-SABRE-IND": {
      "assigned_day": 1,
      "constraint_relaxation_level": 0,
      "de_prelims_start": null,
      "de_prelims_strip_count": 0,
      "de_round_of_16_start": null,
      "de_round_of_16_strip_count": 0,
      "de_start": 985,
      "de_strip_count": 16,
      "de_total_end": 1133,
      "peak_de_ref_demand": 4,
      "pool_end": 945,
      "pool_start": 840,
      "pool_strip_count": 10,
    },
    "Y12-M-EPEE-IND": {
      "assigned_day": 3,
      "constraint_relaxation_level": 0,
      "de_prelims_start": null,
      "de_prelims_strip_count": 0,
      "de_round_of_16_start": null,
      "de_round_of_16_strip_count": 0,
      "de_start": 2830,
      "de_strip_count": 16,
      "de_total_end": 3098,
      "peak_de_ref_demand": 4,
      "pool_end": 2793,
      "pool_start": 2625,
      "pool_strip_count": 30,
    },
    "Y12-M-FOIL-IND": {
      "assigned_day": 0,
      "constraint_relaxation_level": 0,
      "de_prelims_start": null,
      "de_prelims_strip_count": 0,
      "de_round_of_16_start": null,
      "de_round_of_16_strip_count": 0,
      "de_start": 180,
      "de_strip_count": 16,
      "de_total_end": 448,
      "peak_de_ref_demand": 4,
      "pool_end": 146,
      "pool_start": 0,
      "pool_strip_count": 33,
    },
    "Y12-M-SABRE-IND": {
      "assigned_day": 1,
      "constraint_relaxation_level": 0,
      "de_prelims_start": null,
      "de_prelims_strip_count": 0,
      "de_round_of_16_start": null,
      "de_round_of_16_strip_count": 0,
      "de_start": 1145,
      "de_strip_count": 16,
      "de_total_end": 1294,
      "peak_de_ref_demand": 4,
      "pool_end": 1113,
      "pool_start": 1010,
      "pool_strip_count": 26,
    },
    "Y12-W-EPEE-IND": {
      "assigned_day": 0,
      "constraint_relaxation_level": 0,
      "de_prelims_start": null,
      "de_prelims_strip_count": 0,
      "de_round_of_16_start": null,
      "de_round_of_16_strip_count": 0,
      "de_start": 260,
      "de_strip_count": 16,
      "de_total_end": 528,
      "peak_de_ref_demand": 4,
      "pool_end": 158,
      "pool_start": 0,
      "pool_strip_count": 25,
    },
    "Y12-W-FOIL-IND": {
      "assigned_day": 1,
      "constraint_relaxation_level": 0,
      "de_prelims_start": null,
      "de_prelims_strip_count": 0,
      "de_round_of_16_start": null,
      "de_round_of_16_strip_count": 0,
      "de_start": 1240,
      "de_strip_count": 16,
      "de_total_end": 1508,
      "peak_de_ref_demand": 4,
      "pool_end": 1128,
      "pool_start": 985,
      "pool_strip_count": 29,
    },
    "Y12-W-SABRE-IND": {
      "assigned_day": 0,
      "constraint_relaxation_level": 0,
      "de_prelims_start": null,
      "de_prelims_strip_count": 0,
      "de_round_of_16_start": null,
      "de_round_of_16_strip_count": 0,
      "de_start": 280,
      "de_strip_count": 16,
      "de_total_end": 429,
      "peak_de_ref_demand": 4,
      "pool_end": 249,
      "pool_start": 150,
      "pool_strip_count": 25,
    },
    "Y14-M-EPEE-IND": {
      "assigned_day": 2,
      "constraint_relaxation_level": 0,
      "de_prelims_start": null,
      "de_prelims_strip_count": 0,
      "de_round_of_16_start": null,
      "de_round_of_16_strip_count": 0,
      "de_start": 1975,
      "de_strip_count": 16,
      "de_total_end": 2243,
      "peak_de_ref_demand": 4,
      "pool_end": 1945,
      "pool_start": 1785,
      "pool_strip_count": 38,
    },
    "Y14-M-FOIL-IND": {
      "assigned_day": 1,
      "constraint_relaxation_level": 0,
      "de_prelims_start": null,
      "de_prelims_strip_count": 0,
      "de_round_of_16_start": null,
      "de_round_of_16_strip_count": 0,
      "de_start": 1115,
      "de_strip_count": 16,
      "de_total_end": 1383,
      "peak_de_ref_demand": 4,
      "pool_end": 984,
      "pool_start": 840,
      "pool_strip_count": 39,
    },
    "Y14-M-SABRE-IND": {
      "assigned_day": 2,
      "constraint_relaxation_level": 0,
      "de_prelims_start": null,
      "de_prelims_strip_count": 0,
      "de_round_of_16_start": null,
      "de_round_of_16_strip_count": 0,
      "de_start": 1815,
      "de_strip_count": 16,
      "de_total_end": 1964,
      "peak_de_ref_demand": 4,
      "pool_end": 1785,
      "pool_start": 1680,
      "pool_strip_count": 40,
    },
    "Y14-W-EPEE-IND": {
      "assigned_day": 1,
      "constraint_relaxation_level": 0,
      "de_prelims_start": null,
      "de_prelims_strip_count": 0,
      "de_round_of_16_start": null,
      "de_round_of_16_strip_count": 0,
      "de_start": 1115,
      "de_strip_count": 16,
      "de_total_end": 1383,
      "peak_de_ref_demand": 4,
      "pool_end": 1008,
      "pool_start": 840,
      "pool_strip_count": 30,
    },
    "Y14-W-FOIL-IND": {
      "assigned_day": 3,
      "constraint_relaxation_level": 0,
      "de_prelims_start": null,
      "de_prelims_strip_count": 0,
      "de_round_of_16_start": null,
      "de_round_of_16_strip_count": 0,
      "de_start": 2785,
      "de_strip_count": 16,
      "de_total_end": 3053,
      "peak_de_ref_demand": 4,
      "pool_end": 2661,
      "pool_start": 2520,
      "pool_strip_count": 35,
    },
    "Y14-W-SABRE-IND": {
      "assigned_day": 3,
      "constraint_relaxation_level": 0,
      "de_prelims_start": null,
      "de_prelims_strip_count": 0,
      "de_round_of_16_start": null,
      "de_round_of_16_strip_count": 0,
      "de_start": 2795,
      "de_strip_count": 16,
      "de_total_end": 2944,
      "peak_de_ref_demand": 4,
      "pool_end": 2624,
      "pool_start": 2520,
      "pool_strip_count": 33,
    },
  },
  "refRecommendation": {
    "foil_epee": 8,
    "three_weapon": 146,
  },
  "refRequirementsByDay": [
    {
      "day": 0,
      "peak_saber_refs": 96,
      "peak_time": 0,
      "peak_total_refs": 160,
    },
    {
      "day": 1,
      "peak_saber_refs": 68,
      "peak_time": 840,
      "peak_total_refs": 158,
    },
    {
      "day": 2,
      "peak_saber_refs": 80,
      "peak_time": 1785,
      "peak_total_refs": 206,
    },
    {
      "day": 3,
      "peak_saber_refs": 90,
      "peak_time": 2520,
      "peak_total_refs": 160,
    },
  ],
  "scheduledCount": 24,
  "stripRecommendation": 50,
  "warnCountsByCause": {},
}
`;

exports[`drift ledger > B4 digest is unchanged 1`] = `
{
  "competitionCount": 30,
  "daySummaryPeaks": [
    0,
    0,
    0,
  ],
  "errorCount": 1,
  "events": {},
  "refRecommendation": {
    "foil_epee": 0,
    "three_weapon": 108,
  },
  "refRequirementsByDay": undefined,
  "scheduledCount": 0,
  "stripRecommendation": 37,
  "warnCountsByCause": {
    "RESOURCE_EXHAUSTION": 12,
  },
}
`;

exports[`drift ledger > B5 digest is unchanged 1`] = `
{
  "competitionCount": 12,
  "daySummaryPeaks": [
    116,
    116,
    112,
  ],
  "errorCount": 0,
  "events": {
    "CDT-M-EPEE-IND": {
      "assigned_day": 2,
      "constraint_relaxation_level": 0,
      "de_prelims_start": 1865,
      "de_prelims_strip_count": 16,
      "de_round_of_16_start": 1990,
      "de_round_of_16_strip_count": 4,
      "de_start": null,
      "de_strip_count": 0,
      "de_total_end": 2105,
      "peak_de_ref_demand": 4,
      "pool_end": 1832,
      "pool_start": 1680,
      "pool_strip_count": 18,
    },
    "CDT-M-FOIL-IND": {
      "assigned_day": 0,
      "constraint_relaxation_level": 0,
      "de_prelims_start": 165,
      "de_prelims_strip_count": 16,
      "de_round_of_16_start": 200,
      "de_round_of_16_strip_count": 4,
      "de_start": null,
      "de_strip_count": 0,
      "de_total_end": 345,
      "peak_de_ref_demand": 4,
      "pool_end": 133,
      "pool_start": 0,
      "pool_strip_count": 12,
    },
    "CDT-M-SABRE-IND": {
      "assigned_day": 2,
      "constraint_relaxation_level": 0,
      "de_prelims_start": 1805,
      "de_prelims_strip_count": 16,
      "de_round_of_16_start": 1900,
      "de_round_of_16_strip_count": 4,
      "de_start": null,
      "de_strip_count": 0,
      "de_total_end": 1990,
      "peak_de_ref_demand": 4,
      "pool_end": 1775,
      "pool_start": 1680,
      "pool_strip_count": 15,
    },
    "CDT-W-EPEE-IND": {
      "assigned_day": 0,
      "constraint_relaxation_level": 0,
      "de_prelims_start": 185,
      "de_prelims_strip_count": 16,
      "de_round_of_16_start": 220,
      "de_round_of_16_strip_count": 4,
      "de_start": null,
      "de_strip_count": 0,
      "de_total_end": 365,
      "peak_de_ref_demand": 4,
      "pool_end": 152,
      "pool_start": 0,
      "pool_strip_count": 12,
    },
    "CDT-W-FOIL-IND": {
      "assigned_day": 2,
      "constraint_relaxation_level": 0,
      "de_prelims_start": 1860,
      "de_prelims_strip_count": 16,
      "de_round_of_16_start": 1895,
      "de_round_of_16_strip_count": 4,
      "de_start": null,
      "de_strip_count": 0,
      "de_total_end": 2040,
      "peak_de_ref_demand": 4,
      "pool_end": 1827,
      "pool_start": 1680,
      "pool_strip_count": 10,
    },
    "CDT-W-SABRE-IND": {
      "assigned_day": 2,
      "constraint_relaxation_level": 0,
      "de_prelims_start": 1815,
      "de_prelims_strip_count": 16,
      "de_round_of_16_start": 1910,
      "de_round_of_16_strip_count": 4,
      "de_start": null,
      "de_strip_count": 0,
      "de_total_end": 2000,
      "peak_de_ref_demand": 4,
      "pool_end": 1783,
      "pool_start": 1680,
      "pool_strip_count": 13,
    },
    "JR-M-EPEE-IND": {
      "assigned_day": 0,
      "constraint_relaxation_level": 0,
      "de_prelims_start": 185,
      "de_prelims_strip_count": 16,
      "de_round_of_16_start": 310,
      "de_round_of_16_strip_count": 4,
      "de_start": null,
      "de_strip_count": 0,
      "de_total_end": 425,
      "peak_de_ref_demand": 4,
      "pool_end": 152,
      "pool_start": 0,
      "pool_strip_count": 18,
    },
    "JR-M-FOIL-IND": {
      "assigned_day": 1,
      "constraint_relaxation_level": 0,
      "de_prelims_start": 1005,
      "de_prelims_strip_count": 16,
      "de_round_of_16_start": 1130,
      "de_round_of_16_strip_count": 4,
      "de_start": null,
      "de_strip_count": 0,
      "de_total_end": 1245,
      "peak_de_ref_demand": 4,
      "pool_end": 973,
      "pool_start": 840,
      "pool_strip_count": 18,
    },
    "JR-M-SABRE-IND": {
      "assigned_day": 1,
      "constraint_relaxation_level": 0,
      "de_prelims_start": 965,
      "de_prelims_strip_count": 16,
      "de_round_of_16_start": 1060,
      "de_round_of_16_strip_count": 4,
      "de_start": null,
      "de_strip_count": 0,
      "de_total_end": 1150,
      "peak_de_ref_demand": 4,
      "pool_end": 935,
      "pool_start": 840,
      "pool_strip_count": 18,
    },
    "JR-W-EPEE-IND": {
      "assigned_day": 1,
      "constraint_relaxation_level": 0,
      "de_prelims_start": 1025,
      "de_prelims_strip_count": 16,
      "de_round_of_16_start": 1060,
      "de_round_of_16_strip_count": 4,
      "de_start": null,
      "de_strip_count": 0,
      "de_total_end": 1205,
      "peak_de_ref_demand": 4,
      "pool_end": 992,
      "pool_start": 840,
      "pool_strip_count": 12,
    },
    "JR-W-FOIL-IND": {
      "assigned_day": 1,
      "constraint_relaxation_level": 0,
      "de_prelims_start": 1020,
      "de_prelims_strip_count": 16,
      "de_round_of_16_start": 1055,
      "de_round_of_16_strip_count": 4,
      "de_start": null,
      "de_strip_count": 0,
      "de_total_end": 1200,
      "peak_de_ref_demand": 4,
      "pool_end": 987,
      "pool_start": 840,
      "pool_strip_count": 10,
    },
    "JR-W-SABRE-IND": {
      "assigned_day": 0,
      "constraint_relaxation_level": 0,
      "de_prelims_start": 135,
      "de_prelims_strip_count": 16,
      "de_round_of_16_start": 230,
      "de_round_of_16_strip_count": 4,
      "de_start": null,
      "de_strip_count": 0,
      "de_total_end": 320,
      "peak_de_ref_demand": 4,
      "pool_end": 101,
      "pool_start": 0,
      "pool_strip_count": 16,
    },
  },
  "refRecommendation": {
    "foil_epee": 4,
    "three_weapon": 68,
  },
  "refRequirementsByDay": [
    {
      "day": 0,
      "peak_saber_refs": 32,
      "peak_time": 0,
      "peak_total_refs": 116,
    },
    {
      "day": 1,
      "peak_saber_refs": 36,
      "peak_time": 840,
      "peak_total_refs": 116,
    },
    {
      "day": 2,
      "peak_saber_refs": 56,
      "peak_time": 1680,
      "peak_total_refs": 112,
    },
  ],
  "scheduledCount": 12,
  "stripRecommendation": 23,
  "warnCountsByCause": {
    "RESOURCE_EXHAUSTION": 12,
  },
}
`;

exports[`drift ledger > B6 digest is unchanged 1`] = `
{
  "competitionCount": 54,
  "daySummaryPeaks": [
    170,
    208,
    234,
  ],
  "errorCount": 10,
  "events": {
    "CDT-M-EPEE-IND": {
      "assigned_day": 0,
      "constraint_relaxation_level": 0,
      "de_prelims_start": 290,
      "de_prelims_strip_count": 16,
      "de_round_of_16_start": 545,
      "de_round_of_16_strip_count": 4,
      "de_start": null,
      "de_strip_count": 0,
      "de_total_end": 660,
      "peak_de_ref_demand": 4,
      "pool_end": 162,
      "pool_start": 0,
      "pool_strip_count": 16,
    },
    "CDT-M-FOIL-IND": {
      "assigned_day": 2,
      "constraint_relaxation_level": 0,
      "de_prelims_start": null,
      "de_prelims_strip_count": 0,
      "de_round_of_16_start": 2005,
      "de_round_of_16_strip_count": 4,
      "de_start": null,
      "de_strip_count": 0,
      "de_total_end": 2120,
      "peak_de_ref_demand": 4,
      "pool_end": 1918,
      "pool_start": 1785,
      "pool_strip_count": 6,
    },
    "CDT-M-SABRE-IND": {
      "assigned_day": 0,
      "constraint_relaxation_level": 0,
      "de_prelims_start": 310,
      "de_prelims_strip_count": 16,
      "de_round_of_16_start": 545,
      "de_round_of_16_strip_count": 4,
      "de_start": null,
      "de_strip_count": 0,
      "de_total_end": 635,
      "peak_de_ref_demand": 4,
      "pool_end": 95,
      "pool_start": 0,
      "pool_strip_count": 15,
    },
    "CDT-W-EPEE-IND": {
      "assigned_day": 1,
      "constraint_relaxation_level": 0,
      "de_prelims_start": null,
      "de_prelims_strip_count": 0,
      "de_round_of_16_start": 1225,
      "de_round_of_16_strip_count": 4,
      "de_start": null,
      "de_strip_count": 0,
      "de_total_end": 1340,
      "peak_de_ref_demand": 4,
      "pool_end": 1095,
      "pool_start": 975,
      "pool_strip_count": 5,
    },
    "CDT-W-SABRE-IND": {
      "assigned_day": 1,
      "constraint_relaxation_level": 0,
      "de_prelims_start": 1225,
      "de_prelims_strip_count": 16,
      "de_round_of_16_start": 1260,
      "de_round_of_16_strip_count": 4,
      "de_start": null,
      "de_strip_count": 0,
      "de_total_end": 1375,
      "peak_de_ref_demand": 4,
      "pool_end": 935,
      "pool_start": 840,
      "pool_strip_count": 12,
    },
    "D1A-M-EPEE-IND": {
      "assigned_day": 1,
      "constraint_relaxation_level": 0,
      "de_prelims_start": null,
      "de_prelims_strip_count": 0,
      "de_round_of_16_start": null,
      "de_round_of_16_strip_count": 0,
      "de_start": 1230,
      "de_strip_count": 16,
      "de_total_end": 1376,
      "peak_de_ref_demand": 4,
      "pool_end": 1132,
      "pool_start": 1000,
      "pool_strip_count": 8,
    },
    "D1A-M-FOIL-IND": {
      "assigned_day": 1,
      "constraint_relaxation_level": 0,
      "de_prelims_start": null,
      "de_prelims_strip_count": 0,
      "de_round_of_16_start": null,
      "de_round_of_16_strip_count": 0,
      "de_start": 1275,
      "de_strip_count": 16,
      "de_total_end": 1482,
      "peak_de_ref_demand": 4,
      "pool_end": 973,
      "pool_start": 840,
      "pool_strip_count": 15,
    },
    "D1A-M-SABRE-IND": {
      "assigned_day": 1,
      "constraint_relaxation_level": 0,
      "de_prelims_start": null,
      "de_prelims_strip_count": 0,
      "de_round_of_16_start": null,
      "de_round_of_16_strip_count": 0,
      "de_start": 1345,
      "de_strip_count": 16,
      "de_total_end": 1462,
      "peak_de_ref_demand": 4,
      "pool_end": 1113,
      "pool_start": 1030,
      "pool_strip_count": 8,
    },
    "D1A-W-EPEE-IND": {
      "assigned_day": 0,
      "constraint_relaxation_level": 0,
      "de_prelims_start": null,
      "de_prelims_strip_count": 0,
      "de_round_of_16_start": null,
      "de_round_of_16_strip_count": 0,
      "de_start": 435,
      "de_strip_count": 16,
      "de_total_end": 581,
      "peak_de_ref_demand": 4,
      "pool_end": 362,
      "pool_start": 230,
      "pool_strip_count": 8,
    },
    "D1A-W-SABRE-IND": {
      "assigned_day": 0,
      "constraint_relaxation_level": 0,
      "de_prelims_start": null,
      "de_prelims_strip_count": 0,
      "de_round_of_16_start": null,
      "de_round_of_16_strip_count": 0,
      "de_start": 280,
      "de_strip_count": 8,
      "de_total_end": 349,
      "peak_de_ref_demand": 4,
      "pool_end": 50,
      "pool_start": 0,
      "pool_strip_count": 2,
    },
    "D2-M-EPEE-IND": {
      "assigned_day": 2,
      "constraint_relaxation_level": 0,
      "de_prelims_start": null,
      "de_prelims_strip_count": 0,
      "de_round_of_16_start": null,
      "de_round_of_16_strip_count": 0,
      "de_start": 2360,
      "de_strip_count": 16,
      "de_total_end": 2506,
      "peak_de_ref_demand": 4,
      "pool_end": 2317,
      "pool_start": 2165,
      "pool_strip_count": 9,
    },
    "D2-M-SABRE-IND": {
      "assigned_day": 2,
      "constraint_relaxation_level": 0,
      "de_prelims_start": null,
      "de_prelims_strip_count": 0,
      "de_round_of_16_start": null,
      "de_round_of_16_strip_count": 0,
      "de_start": 2075,
      "de_strip_count": 16,
      "de_total_end": 2192,
      "peak_de_ref_demand": 4,
      "pool_end": 2003,
      "pool_start": 1920,
      "pool_strip_count": 8,
    },
    "D2-W-EPEE-IND": {
      "assigned_day": 2,
      "constraint_relaxation_level": 0,
      "de_prelims_start": null,
      "de_prelims_strip_count": 0,
      "de_round_of_16_start": null,
      "de_round_of_16_strip_count": 0,
      "de_start": 2400,
      "de_strip_count": 16,
      "de_total_end": 2546,
      "peak_de_ref_demand": 4,
      "pool_end": 2347,
      "pool_start": 2195,
      "pool_strip_count": 9,
    },
    "D2-W-SABRE-IND": {
      "assigned_day": 2,
      "constraint_relaxation_level": 0,
      "de_prelims_start": null,
      "de_prelims_strip_count": 0,
      "de_round_of_16_start": null,
      "de_round_of_16_strip_count": 0,
      "de_start": 2015,
      "de_strip_count": 16,
      "de_total_end": 2101,
      "peak_de_ref_demand": 4,
      "pool_end": 1945,
      "pool_start": 1870,
      "pool_strip_count": 5,
    },
    "JR-M-EPEE-IND": {
      "assigned_day": 2,
      "constraint_relaxation_level": 0,
      "de_prelims_start": 1920,
      "de_prelims_strip_count": 16,
      "de_round_of_16_start": 2050,
      "de_round_of_16_strip_count": 4,
      "de_start": null,
      "de_strip_count": 0,
      "de_total_end": 2165,
      "peak_de_ref_demand": 4,
      "pool_end": 1832,
      "pool_start": 1680,
      "pool_strip_count": 18,
    },
    "JR-M-SABRE-IND": {
      "assigned_day": 2,
      "constraint_relaxation_level": 0,
      "de_prelims_start": 1955,
      "de_prelims_strip_count": 16,
      "de_round_of_16_start": 2050,
      "de_round_of_16_strip_count": 4,
      "de_start": null,
      "de_strip_count": 0,
      "de_total_end": 2140,
      "peak_de_ref_demand": 4,
      "pool_end": 1775,
      "pool_start": 1680,
      "pool_strip_count": 18,
    },
    "JR-W-FOIL-IND": {
      "assigned_day": 2,
      "constraint_relaxation_level": 0,
      "de_prelims_start": null,
      "de_prelims_strip_count": 0,
      "de_round_of_16_start": 2090,
      "de_round_of_16_strip_count": 4,
      "de_start": null,
      "de_strip_count": 0,
      "de_total_end": 2205,
      "peak_de_ref_demand": 4,
      "pool_end": 2050,
      "pool_start": 1945,
      "pool_strip_count": 5,
    },
    "JR-W-SABRE-IND": {
      "assigned_day": 2,
      "constraint_relaxation_level": 0,
      "de_prelims_start": 2020,
      "de_prelims_strip_count": 16,
      "de_round_of_16_start": 2110,
      "de_round_of_16_strip_count": 4,
      "de_start": null,
      "de_strip_count": 0,
      "de_total_end": 2225,
      "peak_de_ref_demand": 4,
      "pool_end": 1870,
      "pool_start": 1775,
      "pool_strip_count": 12,
    },
    "VET-M-EPEE-IND-VCMB": {
      "assigned_day": 0,
      "constraint_relaxation_level": 0,
      "de_prelims_start": null,
      "de_prelims_strip_count": 0,
      "de_round_of_16_start": null,
      "de_round_of_16_strip_count": 0,
      "de_start": 385,
      "de_strip_count": 16,
      "de_total_end": 531,
      "peak_de_ref_demand": 4,
      "pool_end": 227,
      "pool_start": 75,
      "pool_strip_count": 6,
    },
    "VET-M-FOIL-IND-VCMB": {
      "assigned_day": 2,
      "constraint_relaxation_level": 0,
      "de_prelims_start": null,
      "de_prelims_strip_count": 0,
      "de_round_of_16_start": null,
      "de_round_of_16_strip_count": 0,
      "de_start": 2025,
      "de_strip_count": 16,
      "de_total_end": 2139,
      "peak_de_ref_demand": 4,
      "pool_end": 1948,
      "pool_start": 1815,
      "pool_strip_count": 3,
    },
    "VET-M-SABRE-IND-VCMB": {
      "assigned_day": 0,
      "constraint_relaxation_level": 0,
      "de_prelims_start": null,
      "de_prelims_strip_count": 0,
      "de_round_of_16_start": null,
      "de_round_of_16_strip_count": 0,
      "de_start": 505,
      "de_strip_count": 16,
      "de_total_end": 591,
      "peak_de_ref_demand": 4,
      "pool_end": 165,
      "pool_start": 70,
      "pool_strip_count": 3,
    },
    "VET-W-FOIL-IND-VCMB": {
      "assigned_day": 1,
      "constraint_relaxation_level": 0,
      "de_prelims_start": null,
      "de_prelims_strip_count": 0,
      "de_round_of_16_start": null,
      "de_round_of_16_strip_count": 0,
      "de_start": 1135,
      "de_strip_count": 8,
      "de_total_end": 1218,
      "peak_de_ref_demand": 4,
      "pool_end": 910,
      "pool_start": 840,
      "pool_strip_count": 2,
    },
    "VET-W-SABRE-IND-VCMB": {
      "assigned_day": 2,
      "constraint_relaxation_level": 0,
      "de_prelims_start": null,
      "de_prelims_strip_count": 0,
      "de_round_of_16_start": null,
      "de_round_of_16_strip_count": 0,
      "de_start": 2320,
      "de_strip_count": 8,
      "de_total_end": 2389,
      "peak_de_ref_demand": 4,
      "pool_end": 2265,
      "pool_start": 2215,
      "pool_strip_count": 2,
    },
    "Y10-M-EPEE-IND": {
      "assigned_day": 1,
      "constraint_relaxation_level": 0,
      "de_prelims_start": null,
      "de_prelims_strip_count": 0,
      "de_round_of_16_start": null,
      "de_round_of_16_strip_count": 0,
      "de_start": 1140,
      "de_strip_count": 16,
      "de_total_end": 1254,
      "peak_de_ref_demand": 4,
      "pool_end": 992,
      "pool_start": 840,
      "pool_strip_count": 3,
    },
    "Y10-M-FOIL-IND": {
      "assigned_day": 2,
      "constraint_relaxation_level": 0,
      "de_prelims_start": null,
      "de_prelims_strip_count": 0,
      "de_round_of_16_start": null,
      "de_round_of_16_strip_count": 0,
      "de_start": 1870,
      "de_strip_count": 16,
      "de_total_end": 1984,
      "peak_de_ref_demand": 4,
      "pool_end": 1813,
      "pool_start": 1680,
      "pool_strip_count": 3,
    },
    "Y10-M-SABRE-IND": {
      "assigned_day": 0,
      "constraint_relaxation_level": 0,
      "de_prelims_start": null,
      "de_prelims_strip_count": 0,
      "de_round_of_16_start": null,
      "de_round_of_16_strip_count": 0,
      "de_start": 165,
      "de_strip_count": 16,
      "de_total_end": 251,
      "peak_de_ref_demand": 4,
      "pool_end": 75,
      "pool_start": 0,
      "pool_strip_count": 5,
    },
    "Y10-W-EPEE-IND": {
      "assigned_day": 0,
      "constraint_relaxation_level": 0,
      "de_prelims_start": null,
      "de_prelims_strip_count": 0,
      "de_round_of_16_start": null,
      "de_round_of_16_strip_count": 0,
      "de_start": 225,
      "de_strip_count": 16,
      "de_total_end": 339,
      "peak_de_ref_demand": 4,
      "pool_end": 152,
      "pool_start": 0,
      "pool_strip_count": 3,
    },
    "Y10-W-FOIL-IND": {
      "assigned_day": 1,
      "constraint_relaxation_level": 0,
      "de_prelims_start": null,
      "de_prelims_strip_count": 0,
      "de_round_of_16_start": null,
      "de_round_of_16_strip_count": 0,
      "de_start": 1190,
      "de_strip_count": 16,
      "de_total_end": 1304,
      "peak_de_ref_demand": 4,
      "pool_end": 973,
      "pool_start": 840,
      "pool_strip_count": 3,
    },
    "Y10-W-SABRE-IND": {
      "assigned_day": 0,
      "constraint_relaxation_level": 0,
      "de_prelims_start": null,
      "de_prelims_strip_count": 0,
      "de_round_of_16_start": null,
      "de_round_of_16_strip_count": 0,
      "de_start": 230,
      "de_strip_count": 16,
      "de_total_end": 316,
      "peak_de_ref_demand": 4,
      "pool_end": 95,
      "pool_start": 0,
      "pool_strip_count": 3,
    },
    "Y12-M-FOIL-IND": {
      "assigned_day": 1,
      "constraint_relaxation_level": 0,
      "de_prelims_start": null,
      "de_prelims_strip_count": 0,
      "de_round_of_16_start": null,
      "de_round_of_16_strip_count": 0,
      "de_start": 1350,
      "de_strip_count": 16,
      "de_total_end": 1557,
      "peak_de_ref_demand": 4,
      "pool_end": 987,
      "pool_start": 840,
      "pool_strip_count": 10,
    },
    "Y12-M-SABRE-IND": {
      "assigned_day": 2,
      "constraint_relaxation_level": 0,
      "de_prelims_start": null,
      "de_prelims_strip_count": 0,
      "de_round_of_16_start": null,
      "de_round_of_16_strip_count": 0,
      "de_start": 2280,
      "de_strip_count": 16,
      "de_total_end": 2428,
      "peak_de_ref_demand": 4,
      "pool_end": 2215,
      "pool_start": 2110,
      "pool_strip_count": 10,
    },
    "Y12-W-EPEE-IND": {
      "assigned_day": 1,
      "constraint_relaxation_level": 0,
      "de_prelims_start": null,
      "de_prelims_strip_count": 0,
      "de_round_of_16_start": null,
      "de_round_of_16_strip_count": 0,
      "de_start": 1435,
      "de_strip_count": 16,
      "de_total_end": 1642,
      "peak_de_ref_demand": 4,
      "pool_end": 1103,
      "pool_start": 935,
      "pool_strip_count": 10,
    },
    "Y12-W-FOIL-IND": {
      "assigned_day": 2,
      "constraint_relaxation_level": 0,
      "de_prelims_start": null,
      "de_prelims_strip_count": 0,
      "de_round_of_16_start": null,
      "de_round_of_16_strip_count": 0,
      "de_start": 1835,
      "de_strip_count": 16,
      "de_total_end": 1949,
      "peak_de_ref_demand": 4,
      "pool_end": 1785,
      "pool_start": 1680,
      "pool_strip_count": 5,
    },
    "Y12-W-SABRE-IND": {
      "assigned_day": 1,
      "constraint_relaxation_level": 0,
      "de_prelims_start": null,
      "de_prelims_strip_count": 0,
      "de_round_of_16_start": null,
      "de_round_of_16_strip_count": 0,
      "de_start": 1455,
      "de_strip_count": 16,
      "de_total_end": 1572,
      "peak_de_ref_demand": 4,
      "pool_end": 1178,
      "pool_start": 1095,
      "pool_strip_count": 8,
    },
    "Y14-M-EPEE-IND": {
      "assigned_day": 1,
      "constraint_relaxation_level": 0,
      "de_prelims_start": null,
      "de_prelims_strip_count": 0,
      "de_round_of_16_start": null,
      "de_round_of_16_strip_count": 0,
      "de_start": 1530,
      "de_strip_count": 16,
      "de_total_end": 1676,
      "peak_de_ref_demand": 4,
      "pool_end": 1237,
      "pool_start": 1105,
      "pool_strip_count": 8,
    },
    "Y14-M-FOIL-IND": {
      "assigned_day": 0,
      "constraint_relaxation_level": 0,
      "de_prelims_start": null,
      "de_prelims_strip_count": 0,
      "de_round_of_16_start": null,
      "de_round_of_16_strip_count": 0,
      "de_start": 365,
      "de_strip_count": 16,
      "de_total_end": 572,
      "peak_de_ref_demand": 4,
      "pool_end": 228,
      "pool_start": 95,
      "pool_strip_count": 15,
    },
    "Y14-M-SABRE-IND": {
      "assigned_day": 1,
      "constraint_relaxation_level": 0,
      "de_prelims_start": null,
      "de_prelims_strip_count": 0,
      "de_round_of_16_start": null,
      "de_round_of_16_strip_count": 0,
      "de_start": 1545,
      "de_strip_count": 16,
      "de_total_end": 1662,
      "peak_de_ref_demand": 4,
      "pool_end": 1198,
      "pool_start": 1115,
      "pool_strip_count": 8,
    },
    "Y14-W-SABRE-IND": {
      "assigned_day": 0,
      "constraint_relaxation_level": 0,
      "de_prelims_start": null,
      "de_prelims_strip_count": 0,
      "de_round_of_16_start": null,
      "de_round_of_16_strip_count": 0,
      "de_start": 375,
      "de_strip_count": 16,
      "de_total_end": 461,
      "peak_de_ref_demand": 4,
      "pool_end": 170,
      "pool_start": 95,
      "pool_strip_count": 5,
    },
    "Y8-M-EPEE-IND": {
      "assigned_day": 0,
      "constraint_relaxation_level": 0,
      "de_prelims_start": null,
      "de_prelims_strip_count": 0,
      "de_round_of_16_start": null,
      "de_round_of_16_strip_count": 0,
      "de_start": 170,
      "de_strip_count": 8,
      "de_total_end": 253,
      "peak_de_ref_demand": 4,
      "pool_end": 80,
      "pool_start": 0,
      "pool_strip_count": 2,
    },
    "Y8-M-FOIL-IND": {
      "assigned_day": 1,
      "constraint_relaxation_level": 0,
      "de_prelims_start": null,
      "de_prelims_strip_count": 0,
      "de_round_of_16_start": null,
      "de_round_of_16_strip_count": 0,
      "de_start": 975,
      "de_strip_count": 8,
      "de_total_end": 1058,
      "peak_de_ref_demand": 4,
      "pool_end": 910,
      "pool_start": 840,
      "pool_strip_count": 2,
    },
    "Y8-M-SABRE-IND": {
      "assigned_day": 2,
      "constraint_relaxation_level": 0,
      "de_prelims_start": null,
      "de_prelims_strip_count": 0,
      "de_round_of_16_start": null,
      "de_round_of_16_strip_count": 0,
      "de_start": 1775,
      "de_strip_count": 8,
      "de_total_end": 1844,
      "peak_de_ref_demand": 4,
      "pool_end": 1730,
      "pool_start": 1680,
      "pool_strip_count": 2,
    },
    "Y8-W-EPEE-IND": {
      "assigned_day": 2,
      "constraint_relaxation_level": 0,
      "de_prelims_start": null,
      "de_prelims_strip_count": 0,
      "de_round_of_16_start": null,
      "de_round_of_16_strip_count": 0,
      "de_start": 1815,
      "de_strip_count": 8,
      "de_total_end": 1898,
      "peak_de_ref_demand": 4,
      "pool_end": 1760,
      "pool_start": 1680,
      "pool_strip_count": 2,
    },
    "Y8-W-FOIL-IND": {
      "assigned_day": 0,
      "constraint_relaxation_level": 0,
      "de_prelims_start": null,
      "de_prelims_strip_count": 0,
      "de_round_of_16_start": null,
      "de_round_of_16_strip_count": 0,
      "de_start": 225,
      "de_strip_count": 8,
      "de_total_end": 308,
      "peak_de_ref_demand": 4,
      "pool_end": 70,
      "pool_start": 0,
      "pool_strip_count": 2,
    },
    "Y8-W-SABRE-IND": {
      "assigned_day": 1,
      "constraint_relaxation_level": 0,
      "de_prelims_start": null,
      "de_prelims_strip_count": 0,
      "de_round_of_16_start": null,
      "de_round_of_16_strip_count": 0,
      "de_start": 975,
      "de_strip_count": 4,
      "de_total_end": 1028,
      "peak_de_ref_demand": 4,
      "pool_end": 915,
      "pool_start": 840,
      "pool_strip_count": 1,
    },
  },
  "refRecommendation": {
    "foil_epee": 2,
    "three_weapon": 66,
  },
  "refRequirementsByDay": [
    {
      "day": 0,
      "peak_saber_refs": 52,
      "peak_time": 95,
      "peak_total_refs": 132,
    },
    {
      "day": 1,
      "peak_saber_refs": 32,
      "peak_time": 935,
      "peak_total_refs": 106,
    },
    {
      "day": 2,
      "peak_saber_refs": 68,
      "peak_time": 1775,
      "peak_total_refs": 120,
    },
  ],
  "scheduledCount": 44,
  "stripRecommendation": 23,
  "warnCountsByCause": {
    "DEADLINE_BREACH": 12,
    "RESOURCE_EXHAUSTION": 18,
  },
}
`;

exports[`drift ledger > B7 digest is unchanged 1`] = `
{
  "competitionCount": 18,
  "daySummaryPeaks": [
    340,
    238,
    330,
    310,
  ],
  "errorCount": 0,
  "events": {
    "CDT-M-EPEE-IND": {
      "assigned_day": 3,
      "constraint_relaxation_level": 0,
      "de_prelims_start": 2855,
      "de_prelims_strip_count": 16,
      "de_round_of_16_start": 3070,
      "de_round_of_16_strip_count": 4,
      "de_start": null,
      "de_strip_count": 0,
      "de_total_end": 3160,
      "peak_de_ref_demand": 4,
      "pool_end": 2687,
      "pool_start": 2520,
      "pool_strip_count": 33,
    },
    "CDT-M-FOIL-IND": {
      "assigned_day": 0,
      "constraint_relaxation_level": 0,
      "de_prelims_start": 170,
      "de_prelims_strip_count": 16,
      "de_round_of_16_start": 385,
      "de_round_of_16_strip_count": 4,
      "de_start": null,
      "de_strip_count": 0,
      "de_total_end": 475,
      "peak_de_ref_demand": 4,
      "pool_end": 138,
      "pool_start": 0,
      "pool_strip_count": 28,
    },
    "CDT-M-SABRE-IND": {
      "assigned_day": 2,
      "constraint_relaxation_level": 0,
      "de_prelims_start": 1850,
      "de_prelims_strip_count": 16,
      "de_round_of_16_start": 1975,
      "de_round_of_16_strip_count": 4,
      "de_start": null,
      "de_strip_count": 0,
      "de_total_end": 2035,
      "peak_de_ref_demand": 4,
      "pool_end": 1781,
      "pool_start": 1680,
      "pool_strip_count": 32,
    },
    "CDT-W-EPEE-IND": {
      "assigned_day": 3,
      "constraint_relaxation_level": 0,
      "de_prelims_start": 2885,
      "de_prelims_strip_count": 16,
      "de_round_of_16_start": 3100,
      "de_round_of_16_strip_count": 4,
      "de_start": null,
      "de_strip_count": 0,
      "de_total_end": 3190,
      "peak_de_ref_demand": 4,
      "pool_end": 2854,
      "pool_start": 2690,
      "pool_strip_count": 26,
    },
    "CDT-W-FOIL-IND": {
      "assigned_day": 2,
      "constraint_relaxation_level": 0,
      "de_prelims_start": 2060,
      "de_prelims_strip_count": 16,
      "de_round_of_16_start": 2275,
      "de_round_of_16_strip_count": 4,
      "de_start": null,
      "de_strip_count": 0,
      "de_total_end": 2365,
      "peak_de_ref_demand": 4,
      "pool_end": 2029,
      "pool_start": 1890,
      "pool_strip_count": 25,
    },
    "CDT-W-SABRE-IND": {
      "assigned_day": 3,
      "constraint_relaxation_level": 0,
      "de_prelims_start": 2900,
      "de_prelims_strip_count": 16,
      "de_round_of_16_start": 3025,
      "de_round_of_16_strip_count": 4,
      "de_start": null,
      "de_strip_count": 0,
      "de_total_end": 3085,
      "peak_de_ref_demand": 4,
      "pool_end": 2868,
      "pool_start": 2765,
      "pool_strip_count": 26,
    },
    "D1-M-EPEE-IND": {
      "assigned_day": 2,
      "constraint_relaxation_level": 0,
      "de_prelims_start": 1945,
      "de_prelims_strip_count": 16,
      "de_round_of_16_start": 2160,
      "de_round_of_16_strip_count": 4,
      "de_start": null,
      "de_strip_count": 0,
      "de_total_end": 2250,
      "peak_de_ref_demand": 4,
      "pool_end": 1846,
      "pool_start": 1680,
      "pool_strip_count": 46,
    },
    "D1-M-FOIL-IND": {
      "assigned_day": 3,
      "constraint_relaxation_level": 0,
      "de_prelims_start": 2690,
      "de_prelims_strip_count": 16,
      "de_round_of_16_start": 2905,
      "de_round_of_16_strip_count": 4,
      "de_start": null,
      "de_strip_count": 0,
      "de_total_end": 2995,
      "peak_de_ref_demand": 4,
      "pool_end": 2660,
      "pool_start": 2520,
      "pool_strip_count": 38,
    },
    "D1-M-SABRE-IND": {
      "assigned_day": 3,
      "constraint_relaxation_level": 0,
      "de_prelims_start": 2855,
      "de_prelims_strip_count": 16,
      "de_round_of_16_start": 2980,
      "de_round_of_16_strip_count": 4,
      "de_start": null,
      "de_strip_count": 0,
      "de_total_end": 3040,
      "peak_de_ref_demand": 4,
      "pool_end": 2761,
      "pool_start": 2660,
      "pool_strip_count": 32,
    },
    "D1-W-EPEE-IND": {
      "assigned_day": 2,
      "constraint_relaxation_level": 0,
      "de_prelims_start": 2050,
      "de_prelims_strip_count": 16,
      "de_round_of_16_start": 2265,
      "de_round_of_16_strip_count": 4,
      "de_start": null,
      "de_strip_count": 0,
      "de_total_end": 2355,
      "peak_de_ref_demand": 4,
      "pool_end": 2018,
      "pool_start": 1850,
      "pool_strip_count": 30,
    },
    "D1-W-FOIL-IND": {
      "assigned_day": 0,
      "constraint_relaxation_level": 0,
      "de_prelims_start": 355,
      "de_prelims_strip_count": 16,
      "de_round_of_16_start": 570,
      "de_round_of_16_strip_count": 4,
      "de_start": null,
      "de_strip_count": 0,
      "de_total_end": 660,
      "peak_de_ref_demand": 4,
      "pool_end": 284,
      "pool_start": 140,
      "pool_strip_count": 26,
    },
    "D1-W-SABRE-IND": {
      "assigned_day": 2,
      "constraint_relaxation_level": 0,
      "de_prelims_start": 2020,
      "de_prelims_strip_count": 16,
      "de_round_of_16_start": 2145,
      "de_round_of_16_strip_count": 4,
      "de_start": null,
      "de_strip_count": 0,
      "de_total_end": 2205,
      "peak_de_ref_demand": 4,
      "pool_end": 1886,
      "pool_start": 1785,
      "pool_strip_count": 32,
    },
    "JR-M-EPEE-IND": {
      "assigned_day": 0,
      "constraint_relaxation_level": 0,
      "de_prelims_start": 285,
      "de_prelims_strip_count": 16,
      "de_round_of_16_start": 500,
      "de_round_of_16_strip_count": 4,
      "de_start": null,
      "de_strip_count": 0,
      "de_total_end": 590,
      "peak_de_ref_demand": 4,
      "pool_end": 166,
      "pool_start": 0,
      "pool_strip_count": 46,
    },
    "JR-M-FOIL-IND": {
      "assigned_day": 1,
      "constraint_relaxation_level": 0,
      "de_prelims_start": 1020,
      "de_prelims_strip_count": 16,
      "de_round_of_16_start": 1235,
      "de_round_of_16_strip_count": 4,
      "de_start": null,
      "de_strip_count": 0,
      "de_total_end": 1325,
      "peak_de_ref_demand": 4,
      "pool_end": 986,
      "pool_start": 840,
      "pool_strip_count": 43,
    },
    "JR-M-SABRE-IND": {
      "assigned_day": 1,
      "constraint_relaxation_level": 0,
      "de_prelims_start": 1125,
      "de_prelims_strip_count": 16,
      "de_round_of_16_start": 1250,
      "de_round_of_16_strip_count": 4,
      "de_start": null,
      "de_strip_count": 0,
      "de_total_end": 1310,
      "peak_de_ref_demand": 4,
      "pool_end": 1094,
      "pool_start": 990,
      "pool_strip_count": 43,
    },
    "JR-W-EPEE-IND": {
      "assigned_day": 0,
      "constraint_relaxation_level": 0,
      "de_prelims_start": 440,
      "de_prelims_strip_count": 16,
      "de_round_of_16_start": 655,
      "de_round_of_16_strip_count": 4,
      "de_start": null,
      "de_strip_count": 0,
      "de_total_end": 745,
      "peak_de_ref_demand": 4,
      "pool_end": 331,
      "pool_start": 170,
      "pool_strip_count": 35,
    },
    "JR-W-FOIL-IND": {
      "assigned_day": 1,
      "constraint_relaxation_level": 0,
      "de_prelims_start": 1020,
      "de_prelims_strip_count": 16,
      "de_round_of_16_start": 1235,
      "de_round_of_16_strip_count": 4,
      "de_start": null,
      "de_strip_count": 0,
      "de_total_end": 1325,
      "peak_de_ref_demand": 4,
      "pool_end": 986,
      "pool_start": 840,
      "pool_strip_count": 33,
    },
    "JR-W-SABRE-IND": {
      "assigned_day": 0,
      "constraint_relaxation_level": 0,
      "de_prelims_start": 470,
      "de_prelims_strip_count": 16,
      "de_round_of_16_start": 595,
      "de_round_of_16_strip_count": 4,
      "de_start": null,
      "de_strip_count": 0,
      "de_total_end": 655,
      "peak_de_ref_demand": 4,
      "pool_end": 436,
      "pool_start": 335,
      "pool_strip_count": 35,
    },
  },
  "refRecommendation": {
    "foil_epee": 28,
    "three_weapon": 156,
  },
  "refRequirementsByDay": [
    {
      "day": 0,
      "peak_saber_refs": 70,
      "peak_time": 0,
      "peak_total_refs": 148,
    },
    {
      "day": 1,
      "peak_saber_refs": 86,
      "peak_time": 840,
      "peak_total_refs": 152,
    },
    {
      "day": 2,
      "peak_saber_refs": 80,
      "peak_time": 1680,
      "peak_total_refs": 156,
    },
    {
      "day": 3,
      "peak_saber_refs": 68,
      "peak_time": 2660,
      "peak_total_refs": 206,
    },
  ],
  "scheduledCount": 18,
  "stripRecommendation": 58,
  "warnCountsByCause": {
    "SCHEDULE_ACCEPTED_WITH_WARNINGS": 2,
  },
}
`;

exports[`drift ledger > B8 digest is unchanged 1`] = `
{
  "competitionCount": 53,
  "daySummaryPeaks": [
    316,
    134,
    174,
    270,
  ],
  "errorCount": 1,
  "events": {
    "D1-M-EPEE-IND": {
      "assigned_day": 3,
      "constraint_relaxation_level": 0,
      "de_prelims_start": 2725,
      "de_prelims_strip_count": 16,
      "de_round_of_16_start": 2940,
      "de_round_of_16_strip_count": 4,
      "de_start": null,
      "de_strip_count": 0,
      "de_total_end": 3030,
      "peak_de_ref_demand": 4,
      "pool_end": 2679,
      "pool_start": 2520,
      "pool_strip_count": 32,
    },
    "D1-M-EPEE-TEAM": {
      "assigned_day": 2,
      "constraint_relaxation_level": 0,
      "de_prelims_start": null,
      "de_prelims_strip_count": 0,
      "de_round_of_16_start": null,
      "de_round_of_16_strip_count": 0,
      "de_start": 2090,
      "de_strip_count": 8,
      "de_total_end": 2203,
      "peak_de_ref_demand": 4,
      "pool_end": 1988,
      "pool_start": 1820,
      "pool_strip_count": 2,
    },
    "D1-M-FOIL-IND": {
      "assigned_day": 2,
      "constraint_relaxation_level": 0,
      "de_prelims_start": 1855,
      "de_prelims_strip_count": 16,
      "de_round_of_16_start": 1990,
      "de_round_of_16_strip_count": 4,
      "de_start": null,
      "de_strip_count": 0,
      "de_total_end": 2105,
      "peak_de_ref_demand": 4,
      "pool_end": 1821,
      "pool_start": 1680,
      "pool_strip_count": 20,
    },
    "D1-M-FOIL-TEAM": {
      "assigned_day": 3,
      "constraint_relaxation_level": 0,
      "de_prelims_start": null,
      "de_prelims_strip_count": 0,
      "de_round_of_16_start": null,
      "de_round_of_16_strip_count": 0,
      "de_start": 2790,
      "de_strip_count": 2,
      "de_total_end": 2865,
      "peak_de_ref_demand": 4,
      "pool_end": 2757,
      "pool_start": 2715,
      "pool_strip_count": 1,
    },
    "D1-M-SABRE-IND": {
      "assigned_day": 0,
      "constraint_relaxation_level": 0,
      "de_prelims_start": 450,
      "de_prelims_strip_count": 16,
      "de_round_of_16_start": 545,
      "de_round_of_16_strip_count": 4,
      "de_start": null,
      "de_strip_count": 0,
      "de_total_end": 635,
      "peak_de_ref_demand": 4,
      "pool_end": 354,
      "pool_start": 250,
      "pool_strip_count": 20,
    },
    "D1-M-SABRE-TEAM": {
      "assigned_day": 1,
      "constraint_relaxation_level": 0,
      "de_prelims_start": null,
      "de_prelims_strip_count": 0,
      "de_round_of_16_start": null,
      "de_round_of_16_strip_count": 0,
      "de_start": 985,
      "de_strip_count": 4,
      "de_total_end": 1068,
      "peak_de_ref_demand": 4,
      "pool_end": 945,
      "pool_start": 840,
      "pool_strip_count": 1,
    },
    "D1-W-EPEE-IND": {
      "assigned_day": 2,
      "constraint_relaxation_level": 0,
      "de_prelims_start": 1935,
      "de_prelims_strip_count": 16,
      "de_round_of_16_start": 2075,
      "de_round_of_16_strip_count": 4,
      "de_start": null,
      "de_strip_count": 0,
      "de_total_end": 2190,
      "peak_de_ref_demand": 4,
      "pool_end": 1841,
      "pool_start": 1680,
      "pool_strip_count": 22,
    },
    "D1-W-EPEE-TEAM": {
      "assigned_day": 3,
      "constraint_relaxation_level": 0,
      "de_prelims_start": null,
      "de_prelims_strip_count": 0,
      "de_round_of_16_start": null,
      "de_round_of_16_strip_count": 0,
      "de_start": 2875,
      "de_strip_count": 8,
      "de_total_end": 2988,
      "peak_de_ref_demand": 4,
      "pool_end": 2825,
      "pool_start": 2725,
      "pool_strip_count": 2,
    },
    "D1-W-FOIL-IND": {
      "assigned_day": 3,
      "constraint_relaxation_level": 0,
      "de_prelims_start": 3125,
      "de_prelims_strip_count": 16,
      "de_round_of_16_start": 3250,
      "de_round_of_16_strip_count": 4,
      "de_start": null,
      "de_strip_count": 0,
      "de_total_end": 3365,
      "peak_de_ref_demand": 4,
      "pool_end": 3091,
      "pool_start": 2950,
      "pool_strip_count": 15,
    },
    "D1-W-SABRE-IND": {
      "assigned_day": 3,
      "constraint_relaxation_level": 0,
      "de_prelims_start": 2765,
      "de_prelims_strip_count": 16,
      "de_round_of_16_start": 2860,
      "de_round_of_16_strip_count": 4,
      "de_start": null,
      "de_strip_count": 0,
      "de_total_end": 2950,
      "peak_de_ref_demand": 4,
      "pool_end": 2725,
      "pool_start": 2625,
      "pool_strip_count": 23,
    },
    "D1-W-SABRE-TEAM": {
      "assigned_day": 1,
      "constraint_relaxation_level": 0,
      "de_prelims_start": null,
      "de_prelims_strip_count": 0,
      "de_round_of_16_start": null,
      "de_round_of_16_strip_count": 0,
      "de_start": 990,
      "de_strip_count": 4,
      "de_total_end": 1073,
      "peak_de_ref_demand": 4,
      "pool_end": 945,
      "pool_start": 840,
      "pool_strip_count": 1,
    },
    "JR-M-EPEE-IND": {
      "assigned_day": 0,
      "constraint_relaxation_level": 0,
      "de_prelims_start": 265,
      "de_prelims_strip_count": 16,
      "de_round_of_16_start": 480,
      "de_round_of_16_strip_count": 4,
      "de_start": null,
      "de_strip_count": 0,
      "de_total_end": 570,
      "peak_de_ref_demand": 4,
      "pool_end": 168,
      "pool_start": 0,
      "pool_strip_count": 38,
    },
    "JR-M-FOIL-IND": {
      "assigned_day": 0,
      "constraint_relaxation_level": 0,
      "de_prelims_start": 355,
      "de_prelims_strip_count": 16,
      "de_round_of_16_start": 595,
      "de_round_of_16_strip_count": 4,
      "de_start": null,
      "de_strip_count": 0,
      "de_total_end": 685,
      "peak_de_ref_demand": 4,
      "pool_end": 246,
      "pool_start": 105,
      "pool_strip_count": 26,
    },
    "JR-M-SABRE-IND": {
      "assigned_day": 3,
      "constraint_relaxation_level": 0,
      "de_prelims_start": 2680,
      "de_prelims_strip_count": 16,
      "de_round_of_16_start": 2805,
      "de_round_of_16_strip_count": 4,
      "de_start": null,
      "de_strip_count": 0,
      "de_total_end": 2865,
      "peak_de_ref_demand": 4,
      "pool_end": 2625,
      "pool_start": 2520,
      "pool_strip_count": 27,
    },
    "JR-W-FOIL-IND": {
      "assigned_day": 1,
      "constraint_relaxation_level": 0,
      "de_prelims_start": 1020,
      "de_prelims_strip_count": 16,
      "de_round_of_16_start": 1145,
      "de_round_of_16_strip_count": 4,
      "de_start": null,
      "de_strip_count": 0,
      "de_total_end": 1260,
      "peak_de_ref_demand": 4,
      "pool_end": 987,
      "pool_start": 840,
      "pool_strip_count": 18,
    },
    "JR-W-SABRE-IND": {
      "assigned_day": 0,
      "constraint_relaxation_level": 0,
      "de_prelims_start": 170,
      "de_prelims_strip_count": 16,
      "de_round_of_16_start": 365,
      "de_round_of_16_strip_count": 4,
      "de_start": null,
      "de_strip_count": 0,
      "de_total_end": 425,
      "peak_de_ref_demand": 4,
      "pool_end": 101,
      "pool_start": 0,
      "pool_strip_count": 28,
    },
    "VET-M-EPEE-IND-V40": {
      "assigned_day": 1,
      "constraint_relaxation_level": 0,
      "de_prelims_start": null,
      "de_prelims_strip_count": 0,
      "de_round_of_16_start": null,
      "de_round_of_16_strip_count": 0,
      "de_start": 1050,
      "de_strip_count": 16,
      "de_total_end": 1196,
      "peak_de_ref_demand": 4,
      "pool_end": 1008,
      "pool_start": 840,
      "pool_strip_count": 6,
    },
    "VET-M-EPEE-IND-V50": {
      "assigned_day": 1,
      "constraint_relaxation_level": 0,
      "de_prelims_start": null,
      "de_prelims_strip_count": 0,
      "de_round_of_16_start": null,
      "de_round_of_16_strip_count": 0,
      "de_start": 1065,
      "de_strip_count": 16,
      "de_total_end": 1211,
      "peak_de_ref_demand": 4,
      "pool_end": 996,
      "pool_start": 840,
      "pool_strip_count": 8,
    },
    "VET-M-EPEE-IND-V60": {
      "assigned_day": 1,
      "constraint_relaxation_level": 0,
      "de_prelims_start": null,
      "de_prelims_strip_count": 0,
      "de_round_of_16_start": null,
      "de_round_of_16_strip_count": 0,
      "de_start": 1015,
      "de_strip_count": 16,
      "de_total_end": 1161,
      "peak_de_ref_demand": 4,
      "pool_end": 981,
      "pool_start": 840,
      "pool_strip_count": 7,
    },
    "VET-M-EPEE-IND-V70": {
      "assigned_day": 1,
      "constraint_relaxation_level": 0,
      "de_prelims_start": null,
      "de_prelims_strip_count": 0,
      "de_round_of_16_start": null,
      "de_round_of_16_strip_count": 0,
      "de_start": 1115,
      "de_strip_count": 16,
      "de_total_end": 1261,
      "peak_de_ref_demand": 4,
      "pool_end": 1008,
      "pool_start": 840,
      "pool_strip_count": 5,
    },
    "VET-M-EPEE-IND-V80": {
      "assigned_day": 1,
      "constraint_relaxation_level": 0,
      "de_prelims_start": null,
      "de_prelims_strip_count": 0,
      "de_round_of_16_start": null,
      "de_round_of_16_strip_count": 0,
      "de_start": 960,
      "de_strip_count": 8,
      "de_total_end": 1043,
      "peak_de_ref_demand": 4,
      "pool_end": 920,
      "pool_start": 840,
      "pool_strip_count": 2,
    },
    "VET-M-EPEE-IND-VCMB": {
      "assigned_day": 0,
      "constraint_relaxation_level": 0,
      "de_prelims_start": null,
      "de_prelims_strip_count": 0,
      "de_round_of_16_start": null,
      "de_round_of_16_strip_count": 0,
      "de_start": 540,
      "de_strip_count": 16,
      "de_total_end": 747,
      "peak_de_ref_demand": 4,
      "pool_end": 500,
      "pool_start": 340,
      "pool_strip_count": 17,
    },
    "VET-M-FOIL-IND-V40": {
      "assigned_day": 3,
      "constraint_relaxation_level": 0,
      "de_prelims_start": null,
      "de_prelims_strip_count": 0,
      "de_round_of_16_start": null,
      "de_round_of_16_strip_count": 0,
      "de_start": 2680,
      "de_strip_count": 16,
      "de_total_end": 2794,
      "peak_de_ref_demand": 4,
      "pool_end": 2633,
      "pool_start": 2520,
      "pool_strip_count": 5,
    },
    "VET-M-FOIL-IND-V50": {
      "assigned_day": 3,
      "constraint_relaxation_level": 0,
      "de_prelims_start": null,
      "de_prelims_strip_count": 0,
      "de_round_of_16_start": null,
      "de_round_of_16_strip_count": 0,
      "de_start": 2830,
      "de_strip_count": 16,
      "de_total_end": 2976,
      "peak_de_ref_demand": 4,
      "pool_end": 2782,
      "pool_start": 2635,
      "pool_strip_count": 5,
    },
    "VET-M-FOIL-IND-V60": {
      "assigned_day": 3,
      "constraint_relaxation_level": 0,
      "de_prelims_start": null,
      "de_prelims_strip_count": 0,
      "de_round_of_16_start": null,
      "de_round_of_16_strip_count": 0,
      "de_start": 2775,
      "de_strip_count": 16,
      "de_total_end": 2889,
      "peak_de_ref_demand": 4,
      "pool_end": 2667,
      "pool_start": 2520,
      "pool_strip_count": 4,
    },
    "VET-M-FOIL-IND-V70": {
      "assigned_day": 3,
      "constraint_relaxation_level": 0,
      "de_prelims_start": null,
      "de_prelims_strip_count": 0,
      "de_round_of_16_start": null,
      "de_round_of_16_strip_count": 0,
      "de_start": 2860,
      "de_strip_count": 16,
      "de_total_end": 2974,
      "peak_de_ref_demand": 4,
      "pool_end": 2713,
      "pool_start": 2625,
      "pool_strip_count": 4,
    },
    "VET-M-FOIL-IND-V80": {
      "assigned_day": 3,
      "constraint_relaxation_level": 0,
      "de_prelims_start": null,
      "de_prelims_strip_count": 0,
      "de_round_of_16_start": null,
      "de_round_of_16_strip_count": 0,
      "de_start": 2815,
      "de_strip_count": 2,
      "de_total_end": 2860,
      "peak_de_ref_demand": 4,
      "pool_end": 2781,
      "pool_start": 2760,
      "pool_strip_count": 1,
    },
    "VET-M-FOIL-IND-VCMB": {
      "assigned_day": 2,
      "constraint_relaxation_level": 0,
      "de_prelims_start": null,
      "de_prelims_strip_count": 0,
      "de_round_of_16_start": null,
      "de_round_of_16_strip_count": 0,
      "de_start": 1845,
      "de_strip_count": 16,
      "de_total_end": 2052,
      "peak_de_ref_demand": 4,
      "pool_end": 1812,
      "pool_start": 1680,
      "pool_strip_count": 11,
    },
    "VET-M-SABRE-IND-V40": {
      "assigned_day": 1,
      "constraint_relaxation_level": 0,
      "de_prelims_start": null,
      "de_prelims_strip_count": 0,
      "de_round_of_16_start": null,
      "de_round_of_16_strip_count": 0,
      "de_start": 945,
      "de_strip_count": 16,
      "de_total_end": 1031,
      "peak_de_ref_demand": 4,
      "pool_end": 903,
      "pool_start": 840,
      "pool_strip_count": 4,
    },
    "VET-M-SABRE-IND-V50": {
      "assigned_day": 1,
      "constraint_relaxation_level": 0,
      "de_prelims_start": null,
      "de_prelims_strip_count": 0,
      "de_round_of_16_start": null,
      "de_round_of_16_strip_count": 0,
      "de_start": 990,
      "de_strip_count": 16,
      "de_total_end": 1076,
      "peak_de_ref_demand": 4,
      "pool_end": 907,
      "pool_start": 840,
      "pool_strip_count": 3,
    },
    "VET-M-SABRE-IND-V60": {
      "assigned_day": 1,
      "constraint_relaxation_level": 0,
      "de_prelims_start": null,
      "de_prelims_strip_count": 0,
      "de_round_of_16_start": null,
      "de_round_of_16_strip_count": 0,
      "de_start": 1005,
      "de_strip_count": 16,
      "de_total_end": 1091,
      "peak_de_ref_demand": 4,
      "pool_end": 910,
      "pool_start": 840,
      "pool_strip_count": 5,
    },
    "VET-M-SABRE-IND-V70": {
      "assigned_day": 1,
      "constraint_relaxation_level": 0,
      "de_prelims_start": null,
      "de_prelims_strip_count": 0,
      "de_round_of_16_start": null,
      "de_round_of_16_strip_count": 0,
      "de_start": 920,
      "de_strip_count": 8,
      "de_total_end": 989,
      "peak_de_ref_demand": 4,
      "pool_end": 890,
      "pool_start": 840,
      "pool_strip_count": 3,
    },
    "VET-M-SABRE-IND-V80": {
      "assigned_day": 1,
      "constraint_relaxation_level": 0,
      "de_prelims_start": null,
      "de_prelims_strip_count": 0,
      "de_round_of_16_start": null,
      "de_round_of_16_strip_count": 0,
      "de_start": 920,
      "de_strip_count": 4,
      "de_total_end": 973,
      "peak_de_ref_demand": 4,
      "pool_end": 890,
      "pool_start": 840,
      "pool_strip_count": 1,
    },
    "VET-M-SABRE-IND-VCMB": {
      "assigned_day": 0,
      "constraint_relaxation_level": 0,
      "de_prelims_start": null,
      "de_prelims_strip_count": 0,
      "de_round_of_16_start": null,
      "de_round_of_16_strip_count": 0,
      "de_start": 500,
      "de_strip_count": 16,
      "de_total_end": 617,
      "peak_de_ref_demand": 4,
      "pool_end": 445,
      "pool_start": 340,
      "pool_strip_count": 7,
    },
    "VET-W-EPEE-IND-V40": {
      "assigned_day": 2,
      "constraint_relaxation_level": 0,
      "de_prelims_start": null,
      "de_prelims_strip_count": 0,
      "de_round_of_16_start": null,
      "de_round_of_16_strip_count": 0,
      "de_start": 1950,
      "de_strip_count": 16,
      "de_total_end": 2064,
      "peak_de_ref_demand": 4,
      "pool_end": 1848,
      "pool_start": 1680,
      "pool_strip_count": 4,
    },
    "VET-W-EPEE-IND-V50": {
      "assigned_day": 2,
      "constraint_relaxation_level": 0,
      "de_prelims_start": null,
      "de_prelims_strip_count": 0,
      "de_round_of_16_start": null,
      "de_round_of_16_strip_count": 0,
      "de_start": 1960,
      "de_strip_count": 16,
      "de_total_end": 2106,
      "peak_de_ref_demand": 4,
      "pool_end": 1848,
      "pool_start": 1680,
      "pool_strip_count": 5,
    },
    "VET-W-EPEE-IND-V60": {
      "assigned_day": 2,
      "constraint_relaxation_level": 0,
      "de_prelims_start": null,
      "de_prelims_strip_count": 0,
      "de_round_of_16_start": null,
      "de_round_of_16_strip_count": 0,
      "de_start": 1850,
      "de_strip_count": 16,
      "de_total_end": 1964,
      "peak_de_ref_demand": 4,
      "pool_end": 1819,
      "pool_start": 1680,
      "pool_strip_count": 5,
    },
    "VET-W-EPEE-IND-V70": {
      "assigned_day": 2,
      "constraint_relaxation_level": 0,
      "de_prelims_start": null,
      "de_prelims_strip_count": 0,
      "de_round_of_16_start": null,
      "de_round_of_16_strip_count": 0,
      "de_start": 2025,
      "de_strip_count": 16,
      "de_total_end": 2139,
      "peak_de_ref_demand": 4,
      "pool_end": 1935,
      "pool_start": 1815,
      "pool_strip_count": 3,
    },
    "VET-W-EPEE-IND-V80": {
      "assigned_day": 2,
      "constraint_relaxation_level": 0,
      "de_prelims_start": null,
      "de_prelims_strip_count": 0,
      "de_round_of_16_start": null,
      "de_round_of_16_strip_count": 0,
      "de_start": 1820,
      "de_strip_count": 2,
      "de_total_end": 1865,
      "peak_de_ref_demand": 4,
      "pool_end": 1704,
      "pool_start": 1680,
      "pool_strip_count": 1,
    },
    "VET-W-EPEE-IND-VCMB": {
      "assigned_day": 0,
      "constraint_relaxation_level": 0,
      "de_prelims_start": null,
      "de_prelims_strip_count": 0,
      "de_round_of_16_start": null,
      "de_round_of_16_strip_count": 0,
      "de_start": 625,
      "de_strip_count": 16,
      "de_total_end": 832,
      "peak_de_ref_demand": 4,
      "pool_end": 595,
      "pool_start": 440,
      "pool_strip_count": 11,
    },
    "VET-W-FOIL-IND-V40": {
      "assigned_day": 3,
      "constraint_relaxation_level": 0,
      "de_prelims_start": null,
      "de_prelims_strip_count": 0,
      "de_round_of_16_start": null,
      "de_round_of_16_strip_count": 0,
      "de_start": 2830,
      "de_strip_count": 8,
      "de_total_end": 2913,
      "peak_de_ref_demand": 4,
      "pool_end": 2797,
      "pool_start": 2715,
      "pool_strip_count": 3,
    },
    "VET-W-FOIL-IND-V50": {
      "assigned_day": 3,
      "constraint_relaxation_level": 0,
      "de_prelims_start": null,
      "de_prelims_strip_count": 0,
      "de_round_of_16_start": null,
      "de_round_of_16_strip_count": 0,
      "de_start": 2910,
      "de_strip_count": 16,
      "de_total_end": 3024,
      "peak_de_ref_demand": 4,
      "pool_end": 2786,
      "pool_start": 2670,
      "pool_strip_count": 4,
    },
    "VET-W-FOIL-IND-V60": {
      "assigned_day": 3,
      "constraint_relaxation_level": 0,
      "de_prelims_start": null,
      "de_prelims_strip_count": 0,
      "de_round_of_16_start": null,
      "de_round_of_16_strip_count": 0,
      "de_start": 2945,
      "de_strip_count": 16,
      "de_total_end": 3059,
      "peak_de_ref_demand": 4,
      "pool_end": 2872,
      "pool_start": 2725,
      "pool_strip_count": 3,
    },
    "VET-W-FOIL-IND-V70": {
      "assigned_day": 3,
      "constraint_relaxation_level": 0,
      "de_prelims_start": null,
      "de_prelims_strip_count": 0,
      "de_round_of_16_start": null,
      "de_round_of_16_strip_count": 0,
      "de_start": 2905,
      "de_strip_count": 8,
      "de_total_end": 2988,
      "peak_de_ref_demand": 4,
      "pool_end": 2872,
      "pool_start": 2725,
      "pool_strip_count": 2,
    },
    "VET-W-FOIL-IND-V80": {
      "assigned_day": 3,
      "constraint_relaxation_level": 0,
      "de_prelims_start": null,
      "de_prelims_strip_count": 0,
      "de_round_of_16_start": null,
      "de_round_of_16_strip_count": 0,
      "de_start": 2840,
      "de_strip_count": 2,
      "de_total_end": 2885,
      "peak_de_ref_demand": 4,
      "pool_end": 2806,
      "pool_start": 2785,
      "pool_strip_count": 1,
    },
    "VET-W-FOIL-IND-VCMB": {
      "assigned_day": 0,
      "constraint_relaxation_level": 0,
      "de_prelims_start": null,
      "de_prelims_strip_count": 0,
      "de_round_of_16_start": null,
      "de_round_of_16_strip_count": 0,
      "de_start": 575,
      "de_strip_count": 16,
      "de_total_end": 721,
      "peak_de_ref_demand": 4,
      "pool_end": 362,
      "pool_start": 250,
      "pool_strip_count": 6,
    },
    "VET-W-SABRE-IND-V40": {
      "assigned_day": 2,
      "constraint_relaxation_level": 0,
      "de_prelims_start": null,
      "de_prelims_strip_count": 0,
      "de_round_of_16_start": null,
      "de_round_of_16_strip_count": 0,
      "de_start": 1920,
      "de_strip_count": 8,
      "de_total_end": 1989,
      "peak_de_ref_demand": 4,
      "pool_end": 1888,
      "pool_start": 1825,
      "pool_strip_count": 2,
    },
    "VET-W-SABRE-IND-V50": {
      "assigned_day": 2,
      "constraint_relaxation_level": 0,
      "de_prelims_start": null,
      "de_prelims_strip_count": 0,
      "de_round_of_16_start": null,
      "de_round_of_16_strip_count": 0,
      "de_start": 2030,
      "de_strip_count": 16,
      "de_total_end": 2116,
      "peak_de_ref_demand": 4,
      "pool_end": 1900,
      "pool_start": 1815,
      "pool_strip_count": 3,
    },
    "VET-W-SABRE-IND-V60": {
      "assigned_day": 2,
      "constraint_relaxation_level": 0,
      "de_prelims_start": null,
      "de_prelims_strip_count": 0,
      "de_round_of_16_start": null,
      "de_round_of_16_strip_count": 0,
      "de_start": 2035,
      "de_strip_count": 16,
      "de_total_end": 2121,
      "peak_de_ref_demand": 4,
      "pool_end": 1890,
      "pool_start": 1815,
      "pool_strip_count": 3,
    },
    "VET-W-SABRE-IND-V70": {
      "assigned_day": 2,
      "constraint_relaxation_level": 0,
      "de_prelims_start": null,
      "de_prelims_strip_count": 0,
      "de_round_of_16_start": null,
      "de_round_of_16_strip_count": 0,
      "de_start": 2080,
      "de_strip_count": 16,
      "de_total_end": 2166,
      "peak_de_ref_demand": 4,
      "pool_end": 1890,
      "pool_start": 1815,
      "pool_strip_count": 3,
    },
    "VET-W-SABRE-IND-V80": {
      "assigned_day": 2,
      "constraint_relaxation_level": 0,
      "de_prelims_start": null,
      "de_prelims_strip_count": 0,
      "de_round_of_16_start": null,
      "de_round_of_16_strip_count": 0,
      "de_start": 1740,
      "de_strip_count": 1,
      "de_total_end": 1770,
      "peak_de_ref_demand": 4,
      "pool_end": 1710,
      "pool_start": 1705,
      "pool_strip_count": 1,
    },
    "VET-W-SABRE-IND-VCMB": {
      "assigned_day": 0,
      "constraint_relaxation_level": 0,
      "de_prelims_start": null,
      "de_prelims_strip_count": 0,
      "de_round_of_16_start": null,
      "de_round_of_16_strip_count": 0,
      "de_start": 515,
      "de_strip_count": 16,
      "de_total_end": 601,
      "peak_de_ref_demand": 4,
      "pool_end": 436,
      "pool_start": 355,
      "pool_strip_count": 5,
    },
  },
  "refRecommendation": {
    "foil_epee": 30,
    "three_weapon": 110,
  },
  "refRequirementsByDay": [
    {
      "day": 0,
      "peak_saber_refs": 56,
      "peak_time": 0,
      "peak_total_refs": 132,
    },
    {
      "day": 1,
      "peak_saber_refs": 40,
      "peak_time": 840,
      "peak_total_refs": 128,
    },
    {
      "day": 2,
      "peak_saber_refs": 48,
      "peak_time": 1680,
      "peak_total_refs": 136,
    },
    {
      "day": 3,
      "peak_saber_refs": 100,
      "peak_time": 2625,
      "peak_total_refs": 190,
    },
  ],
  "scheduledCount": 52,
  "stripRecommendation": 48,
  "warnCountsByCause": {
    "DEADLINE_BREACH": 1,
    "RESOURCE_EXHAUSTION": 5,
    "SCHEDULE_ACCEPTED_WITH_WARNINGS": 2,
  },
}
`;
