// Vitest Snapshot v1, https://vitest.dev/guide/snapshot.html

exports[`drift ledger > B1 digest is unchanged 1`] = `
{
  "competitionCount": 24,
  "daySummaryPeaks": [
    248,
    218,
    194,
    194,
  ],
  "errorCount": 0,
  "events": {
    "D1-M-EPEE-IND": {
      "assigned_day": 0,
      "constraint_relaxation_level": 0,
      "de_prelims_start": 210,
      "de_prelims_strip_count": 16,
      "de_round_of_16_start": 450,
      "de_round_of_16_strip_count": 4,
      "de_start": null,
      "de_strip_count": 0,
      "de_total_end": 540,
      "peak_de_ref_demand": 4,
      "pool_end": 163,
      "pool_start": 0,
      "pool_strip_count": 45,
    },
    "D1-M-FOIL-IND": {
      "assigned_day": 1,
      "constraint_relaxation_level": 0,
      "de_prelims_start": 1020,
      "de_prelims_strip_count": 16,
      "de_round_of_16_start": 1260,
      "de_round_of_16_strip_count": 4,
      "de_start": null,
      "de_strip_count": 0,
      "de_total_end": 1350,
      "peak_de_ref_demand": 4,
      "pool_end": 980,
      "pool_start": 840,
      "pool_strip_count": 38,
    },
    "D1-M-SABRE-IND": {
      "assigned_day": 1,
      "constraint_relaxation_level": 0,
      "de_prelims_start": 990,
      "de_prelims_strip_count": 16,
      "de_round_of_16_start": 1140,
      "de_round_of_16_strip_count": 4,
      "de_start": null,
      "de_strip_count": 0,
      "de_total_end": 1200,
      "peak_de_ref_demand": 4,
      "pool_end": 945,
      "pool_start": 840,
      "pool_strip_count": 30,
    },
    "D1-W-EPEE-IND": {
      "assigned_day": 0,
      "constraint_relaxation_level": 0,
      "de_prelims_start": 210,
      "de_prelims_strip_count": 16,
      "de_round_of_16_start": 450,
      "de_round_of_16_strip_count": 4,
      "de_start": null,
      "de_strip_count": 0,
      "de_total_end": 540,
      "peak_de_ref_demand": 4,
      "pool_end": 162,
      "pool_start": 0,
      "pool_strip_count": 32,
    },
    "D1-W-FOIL-IND": {
      "assigned_day": 1,
      "constraint_relaxation_level": 0,
      "de_prelims_start": 1140,
      "de_prelims_strip_count": 16,
      "de_round_of_16_start": 1290,
      "de_round_of_16_strip_count": 4,
      "de_start": null,
      "de_strip_count": 0,
      "de_total_end": 1410,
      "peak_de_ref_demand": 4,
      "pool_end": 1100,
      "pool_start": 960,
      "pool_strip_count": 19,
    },
    "D1-W-SABRE-IND": {
      "assigned_day": 0,
      "constraint_relaxation_level": 0,
      "de_prelims_start": 330,
      "de_prelims_strip_count": 16,
      "de_round_of_16_start": 480,
      "de_round_of_16_strip_count": 4,
      "de_start": null,
      "de_strip_count": 0,
      "de_total_end": 540,
      "peak_de_ref_demand": 4,
      "pool_end": 283,
      "pool_start": 180,
      "pool_strip_count": 26,
    },
    "JR-M-EPEE-IND": {
      "assigned_day": 2,
      "constraint_relaxation_level": 0,
      "de_prelims_start": 1890,
      "de_prelims_strip_count": 16,
      "de_round_of_16_start": 2130,
      "de_round_of_16_strip_count": 4,
      "de_start": null,
      "de_strip_count": 0,
      "de_total_end": 2220,
      "peak_de_ref_demand": 4,
      "pool_end": 1843,
      "pool_start": 1680,
      "pool_strip_count": 29,
    },
    "JR-M-FOIL-IND": {
      "assigned_day": 3,
      "constraint_relaxation_level": 0,
      "de_prelims_start": 2700,
      "de_prelims_strip_count": 16,
      "de_round_of_16_start": 2940,
      "de_round_of_16_strip_count": 4,
      "de_start": null,
      "de_strip_count": 0,
      "de_total_end": 3030,
      "peak_de_ref_demand": 4,
      "pool_end": 2662,
      "pool_start": 2520,
      "pool_strip_count": 32,
    },
    "JR-M-SABRE-IND": {
      "assigned_day": 3,
      "constraint_relaxation_level": 0,
      "de_prelims_start": 2670,
      "de_prelims_strip_count": 16,
      "de_round_of_16_start": 2820,
      "de_round_of_16_strip_count": 4,
      "de_start": null,
      "de_strip_count": 0,
      "de_total_end": 2880,
      "peak_de_ref_demand": 4,
      "pool_end": 2625,
      "pool_start": 2520,
      "pool_strip_count": 30,
    },
    "JR-W-EPEE-IND": {
      "assigned_day": 2,
      "constraint_relaxation_level": 0,
      "de_prelims_start": 1890,
      "de_prelims_strip_count": 16,
      "de_round_of_16_start": 2130,
      "de_round_of_16_strip_count": 4,
      "de_start": null,
      "de_strip_count": 0,
      "de_total_end": 2220,
      "peak_de_ref_demand": 4,
      "pool_end": 1844,
      "pool_start": 1680,
      "pool_strip_count": 26,
    },
    "JR-W-FOIL-IND": {
      "assigned_day": 3,
      "constraint_relaxation_level": 0,
      "de_prelims_start": 2820,
      "de_prelims_strip_count": 16,
      "de_round_of_16_start": 2970,
      "de_round_of_16_strip_count": 4,
      "de_start": null,
      "de_strip_count": 0,
      "de_total_end": 3090,
      "peak_de_ref_demand": 4,
      "pool_end": 2780,
      "pool_start": 2640,
      "pool_strip_count": 19,
    },
    "JR-W-SABRE-IND": {
      "assigned_day": 2,
      "constraint_relaxation_level": 0,
      "de_prelims_start": 1860,
      "de_prelims_strip_count": 16,
      "de_round_of_16_start": 1980,
      "de_round_of_16_strip_count": 4,
      "de_start": null,
      "de_strip_count": 0,
      "de_total_end": 2070,
      "peak_de_ref_demand": 4,
      "pool_end": 1784,
      "pool_start": 1680,
      "pool_strip_count": 23,
    },
    "VET-M-EPEE-IND-VCMB": {
      "assigned_day": 1,
      "constraint_relaxation_level": 0,
      "de_prelims_start": null,
      "de_prelims_strip_count": 0,
      "de_round_of_16_start": null,
      "de_round_of_16_strip_count": 0,
      "de_start": 1200,
      "de_strip_count": 16,
      "de_total_end": 1407,
      "peak_de_ref_demand": 4,
      "pool_end": 1142,
      "pool_start": 990,
      "pool_strip_count": 18,
    },
    "VET-M-EPEE-TEAM": {
      "assigned_day": 2,
      "constraint_relaxation_level": 0,
      "de_prelims_start": null,
      "de_prelims_strip_count": 0,
      "de_round_of_16_start": null,
      "de_round_of_16_strip_count": 0,
      "de_start": 1950,
      "de_strip_count": 16,
      "de_total_end": 2094,
      "peak_de_ref_demand": 4,
      "pool_end": 1920,
      "pool_start": 1800,
      "pool_strip_count": 5,
    },
    "VET-M-FOIL-IND-VCMB": {
      "assigned_day": 0,
      "constraint_relaxation_level": 0,
      "de_prelims_start": null,
      "de_prelims_strip_count": 0,
      "de_round_of_16_start": null,
      "de_round_of_16_strip_count": 0,
      "de_start": 390,
      "de_strip_count": 16,
      "de_total_end": 597,
      "peak_de_ref_demand": 4,
      "pool_end": 313,
      "pool_start": 180,
      "pool_strip_count": 12,
    },
    "VET-M-FOIL-TEAM": {
      "assigned_day": 1,
      "constraint_relaxation_level": 0,
      "de_prelims_start": null,
      "de_prelims_strip_count": 0,
      "de_round_of_16_start": null,
      "de_round_of_16_strip_count": 0,
      "de_start": 960,
      "de_strip_count": 8,
      "de_total_end": 1073,
      "peak_de_ref_demand": 4,
      "pool_end": 910,
      "pool_start": 840,
      "pool_strip_count": 2,
    },
    "VET-M-SABRE-IND-VCMB": {
      "assigned_day": 0,
      "constraint_relaxation_level": 0,
      "de_prelims_start": null,
      "de_prelims_strip_count": 0,
      "de_round_of_16_start": null,
      "de_round_of_16_strip_count": 0,
      "de_start": 330,
      "de_strip_count": 16,
      "de_total_end": 447,
      "peak_de_ref_demand": 4,
      "pool_end": 275,
      "pool_start": 180,
      "pool_strip_count": 6,
    },
    "VET-M-SABRE-TEAM": {
      "assigned_day": 1,
      "constraint_relaxation_level": 0,
      "de_prelims_start": null,
      "de_prelims_strip_count": 0,
      "de_round_of_16_start": null,
      "de_round_of_16_strip_count": 0,
      "de_start": 930,
      "de_strip_count": 8,
      "de_total_end": 1029,
      "peak_de_ref_demand": 4,
      "pool_end": 890,
      "pool_start": 840,
      "pool_strip_count": 2,
    },
    "VET-W-EPEE-IND-VCMB": {
      "assigned_day": 3,
      "constraint_relaxation_level": 0,
      "de_prelims_start": null,
      "de_prelims_strip_count": 0,
      "de_round_of_16_start": null,
      "de_round_of_16_strip_count": 0,
      "de_start": 2730,
      "de_strip_count": 16,
      "de_total_end": 2937,
      "peak_de_ref_demand": 4,
      "pool_end": 2672,
      "pool_start": 2520,
      "pool_strip_count": 12,
    },
    "VET-W-EPEE-TEAM": {
      "assigned_day": 0,
      "constraint_relaxation_level": 0,
      "de_prelims_start": null,
      "de_prelims_strip_count": 0,
      "de_round_of_16_start": null,
      "de_round_of_16_strip_count": 0,
      "de_start": 300,
      "de_strip_count": 16,
      "de_total_end": 444,
      "peak_de_ref_demand": 4,
      "pool_end": 152,
      "pool_start": 0,
      "pool_strip_count": 3,
    },
    "VET-W-FOIL-IND-VCMB": {
      "assigned_day": 2,
      "constraint_relaxation_level": 0,
      "de_prelims_start": null,
      "de_prelims_strip_count": 0,
      "de_round_of_16_start": null,
      "de_round_of_16_strip_count": 0,
      "de_start": 2010,
      "de_strip_count": 16,
      "de_total_end": 2156,
      "peak_de_ref_demand": 4,
      "pool_end": 1933,
      "pool_start": 1800,
      "pool_strip_count": 6,
    },
    "VET-W-FOIL-TEAM": {
      "assigned_day": 3,
      "constraint_relaxation_level": 0,
      "de_prelims_start": null,
      "de_prelims_strip_count": 0,
      "de_round_of_16_start": null,
      "de_round_of_16_strip_count": 0,
      "de_start": 2640,
      "de_strip_count": 8,
      "de_total_end": 2753,
      "peak_de_ref_demand": 4,
      "pool_end": 2590,
      "pool_start": 2520,
      "pool_strip_count": 2,
    },
    "VET-W-SABRE-IND-VCMB": {
      "assigned_day": 2,
      "constraint_relaxation_level": 0,
      "de_prelims_start": null,
      "de_prelims_strip_count": 0,
      "de_round_of_16_start": null,
      "de_round_of_16_strip_count": 0,
      "de_start": 1920,
      "de_strip_count": 16,
      "de_total_end": 2037,
      "peak_de_ref_demand": 4,
      "pool_end": 1883,
      "pool_start": 1800,
      "pool_strip_count": 8,
    },
    "VET-W-SABRE-TEAM": {
      "assigned_day": 3,
      "constraint_relaxation_level": 0,
      "de_prelims_start": null,
      "de_prelims_strip_count": 0,
      "de_round_of_16_start": null,
      "de_round_of_16_strip_count": 0,
      "de_start": 2640,
      "de_strip_count": 8,
      "de_total_end": 2739,
      "peak_de_ref_demand": 4,
      "pool_end": 2570,
      "pool_start": 2520,
      "pool_strip_count": 2,
    },
  },
  "refRecommendation": {
    "foil_epee": 46,
    "three_weapon": 120,
  },
  "refRequirementsByDay": [
    {
      "day": 0,
      "peak_saber_refs": 64,
      "peak_time": 0,
      "peak_total_refs": 160,
    },
    {
      "day": 1,
      "peak_saber_refs": 68,
      "peak_time": 840,
      "peak_total_refs": 144,
    },
    {
      "day": 2,
      "peak_saber_refs": 46,
      "peak_time": 1680,
      "peak_total_refs": 156,
    },
    {
      "day": 3,
      "peak_saber_refs": 64,
      "peak_time": 2520,
      "peak_total_refs": 156,
    },
  ],
  "scheduledCount": 24,
  "stripRecommendation": 57,
  "warnCountsByCause": {},
}
`;

exports[`drift ledger > B2 digest is unchanged 1`] = `
{
  "competitionCount": 24,
  "daySummaryPeaks": [
    324,
    206,
    304,
    332,
  ],
  "errorCount": 0,
  "events": {
    "CDT-M-EPEE-IND": {
      "assigned_day": 3,
      "constraint_relaxation_level": 0,
      "de_prelims_start": 2790,
      "de_prelims_strip_count": 16,
      "de_round_of_16_start": 3030,
      "de_round_of_16_strip_count": 4,
      "de_start": null,
      "de_strip_count": 0,
      "de_total_end": 3120,
      "peak_de_ref_demand": 4,
      "pool_end": 2684,
      "pool_start": 2520,
      "pool_strip_count": 39,
    },
    "CDT-M-EPEE-TEAM": {
      "assigned_day": 1,
      "constraint_relaxation_level": 0,
      "de_prelims_start": null,
      "de_prelims_strip_count": 0,
      "de_round_of_16_start": null,
      "de_round_of_16_strip_count": 0,
      "de_start": 1020,
      "de_strip_count": 16,
      "de_total_end": 1196,
      "peak_de_ref_demand": 4,
      "pool_end": 972,
      "pool_start": 840,
      "pool_strip_count": 8,
    },
    "CDT-M-FOIL-IND": {
      "assigned_day": 0,
      "constraint_relaxation_level": 0,
      "de_prelims_start": 300,
      "de_prelims_strip_count": 16,
      "de_round_of_16_start": 540,
      "de_round_of_16_strip_count": 4,
      "de_start": null,
      "de_strip_count": 0,
      "de_total_end": 630,
      "peak_de_ref_demand": 4,
      "pool_end": 141,
      "pool_start": 0,
      "pool_strip_count": 35,
    },
    "CDT-M-FOIL-TEAM": {
      "assigned_day": 1,
      "constraint_relaxation_level": 0,
      "de_prelims_start": null,
      "de_prelims_strip_count": 0,
      "de_round_of_16_start": null,
      "de_round_of_16_strip_count": 0,
      "de_start": 960,
      "de_strip_count": 8,
      "de_total_end": 1073,
      "peak_de_ref_demand": 4,
      "pool_end": 910,
      "pool_start": 840,
      "pool_strip_count": 2,
    },
    "CDT-M-SABRE-IND": {
      "assigned_day": 0,
      "constraint_relaxation_level": 0,
      "de_prelims_start": 300,
      "de_prelims_strip_count": 16,
      "de_round_of_16_start": 450,
      "de_round_of_16_strip_count": 4,
      "de_start": null,
      "de_strip_count": 0,
      "de_total_end": 510,
      "peak_de_ref_demand": 4,
      "pool_end": 102,
      "pool_start": 0,
      "pool_strip_count": 45,
    },
    "CDT-M-SABRE-TEAM": {
      "assigned_day": 2,
      "constraint_relaxation_level": 0,
      "de_prelims_start": null,
      "de_prelims_strip_count": 0,
      "de_round_of_16_start": null,
      "de_round_of_16_strip_count": 0,
      "de_start": 1830,
      "de_strip_count": 16,
      "de_total_end": 1946,
      "peak_de_ref_demand": 4,
      "pool_end": 1775,
      "pool_start": 1680,
      "pool_strip_count": 3,
    },
    "CDT-W-EPEE-IND": {
      "assigned_day": 0,
      "constraint_relaxation_level": 0,
      "de_prelims_start": 360,
      "de_prelims_strip_count": 16,
      "de_round_of_16_start": 600,
      "de_round_of_16_strip_count": 4,
      "de_start": null,
      "de_strip_count": 0,
      "de_total_end": 690,
      "peak_de_ref_demand": 4,
      "pool_end": 311,
      "pool_start": 150,
      "pool_strip_count": 35,
    },
    "CDT-W-EPEE-TEAM": {
      "assigned_day": 1,
      "constraint_relaxation_level": 0,
      "de_prelims_start": null,
      "de_prelims_strip_count": 0,
      "de_round_of_16_start": null,
      "de_round_of_16_strip_count": 0,
      "de_start": 1080,
      "de_strip_count": 16,
      "de_total_end": 1224,
      "peak_de_ref_demand": 4,
      "pool_end": 960,
      "pool_start": 840,
      "pool_strip_count": 5,
    },
    "CDT-W-FOIL-IND": {
      "assigned_day": 3,
      "constraint_relaxation_level": 0,
      "de_prelims_start": 2940,
      "de_prelims_strip_count": 16,
      "de_round_of_16_start": 3180,
      "de_round_of_16_strip_count": 4,
      "de_start": null,
      "de_strip_count": 0,
      "de_total_end": 3270,
      "peak_de_ref_demand": 4,
      "pool_end": 2842,
      "pool_start": 2700,
      "pool_strip_count": 32,
    },
    "CDT-W-FOIL-TEAM": {
      "assigned_day": 1,
      "constraint_relaxation_level": 0,
      "de_prelims_start": null,
      "de_prelims_strip_count": 0,
      "de_round_of_16_start": null,
      "de_round_of_16_strip_count": 0,
      "de_start": 960,
      "de_strip_count": 8,
      "de_total_end": 1073,
      "peak_de_ref_demand": 4,
      "pool_end": 910,
      "pool_start": 840,
      "pool_strip_count": 2,
    },
    "CDT-W-SABRE-IND": {
      "assigned_day": 3,
      "constraint_relaxation_level": 0,
      "de_prelims_start": 2850,
      "de_prelims_strip_count": 16,
      "de_round_of_16_start": 3000,
      "de_round_of_16_strip_count": 4,
      "de_start": null,
      "de_strip_count": 0,
      "de_total_end": 3060,
      "peak_de_ref_demand": 4,
      "pool_end": 2771,
      "pool_start": 2670,
      "pool_strip_count": 35,
    },
    "CDT-W-SABRE-TEAM": {
      "assigned_day": 0,
      "constraint_relaxation_level": 0,
      "de_prelims_start": null,
      "de_prelims_strip_count": 0,
      "de_round_of_16_start": null,
      "de_round_of_16_strip_count": 0,
      "de_start": 390,
      "de_strip_count": 8,
      "de_total_end": 489,
      "peak_de_ref_demand": 4,
      "pool_end": 350,
      "pool_start": 300,
      "pool_strip_count": 2,
    },
    "D1-M-EPEE-IND": {
      "assigned_day": 0,
      "constraint_relaxation_level": 0,
      "de_prelims_start": 330,
      "de_prelims_strip_count": 16,
      "de_round_of_16_start": 570,
      "de_round_of_16_strip_count": 4,
      "de_start": null,
      "de_strip_count": 0,
      "de_total_end": 660,
      "peak_de_ref_demand": 4,
      "pool_end": 283,
      "pool_start": 120,
      "pool_strip_count": 45,
    },
    "D1-M-FOIL-IND": {
      "assigned_day": 3,
      "constraint_relaxation_level": 0,
      "de_prelims_start": 2850,
      "de_prelims_strip_count": 16,
      "de_round_of_16_start": 3090,
      "de_round_of_16_strip_count": 4,
      "de_start": null,
      "de_strip_count": 0,
      "de_total_end": 3180,
      "peak_de_ref_demand": 4,
      "pool_end": 2667,
      "pool_start": 2520,
      "pool_strip_count": 40,
    },
    "D1-M-SABRE-IND": {
      "assigned_day": 1,
      "constraint_relaxation_level": 0,
      "de_prelims_start": 990,
      "de_prelims_strip_count": 16,
      "de_round_of_16_start": 1140,
      "de_round_of_16_strip_count": 4,
      "de_start": null,
      "de_strip_count": 0,
      "de_total_end": 1200,
      "peak_de_ref_demand": 4,
      "pool_end": 942,
      "pool_start": 840,
      "pool_strip_count": 29,
    },
    "D1-W-EPEE-IND": {
      "assigned_day": 2,
      "constraint_relaxation_level": 0,
      "de_prelims_start": 2010,
      "de_prelims_strip_count": 16,
      "de_round_of_16_start": 2250,
      "de_round_of_16_strip_count": 4,
      "de_start": null,
      "de_strip_count": 0,
      "de_total_end": 2340,
      "peak_de_ref_demand": 4,
      "pool_end": 1848,
      "pool_start": 1680,
      "pool_strip_count": 30,
    },
    "D1-W-FOIL-IND": {
      "assigned_day": 2,
      "constraint_relaxation_level": 0,
      "de_prelims_start": 2070,
      "de_prelims_strip_count": 16,
      "de_round_of_16_start": 2250,
      "de_round_of_16_strip_count": 4,
      "de_start": null,
      "de_strip_count": 0,
      "de_total_end": 2370,
      "peak_de_ref_demand": 4,
      "pool_end": 2005,
      "pool_start": 1860,
      "pool_strip_count": 23,
    },
    "D1-W-SABRE-IND": {
      "assigned_day": 1,
      "constraint_relaxation_level": 0,
      "de_prelims_start": 990,
      "de_prelims_strip_count": 16,
      "de_round_of_16_start": 1140,
      "de_round_of_16_strip_count": 4,
      "de_start": null,
      "de_strip_count": 0,
      "de_total_end": 1200,
      "peak_de_ref_demand": 4,
      "pool_end": 941,
      "pool_start": 840,
      "pool_strip_count": 32,
    },
    "Y14-M-EPEE-IND": {
      "assigned_day": 2,
      "constraint_relaxation_level": 0,
      "de_prelims_start": null,
      "de_prelims_strip_count": 0,
      "de_round_of_16_start": null,
      "de_round_of_16_strip_count": 0,
      "de_start": 2010,
      "de_strip_count": 16,
      "de_total_end": 2278,
      "peak_de_ref_demand": 4,
      "pool_end": 1843,
      "pool_start": 1680,
      "pool_strip_count": 29,
    },
    "Y14-M-FOIL-IND": {
      "assigned_day": 3,
      "constraint_relaxation_level": 0,
      "de_prelims_start": null,
      "de_prelims_strip_count": 0,
      "de_round_of_16_start": null,
      "de_round_of_16_strip_count": 0,
      "de_start": 2970,
      "de_strip_count": 16,
      "de_total_end": 3177,
      "peak_de_ref_demand": 4,
      "pool_end": 2937,
      "pool_start": 2790,
      "pool_strip_count": 20,
    },
    "Y14-M-SABRE-IND": {
      "assigned_day": 1,
      "constraint_relaxation_level": 0,
      "de_prelims_start": null,
      "de_prelims_strip_count": 0,
      "de_round_of_16_start": null,
      "de_round_of_16_strip_count": 0,
      "de_start": 1110,
      "de_strip_count": 16,
      "de_total_end": 1259,
      "peak_de_ref_demand": 4,
      "pool_end": 1059,
      "pool_start": 960,
      "pool_strip_count": 25,
    },
    "Y14-W-EPEE-IND": {
      "assigned_day": 2,
      "constraint_relaxation_level": 0,
      "de_prelims_start": null,
      "de_prelims_strip_count": 0,
      "de_round_of_16_start": null,
      "de_round_of_16_strip_count": 0,
      "de_start": 2130,
      "de_strip_count": 16,
      "de_total_end": 2337,
      "peak_de_ref_demand": 4,
      "pool_end": 2049,
      "pool_start": 1890,
      "pool_strip_count": 22,
    },
    "Y14-W-FOIL-IND": {
      "assigned_day": 2,
      "constraint_relaxation_level": 0,
      "de_prelims_start": null,
      "de_prelims_strip_count": 0,
      "de_round_of_16_start": null,
      "de_round_of_16_strip_count": 0,
      "de_start": 2190,
      "de_strip_count": 16,
      "de_total_end": 2397,
      "peak_de_ref_demand": 4,
      "pool_end": 2119,
      "pool_start": 1980,
      "pool_strip_count": 22,
    },
    "Y14-W-SABRE-IND": {
      "assigned_day": 2,
      "constraint_relaxation_level": 0,
      "de_prelims_start": null,
      "de_prelims_strip_count": 0,
      "de_round_of_16_start": null,
      "de_round_of_16_strip_count": 0,
      "de_start": 2130,
      "de_strip_count": 16,
      "de_total_end": 2278,
      "peak_de_ref_demand": 4,
      "pool_end": 1964,
      "pool_start": 1860,
      "pool_strip_count": 23,
    },
  },
  "refRecommendation": {
    "foil_epee": 10,
    "three_weapon": 160,
  },
  "refRequirementsByDay": [
    {
      "day": 0,
      "peak_saber_refs": 90,
      "peak_time": 0,
      "peak_total_refs": 160,
    },
    {
      "day": 1,
      "peak_saber_refs": 122,
      "peak_time": 840,
      "peak_total_refs": 156,
    },
    {
      "day": 2,
      "peak_saber_refs": 62,
      "peak_time": 1890,
      "peak_total_refs": 136,
    },
    {
      "day": 3,
      "peak_saber_refs": 70,
      "peak_time": 2520,
      "peak_total_refs": 158,
    },
  ],
  "scheduledCount": 24,
  "stripRecommendation": 57,
  "warnCountsByCause": {
    "RESOURCE_EXHAUSTION": 6,
    "SCHEDULE_ACCEPTED_WITH_WARNINGS": 2,
  },
}
`;

exports[`drift ledger > B3 digest is unchanged 1`] = `
{
  "competitionCount": 24,
  "daySummaryPeaks": [
    256,
    304,
    294,
    304,
  ],
  "errorCount": 0,
  "events": {
    "D2-M-EPEE-IND": {
      "assigned_day": 3,
      "constraint_relaxation_level": 0,
      "de_prelims_start": null,
      "de_prelims_strip_count": 0,
      "de_round_of_16_start": null,
      "de_round_of_16_strip_count": 0,
      "de_start": 2880,
      "de_strip_count": 16,
      "de_total_end": 3148,
      "peak_de_ref_demand": 4,
      "pool_end": 2834,
      "pool_start": 2670,
      "pool_strip_count": 26,
    },
    "D2-M-FOIL-IND": {
      "assigned_day": 2,
      "constraint_relaxation_level": 0,
      "de_prelims_start": null,
      "de_prelims_strip_count": 0,
      "de_round_of_16_start": null,
      "de_round_of_16_strip_count": 0,
      "de_start": 2100,
      "de_strip_count": 16,
      "de_total_end": 2368,
      "peak_de_ref_demand": 4,
      "pool_end": 1969,
      "pool_start": 1830,
      "pool_strip_count": 25,
    },
    "D2-M-SABRE-IND": {
      "assigned_day": 0,
      "constraint_relaxation_level": 0,
      "de_prelims_start": null,
      "de_prelims_strip_count": 0,
      "de_round_of_16_start": null,
      "de_round_of_16_strip_count": 0,
      "de_start": 360,
      "de_strip_count": 16,
      "de_total_end": 509,
      "peak_de_ref_demand": 4,
      "pool_end": 284,
      "pool_start": 180,
      "pool_strip_count": 23,
    },
    "D2-W-EPEE-IND": {
      "assigned_day": 3,
      "constraint_relaxation_level": 0,
      "de_prelims_start": null,
      "de_prelims_strip_count": 0,
      "de_round_of_16_start": null,
      "de_round_of_16_strip_count": 0,
      "de_start": 3030,
      "de_strip_count": 16,
      "de_total_end": 3237,
      "peak_de_ref_demand": 4,
      "pool_end": 2982,
      "pool_start": 2820,
      "pool_strip_count": 16,
    },
    "D2-W-FOIL-IND": {
      "assigned_day": 1,
      "constraint_relaxation_level": 0,
      "de_prelims_start": null,
      "de_prelims_strip_count": 0,
      "de_round_of_16_start": null,
      "de_round_of_16_strip_count": 0,
      "de_start": 1290,
      "de_strip_count": 16,
      "de_total_end": 1497,
      "peak_de_ref_demand": 4,
      "pool_end": 1243,
      "pool_start": 1110,
      "pool_strip_count": 18,
    },
    "D2-W-SABRE-IND": {
      "assigned_day": 2,
      "constraint_relaxation_level": 0,
      "de_prelims_start": null,
      "de_prelims_strip_count": 0,
      "de_round_of_16_start": null,
      "de_round_of_16_strip_count": 0,
      "de_start": 2130,
      "de_strip_count": 16,
      "de_total_end": 2279,
      "peak_de_ref_demand": 4,
      "pool_end": 2080,
      "pool_start": 1980,
      "pool_strip_count": 19,
    },
    "Y10-M-EPEE-IND": {
      "assigned_day": 0,
      "constraint_relaxation_level": 0,
      "de_prelims_start": null,
      "de_prelims_strip_count": 0,
      "de_round_of_16_start": null,
      "de_round_of_16_strip_count": 0,
      "de_start": 270,
      "de_strip_count": 16,
      "de_total_end": 477,
      "peak_de_ref_demand": 4,
      "pool_end": 152,
      "pool_start": 0,
      "pool_strip_count": 12,
    },
    "Y10-M-FOIL-IND": {
      "assigned_day": 2,
      "constraint_relaxation_level": 0,
      "de_prelims_start": null,
      "de_prelims_strip_count": 0,
      "de_round_of_16_start": null,
      "de_round_of_16_strip_count": 0,
      "de_start": 1860,
      "de_strip_count": 16,
      "de_total_end": 2067,
      "peak_de_ref_demand": 4,
      "pool_end": 1822,
      "pool_start": 1680,
      "pool_strip_count": 16,
    },
    "Y10-M-SABRE-IND": {
      "assigned_day": 3,
      "constraint_relaxation_level": 0,
      "de_prelims_start": null,
      "de_prelims_strip_count": 0,
      "de_round_of_16_start": null,
      "de_round_of_16_strip_count": 0,
      "de_start": 2670,
      "de_strip_count": 16,
      "de_total_end": 2818,
      "peak_de_ref_demand": 4,
      "pool_end": 2615,
      "pool_start": 2520,
      "pool_strip_count": 12,
    },
    "Y10-W-EPEE-IND": {
      "assigned_day": 2,
      "constraint_relaxation_level": 0,
      "de_prelims_start": null,
      "de_prelims_strip_count": 0,
      "de_round_of_16_start": null,
      "de_round_of_16_strip_count": 0,
      "de_start": 1980,
      "de_strip_count": 16,
      "de_total_end": 2126,
      "peak_de_ref_demand": 4,
      "pool_end": 1832,
      "pool_start": 1680,
      "pool_strip_count": 9,
    },
    "Y10-W-FOIL-IND": {
      "assigned_day": 0,
      "constraint_relaxation_level": 0,
      "de_prelims_start": null,
      "de_prelims_strip_count": 0,
      "de_round_of_16_start": null,
      "de_round_of_16_strip_count": 0,
      "de_start": 180,
      "de_strip_count": 16,
      "de_total_end": 387,
      "peak_de_ref_demand": 4,
      "pool_end": 147,
      "pool_start": 0,
      "pool_strip_count": 10,
    },
    "Y10-W-SABRE-IND": {
      "assigned_day": 1,
      "constraint_relaxation_level": 0,
      "de_prelims_start": null,
      "de_prelims_strip_count": 0,
      "de_round_of_16_start": null,
      "de_round_of_16_strip_count": 0,
      "de_start": 990,
      "de_strip_count": 16,
      "de_total_end": 1138,
      "peak_de_ref_demand": 4,
      "pool_end": 945,
      "pool_start": 840,
      "pool_strip_count": 10,
    },
    "Y12-M-EPEE-IND": {
      "assigned_day": 3,
      "constraint_relaxation_level": 0,
      "de_prelims_start": null,
      "de_prelims_strip_count": 0,
      "de_round_of_16_start": null,
      "de_round_of_16_strip_count": 0,
      "de_start": 2850,
      "de_strip_count": 16,
      "de_total_end": 3118,
      "peak_de_ref_demand": 4,
      "pool_end": 2808,
      "pool_start": 2640,
      "pool_strip_count": 30,
    },
    "Y12-M-FOIL-IND": {
      "assigned_day": 0,
      "constraint_relaxation_level": 0,
      "de_prelims_start": null,
      "de_prelims_strip_count": 0,
      "de_round_of_16_start": null,
      "de_round_of_16_strip_count": 0,
      "de_start": 180,
      "de_strip_count": 16,
      "de_total_end": 448,
      "peak_de_ref_demand": 4,
      "pool_end": 146,
      "pool_start": 0,
      "pool_strip_count": 33,
    },
    "Y12-M-SABRE-IND": {
      "assigned_day": 1,
      "constraint_relaxation_level": 0,
      "de_prelims_start": null,
      "de_prelims_strip_count": 0,
      "de_round_of_16_start": null,
      "de_round_of_16_strip_count": 0,
      "de_start": 1170,
      "de_strip_count": 16,
      "de_total_end": 1319,
      "peak_de_ref_demand": 4,
      "pool_end": 1123,
      "pool_start": 1020,
      "pool_strip_count": 26,
    },
    "Y12-W-EPEE-IND": {
      "assigned_day": 0,
      "constraint_relaxation_level": 0,
      "de_prelims_start": null,
      "de_prelims_strip_count": 0,
      "de_round_of_16_start": null,
      "de_round_of_16_strip_count": 0,
      "de_start": 300,
      "de_strip_count": 16,
      "de_total_end": 568,
      "peak_de_ref_demand": 4,
      "pool_end": 158,
      "pool_start": 0,
      "pool_strip_count": 25,
    },
    "Y12-W-FOIL-IND": {
      "assigned_day": 1,
      "constraint_relaxation_level": 0,
      "de_prelims_start": null,
      "de_prelims_strip_count": 0,
      "de_round_of_16_start": null,
      "de_round_of_16_strip_count": 0,
      "de_start": 1260,
      "de_strip_count": 16,
      "de_total_end": 1528,
      "peak_de_ref_demand": 4,
      "pool_end": 1133,
      "pool_start": 990,
      "pool_strip_count": 29,
    },
    "Y12-W-SABRE-IND": {
      "assigned_day": 0,
      "constraint_relaxation_level": 0,
      "de_prelims_start": null,
      "de_prelims_strip_count": 0,
      "de_round_of_16_start": null,
      "de_round_of_16_strip_count": 0,
      "de_start": 300,
      "de_strip_count": 16,
      "de_total_end": 449,
      "peak_de_ref_demand": 4,
      "pool_end": 249,
      "pool_start": 150,
      "pool_strip_count": 25,
    },
    "Y14-M-EPEE-IND": {
      "assigned_day": 2,
      "constraint_relaxation_level": 0,
      "de_prelims_start": null,
      "de_prelims_strip_count": 0,
      "de_round_of_16_start": null,
      "de_round_of_16_strip_count": 0,
      "de_start": 2040,
      "de_strip_count": 16,
      "de_total_end": 2308,
      "peak_de_ref_demand": 4,
      "pool_end": 1960,
      "pool_start": 1800,
      "pool_strip_count": 38,
    },
    "Y14-M-FOIL-IND": {
      "assigned_day": 1,
      "constraint_relaxation_level": 0,
      "de_prelims_start": null,
      "de_prelims_strip_count": 0,
      "de_round_of_16_start": null,
      "de_round_of_16_strip_count": 0,
      "de_start": 1140,
      "de_strip_count": 16,
      "de_total_end": 1408,
      "peak_de_ref_demand": 4,
      "pool_end": 984,
      "pool_start": 840,
      "pool_strip_count": 39,
    },
    "Y14-M-SABRE-IND": {
      "assigned_day": 2,
      "constraint_relaxation_level": 0,
      "de_prelims_start": null,
      "de_prelims_strip_count": 0,
      "de_round_of_16_start": null,
      "de_round_of_16_strip_count": 0,
      "de_start": 1980,
      "de_strip_count": 16,
      "de_total_end": 2129,
      "peak_de_ref_demand": 4,
      "pool_end": 1785,
      "pool_start": 1680,
      "pool_strip_count": 40,
    },
    "Y14-W-EPEE-IND": {
      "assigned_day": 1,
      "constraint_relaxation_level": 0,
      "de_prelims_start": null,
      "de_prelims_strip_count": 0,
      "de_round_of_16_start": null,
      "de_round_of_16_strip_count": 0,
      "de_start": 1140,
      "de_strip_count": 16,
      "de_total_end": 1408,
      "peak_de_ref_demand": 4,
      "pool_end": 1008,
      "pool_start": 840,
      "pool_strip_count": 30,
    },
    "Y14-W-FOIL-IND": {
      "assigned_day": 3,
      "constraint_relaxation_level": 0,
      "de_prelims_start": null,
      "de_prelims_strip_count": 0,
      "de_round_of_16_start": null,
      "de_round_of_16_strip_count": 0,
      "de_start": 2790,
      "de_strip_count": 16,
      "de_total_end": 3058,
      "peak_de_ref_demand": 4,
      "pool_end": 2661,
      "pool_start": 2520,
      "pool_strip_count": 35,
    },
    "Y14-W-SABRE-IND": {
      "assigned_day": 3,
      "constraint_relaxation_level": 0,
      "de_prelims_start": null,
      "de_prelims_strip_count": 0,
      "de_round_of_16_start": null,
      "de_round_of_16_strip_count": 0,
      "de_start": 2820,
      "de_strip_count": 16,
      "de_total_end": 2969,
      "peak_de_ref_demand": 4,
      "pool_end": 2624,
      "pool_start": 2520,
      "pool_strip_count": 33,
    },
  },
  "refRecommendation": {
    "foil_epee": 8,
    "three_weapon": 146,
  },
  "refRequirementsByDay": [
    {
      "day": 0,
      "peak_saber_refs": 96,
      "peak_time": 0,
      "peak_total_refs": 160,
    },
    {
      "day": 1,
      "peak_saber_refs": 68,
      "peak_time": 840,
      "peak_total_refs": 158,
    },
    {
      "day": 2,
      "peak_saber_refs": 80,
      "peak_time": 1830,
      "peak_total_refs": 144,
    },
    {
      "day": 3,
      "peak_saber_refs": 90,
      "peak_time": 2520,
      "peak_total_refs": 160,
    },
  ],
  "scheduledCount": 24,
  "stripRecommendation": 50,
  "warnCountsByCause": {},
}
`;

exports[`drift ledger > B4 digest is unchanged 1`] = `
{
  "competitionCount": 30,
  "daySummaryPeaks": [
    108,
    92,
    92,
  ],
  "errorCount": 15,
  "events": {
    "Y10-M-EPEE-IND": {
      "assigned_day": 2,
      "constraint_relaxation_level": 0,
      "de_prelims_start": null,
      "de_prelims_strip_count": 0,
      "de_round_of_16_start": null,
      "de_round_of_16_strip_count": 0,
      "de_start": 1980,
      "de_strip_count": 16,
      "de_total_end": 2187,
      "peak_de_ref_demand": 4,
      "pool_end": 1848,
      "pool_start": 1680,
      "pool_strip_count": 10,
    },
    "Y10-M-FOIL-IND": {
      "assigned_day": 0,
      "constraint_relaxation_level": 0,
      "de_prelims_start": null,
      "de_prelims_strip_count": 0,
      "de_round_of_16_start": null,
      "de_round_of_16_strip_count": 0,
      "de_start": 270,
      "de_strip_count": 16,
      "de_total_end": 477,
      "peak_de_ref_demand": 4,
      "pool_end": 133,
      "pool_start": 0,
      "pool_strip_count": 12,
    },
    "Y10-M-SABRE-IND": {
      "assigned_day": 2,
      "constraint_relaxation_level": 0,
      "de_prelims_start": null,
      "de_prelims_strip_count": 0,
      "de_round_of_16_start": null,
      "de_round_of_16_strip_count": 0,
      "de_start": 1860,
      "de_strip_count": 16,
      "de_total_end": 2008,
      "peak_de_ref_demand": 4,
      "pool_end": 1775,
      "pool_start": 1680,
      "pool_strip_count": 12,
    },
    "Y10-W-EPEE-IND": {
      "assigned_day": 2,
      "constraint_relaxation_level": 0,
      "de_prelims_start": null,
      "de_prelims_strip_count": 0,
      "de_round_of_16_start": null,
      "de_round_of_16_strip_count": 0,
      "de_start": 2010,
      "de_strip_count": 16,
      "de_total_end": 2217,
      "peak_de_ref_demand": 4,
      "pool_end": 1848,
      "pool_start": 1680,
      "pool_strip_count": 10,
    },
    "Y10-W-FOIL-IND": {
      "assigned_day": 2,
      "constraint_relaxation_level": 0,
      "de_prelims_start": null,
      "de_prelims_strip_count": 0,
      "de_round_of_16_start": null,
      "de_round_of_16_strip_count": 0,
      "de_start": 2160,
      "de_strip_count": 16,
      "de_total_end": 2306,
      "peak_de_ref_demand": 4,
      "pool_end": 1933,
      "pool_start": 1800,
      "pool_strip_count": 9,
    },
    "Y10-W-SABRE-IND": {
      "assigned_day": 0,
      "constraint_relaxation_level": 0,
      "de_prelims_start": null,
      "de_prelims_strip_count": 0,
      "de_round_of_16_start": null,
      "de_round_of_16_strip_count": 0,
      "de_start": 300,
      "de_strip_count": 16,
      "de_total_end": 417,
      "peak_de_ref_demand": 4,
      "pool_end": 95,
      "pool_start": 0,
      "pool_strip_count": 9,
    },
    "Y12-M-SABRE-IND": {
      "assigned_day": 1,
      "constraint_relaxation_level": 0,
      "de_prelims_start": null,
      "de_prelims_strip_count": 0,
      "de_round_of_16_start": null,
      "de_round_of_16_strip_count": 0,
      "de_start": 990,
      "de_strip_count": 16,
      "de_total_end": 1139,
      "peak_de_ref_demand": 4,
      "pool_end": 940,
      "pool_start": 840,
      "pool_strip_count": 22,
    },
    "Y12-W-SABRE-IND": {
      "assigned_day": 1,
      "constraint_relaxation_level": 0,
      "de_prelims_start": null,
      "de_prelims_strip_count": 0,
      "de_round_of_16_start": null,
      "de_round_of_16_strip_count": 0,
      "de_start": 1260,
      "de_strip_count": 16,
      "de_total_end": 1408,
      "peak_de_ref_demand": 4,
      "pool_end": 1205,
      "pool_start": 1110,
      "pool_strip_count": 18,
    },
    "Y14-M-FOIL-IND": {
      "assigned_day": 0,
      "constraint_relaxation_level": 0,
      "de_prelims_start": null,
      "de_prelims_strip_count": 0,
      "de_round_of_16_start": null,
      "de_round_of_16_strip_count": 0,
      "de_start": 480,
      "de_strip_count": 16,
      "de_total_end": 748,
      "peak_de_ref_demand": 4,
      "pool_end": 259,
      "pool_start": 120,
      "pool_strip_count": 25,
    },
    "Y8-M-EPEE-IND": {
      "assigned_day": 1,
      "constraint_relaxation_level": 0,
      "de_prelims_start": null,
      "de_prelims_strip_count": 0,
      "de_round_of_16_start": null,
      "de_round_of_16_strip_count": 0,
      "de_start": 1080,
      "de_strip_count": 16,
      "de_total_end": 1194,
      "peak_de_ref_demand": 4,
      "pool_end": 992,
      "pool_start": 840,
      "pool_strip_count": 3,
    },
    "Y8-M-FOIL-IND": {
      "assigned_day": 2,
      "constraint_relaxation_level": 0,
      "de_prelims_start": null,
      "de_prelims_strip_count": 0,
      "de_round_of_16_start": null,
      "de_round_of_16_strip_count": 0,
      "de_start": 2190,
      "de_strip_count": 16,
      "de_total_end": 2304,
      "peak_de_ref_demand": 4,
      "pool_end": 1813,
      "pool_start": 1680,
      "pool_strip_count": 3,
    },
    "Y8-M-SABRE-IND": {
      "assigned_day": 1,
      "constraint_relaxation_level": 0,
      "de_prelims_start": null,
      "de_prelims_strip_count": 0,
      "de_round_of_16_start": null,
      "de_round_of_16_strip_count": 0,
      "de_start": 1020,
      "de_strip_count": 16,
      "de_total_end": 1106,
      "peak_de_ref_demand": 4,
      "pool_end": 935,
      "pool_start": 840,
      "pool_strip_count": 3,
    },
    "Y8-W-EPEE-IND": {
      "assigned_day": 0,
      "constraint_relaxation_level": 0,
      "de_prelims_start": null,
      "de_prelims_strip_count": 0,
      "de_round_of_16_start": null,
      "de_round_of_16_strip_count": 0,
      "de_start": 390,
      "de_strip_count": 16,
      "de_total_end": 504,
      "peak_de_ref_demand": 4,
      "pool_end": 120,
      "pool_start": 0,
      "pool_strip_count": 5,
    },
    "Y8-W-FOIL-IND": {
      "assigned_day": 0,
      "constraint_relaxation_level": 0,
      "de_prelims_start": null,
      "de_prelims_strip_count": 0,
      "de_round_of_16_start": null,
      "de_round_of_16_strip_count": 0,
      "de_start": 450,
      "de_strip_count": 16,
      "de_total_end": 564,
      "peak_de_ref_demand": 4,
      "pool_end": 133,
      "pool_start": 0,
      "pool_strip_count": 3,
    },
    "Y8-W-SABRE-IND": {
      "assigned_day": 2,
      "constraint_relaxation_level": 0,
      "de_prelims_start": null,
      "de_prelims_strip_count": 0,
      "de_round_of_16_start": null,
      "de_round_of_16_strip_count": 0,
      "de_start": 1800,
      "de_strip_count": 8,
      "de_total_end": 1869,
      "peak_de_ref_demand": 4,
      "pool_end": 1730,
      "pool_start": 1680,
      "pool_strip_count": 2,
    },
  },
  "refRecommendation": {
    "foil_epee": 0,
    "three_weapon": 108,
  },
  "refRequirementsByDay": [
    {
      "day": 0,
      "peak_saber_refs": 18,
      "peak_time": 120,
      "peak_total_refs": 90,
    },
    {
      "day": 1,
      "peak_saber_refs": 50,
      "peak_time": 840,
      "peak_total_refs": 56,
    },
    {
      "day": 2,
      "peak_saber_refs": 28,
      "peak_time": 1680,
      "peak_total_refs": 74,
    },
  ],
  "scheduledCount": 15,
  "stripRecommendation": 37,
  "warnCountsByCause": {
    "DEADLINE_BREACH": 17,
    "RESOURCE_EXHAUSTION": 12,
  },
}
`;

exports[`drift ledger > B5 digest is unchanged 1`] = `
{
  "competitionCount": 12,
  "daySummaryPeaks": [
    116,
    116,
    112,
  ],
  "errorCount": 0,
  "events": {
    "CDT-M-EPEE-IND": {
      "assigned_day": 2,
      "constraint_relaxation_level": 0,
      "de_prelims_start": 1890,
      "de_prelims_strip_count": 16,
      "de_round_of_16_start": 2040,
      "de_round_of_16_strip_count": 4,
      "de_start": null,
      "de_strip_count": 0,
      "de_total_end": 2160,
      "peak_de_ref_demand": 4,
      "pool_end": 1832,
      "pool_start": 1680,
      "pool_strip_count": 18,
    },
    "CDT-M-FOIL-IND": {
      "assigned_day": 0,
      "constraint_relaxation_level": 0,
      "de_prelims_start": 180,
      "de_prelims_strip_count": 16,
      "de_round_of_16_start": 240,
      "de_round_of_16_strip_count": 4,
      "de_start": null,
      "de_strip_count": 0,
      "de_total_end": 390,
      "peak_de_ref_demand": 4,
      "pool_end": 133,
      "pool_start": 0,
      "pool_strip_count": 12,
    },
    "CDT-M-SABRE-IND": {
      "assigned_day": 2,
      "constraint_relaxation_level": 0,
      "de_prelims_start": 1830,
      "de_prelims_strip_count": 16,
      "de_round_of_16_start": 1950,
      "de_round_of_16_strip_count": 4,
      "de_start": null,
      "de_strip_count": 0,
      "de_total_end": 2040,
      "peak_de_ref_demand": 4,
      "pool_end": 1775,
      "pool_start": 1680,
      "pool_strip_count": 15,
    },
    "CDT-W-EPEE-IND": {
      "assigned_day": 0,
      "constraint_relaxation_level": 0,
      "de_prelims_start": 210,
      "de_prelims_strip_count": 16,
      "de_round_of_16_start": 270,
      "de_round_of_16_strip_count": 4,
      "de_start": null,
      "de_strip_count": 0,
      "de_total_end": 420,
      "peak_de_ref_demand": 4,
      "pool_end": 152,
      "pool_start": 0,
      "pool_strip_count": 12,
    },
    "CDT-W-FOIL-IND": {
      "assigned_day": 2,
      "constraint_relaxation_level": 0,
      "de_prelims_start": 1860,
      "de_prelims_strip_count": 16,
      "de_round_of_16_start": 1920,
      "de_round_of_16_strip_count": 4,
      "de_start": null,
      "de_strip_count": 0,
      "de_total_end": 2070,
      "peak_de_ref_demand": 4,
      "pool_end": 1827,
      "pool_start": 1680,
      "pool_strip_count": 10,
    },
    "CDT-W-SABRE-IND": {
      "assigned_day": 2,
      "constraint_relaxation_level": 0,
      "de_prelims_start": 1830,
      "de_prelims_strip_count": 16,
      "de_round_of_16_start": 1950,
      "de_round_of_16_strip_count": 4,
      "de_start": null,
      "de_strip_count": 0,
      "de_total_end": 2040,
      "peak_de_ref_demand": 4,
      "pool_end": 1783,
      "pool_start": 1680,
      "pool_strip_count": 13,
    },
    "JR-M-EPEE-IND": {
      "assigned_day": 0,
      "constraint_relaxation_level": 0,
      "de_prelims_start": 210,
      "de_prelims_strip_count": 16,
      "de_round_of_16_start": 360,
      "de_round_of_16_strip_count": 4,
      "de_start": null,
      "de_strip_count": 0,
      "de_total_end": 480,
      "peak_de_ref_demand": 4,
      "pool_end": 152,
      "pool_start": 0,
      "pool_strip_count": 18,
    },
    "JR-M-FOIL-IND": {
      "assigned_day": 1,
      "constraint_relaxation_level": 0,
      "de_prelims_start": 1020,
      "de_prelims_strip_count": 16,
      "de_round_of_16_start": 1170,
      "de_round_of_16_strip_count": 4,
      "de_start": null,
      "de_strip_count": 0,
      "de_total_end": 1290,
      "peak_de_ref_demand": 4,
      "pool_end": 973,
      "pool_start": 840,
      "pool_strip_count": 18,
    },
    "JR-M-SABRE-IND": {
      "assigned_day": 1,
      "constraint_relaxation_level": 0,
      "de_prelims_start": 990,
      "de_prelims_strip_count": 16,
      "de_round_of_16_start": 1110,
      "de_round_of_16_strip_count": 4,
      "de_start": null,
      "de_strip_count": 0,
      "de_total_end": 1200,
      "peak_de_ref_demand": 4,
      "pool_end": 935,
      "pool_start": 840,
      "pool_strip_count": 18,
    },
    "JR-W-EPEE-IND": {
      "assigned_day": 1,
      "constraint_relaxation_level": 0,
      "de_prelims_start": 1050,
      "de_prelims_strip_count": 16,
      "de_round_of_16_start": 1110,
      "de_round_of_16_strip_count": 4,
      "de_start": null,
      "de_strip_count": 0,
      "de_total_end": 1260,
      "peak_de_ref_demand": 4,
      "pool_end": 992,
      "pool_start": 840,
      "pool_strip_count": 12,
    },
    "JR-W-FOIL-IND": {
      "assigned_day": 1,
      "constraint_relaxation_level": 0,
      "de_prelims_start": 1020,
      "de_prelims_strip_count": 16,
      "de_round_of_16_start": 1080,
      "de_round_of_16_strip_count": 4,
      "de_start": null,
      "de_strip_count": 0,
      "de_total_end": 1230,
      "peak_de_ref_demand": 4,
      "pool_end": 987,
      "pool_start": 840,
      "pool_strip_count": 10,
    },
    "JR-W-SABRE-IND": {
      "assigned_day": 0,
      "constraint_relaxation_level": 0,
      "de_prelims_start": 150,
      "de_prelims_strip_count": 16,
      "de_round_of_16_start": 270,
      "de_round_of_16_strip_count": 4,
      "de_start": null,
      "de_strip_count": 0,
      "de_total_end": 360,
      "peak_de_ref_demand": 4,
      "pool_end": 101,
      "pool_start": 0,
      "pool_strip_count": 16,
    },
  },
  "refRecommendation": {
    "foil_epee": 4,
    "three_weapon": 68,
  },
  "refRequirementsByDay": [
    {
      "day": 0,
      "peak_saber_refs": 32,
      "peak_time": 0,
      "peak_total_refs": 116,
    },
    {
      "day": 1,
      "peak_saber_refs": 36,
      "peak_time": 840,
      "peak_total_refs": 116,
    },
    {
      "day": 2,
      "peak_saber_refs": 56,
      "peak_time": 1680,
      "peak_total_refs": 112,
    },
  ],
  "scheduledCount": 12,
  "stripRecommendation": 23,
  "warnCountsByCause": {
    "RESOURCE_EXHAUSTION": 12,
  },
}
`;

exports[`drift ledger > B6 digest is unchanged 1`] = `
{
  "competitionCount": 54,
  "daySummaryPeaks": [
    206,
    212,
    196,
  ],
  "errorCount": 11,
  "events": {
    "CDT-M-EPEE-IND": {
      "assigned_day": 0,
      "constraint_relaxation_level": 0,
      "de_prelims_start": 240,
      "de_prelims_strip_count": 16,
      "de_round_of_16_start": 420,
      "de_round_of_16_strip_count": 4,
      "de_start": null,
      "de_strip_count": 0,
      "de_total_end": 540,
      "peak_de_ref_demand": 4,
      "pool_end": 162,
      "pool_start": 0,
      "pool_strip_count": 16,
    },
    "CDT-M-SABRE-IND": {
      "assigned_day": 0,
      "constraint_relaxation_level": 0,
      "de_prelims_start": 330,
      "de_prelims_strip_count": 16,
      "de_round_of_16_start": 480,
      "de_round_of_16_strip_count": 4,
      "de_start": null,
      "de_strip_count": 0,
      "de_total_end": 570,
      "peak_de_ref_demand": 4,
      "pool_end": 95,
      "pool_start": 0,
      "pool_strip_count": 15,
    },
    "CDT-W-EPEE-IND": {
      "assigned_day": 1,
      "constraint_relaxation_level": 0,
      "de_prelims_start": null,
      "de_prelims_strip_count": 0,
      "de_round_of_16_start": 1140,
      "de_round_of_16_strip_count": 4,
      "de_start": null,
      "de_strip_count": 0,
      "de_total_end": 1260,
      "peak_de_ref_demand": 4,
      "pool_end": 1050,
      "pool_start": 930,
      "pool_strip_count": 5,
    },
    "CDT-W-FOIL-IND": {
      "assigned_day": 0,
      "constraint_relaxation_level": 0,
      "de_prelims_start": 630,
      "de_prelims_strip_count": 16,
      "de_round_of_16_start": 690,
      "de_round_of_16_strip_count": 4,
      "de_start": null,
      "de_strip_count": 0,
      "de_total_end": 840,
      "peak_de_ref_demand": 4,
      "pool_end": 553,
      "pool_start": 420,
      "pool_strip_count": 12,
    },
    "CDT-W-SABRE-IND": {
      "assigned_day": 1,
      "constraint_relaxation_level": 0,
      "de_prelims_start": 990,
      "de_prelims_strip_count": 16,
      "de_round_of_16_start": 1170,
      "de_round_of_16_strip_count": 4,
      "de_start": null,
      "de_strip_count": 0,
      "de_total_end": 1290,
      "peak_de_ref_demand": 4,
      "pool_end": 935,
      "pool_start": 840,
      "pool_strip_count": 12,
    },
    "D1A-M-EPEE-IND": {
      "assigned_day": 1,
      "constraint_relaxation_level": 0,
      "de_prelims_start": null,
      "de_prelims_strip_count": 0,
      "de_round_of_16_start": null,
      "de_round_of_16_strip_count": 0,
      "de_start": 1350,
      "de_strip_count": 16,
      "de_total_end": 1496,
      "peak_de_ref_demand": 4,
      "pool_end": 1302,
      "pool_start": 1170,
      "pool_strip_count": 8,
    },
    "D1A-M-FOIL-IND": {
      "assigned_day": 1,
      "constraint_relaxation_level": 0,
      "de_prelims_start": null,
      "de_prelims_strip_count": 0,
      "de_round_of_16_start": null,
      "de_round_of_16_strip_count": 0,
      "de_start": 1170,
      "de_strip_count": 16,
      "de_total_end": 1377,
      "peak_de_ref_demand": 4,
      "pool_end": 973,
      "pool_start": 840,
      "pool_strip_count": 15,
    },
    "D1A-M-SABRE-IND": {
      "assigned_day": 1,
      "constraint_relaxation_level": 0,
      "de_prelims_start": null,
      "de_prelims_strip_count": 0,
      "de_round_of_16_start": null,
      "de_round_of_16_strip_count": 0,
      "de_start": 1380,
      "de_strip_count": 16,
      "de_total_end": 1497,
      "peak_de_ref_demand": 4,
      "pool_end": 1343,
      "pool_start": 1260,
      "pool_strip_count": 8,
    },
    "D1A-W-FOIL-IND": {
      "assigned_day": 0,
      "constraint_relaxation_level": 0,
      "de_prelims_start": null,
      "de_prelims_strip_count": 0,
      "de_round_of_16_start": null,
      "de_round_of_16_strip_count": 0,
      "de_start": 660,
      "de_strip_count": 16,
      "de_total_end": 806,
      "peak_de_ref_demand": 4,
      "pool_end": 613,
      "pool_start": 480,
      "pool_strip_count": 9,
    },
    "D1A-W-SABRE-IND": {
      "assigned_day": 0,
      "constraint_relaxation_level": 0,
      "de_prelims_start": null,
      "de_prelims_strip_count": 0,
      "de_round_of_16_start": null,
      "de_round_of_16_strip_count": 0,
      "de_start": 720,
      "de_strip_count": 8,
      "de_total_end": 789,
      "peak_de_ref_demand": 4,
      "pool_end": 50,
      "pool_start": 0,
      "pool_strip_count": 2,
    },
    "D2-M-FOIL-IND": {
      "assigned_day": 0,
      "constraint_relaxation_level": 0,
      "de_prelims_start": null,
      "de_prelims_strip_count": 0,
      "de_round_of_16_start": null,
      "de_round_of_16_strip_count": 0,
      "de_start": 480,
      "de_strip_count": 16,
      "de_total_end": 687,
      "peak_de_ref_demand": 4,
      "pool_end": 417,
      "pool_start": 270,
      "pool_strip_count": 10,
    },
    "D2-M-SABRE-IND": {
      "assigned_day": 2,
      "constraint_relaxation_level": 0,
      "de_prelims_start": null,
      "de_prelims_strip_count": 0,
      "de_round_of_16_start": null,
      "de_round_of_16_strip_count": 0,
      "de_start": 2220,
      "de_strip_count": 16,
      "de_total_end": 2337,
      "peak_de_ref_demand": 4,
      "pool_end": 2183,
      "pool_start": 2100,
      "pool_strip_count": 8,
    },
    "D2-W-SABRE-IND": {
      "assigned_day": 2,
      "constraint_relaxation_level": 0,
      "de_prelims_start": null,
      "de_prelims_strip_count": 0,
      "de_round_of_16_start": null,
      "de_round_of_16_strip_count": 0,
      "de_start": 2460,
      "de_strip_count": 16,
      "de_total_end": 2546,
      "peak_de_ref_demand": 4,
      "pool_end": 2385,
      "pool_start": 2310,
      "pool_strip_count": 5,
    },
    "JR-M-EPEE-IND": {
      "assigned_day": 2,
      "constraint_relaxation_level": 0,
      "de_prelims_start": 1950,
      "de_prelims_strip_count": 16,
      "de_round_of_16_start": 2100,
      "de_round_of_16_strip_count": 4,
      "de_start": null,
      "de_strip_count": 0,
      "de_total_end": 2220,
      "peak_de_ref_demand": 4,
      "pool_end": 1832,
      "pool_start": 1680,
      "pool_strip_count": 18,
    },
    "JR-M-SABRE-IND": {
      "assigned_day": 2,
      "constraint_relaxation_level": 0,
      "de_prelims_start": 1950,
      "de_prelims_strip_count": 16,
      "de_round_of_16_start": 2070,
      "de_round_of_16_strip_count": 4,
      "de_start": null,
      "de_strip_count": 0,
      "de_total_end": 2160,
      "peak_de_ref_demand": 4,
      "pool_end": 1775,
      "pool_start": 1680,
      "pool_strip_count": 18,
    },
    "JR-W-SABRE-IND": {
      "assigned_day": 2,
      "constraint_relaxation_level": 0,
      "de_prelims_start": 2160,
      "de_prelims_strip_count": 16,
      "de_round_of_16_start": 2370,
      "de_round_of_16_strip_count": 4,
      "de_start": null,
      "de_strip_count": 0,
      "de_total_end": 2490,
      "peak_de_ref_demand": 4,
      "pool_end": 2075,
      "pool_start": 1980,
      "pool_strip_count": 12,
    },
    "VET-M-EPEE-IND-VCMB": {
      "assigned_day": 0,
      "constraint_relaxation_level": 0,
      "de_prelims_start": null,
      "de_prelims_strip_count": 0,
      "de_round_of_16_start": null,
      "de_round_of_16_strip_count": 0,
      "de_start": 570,
      "de_strip_count": 16,
      "de_total_end": 716,
      "peak_de_ref_demand": 4,
      "pool_end": 392,
      "pool_start": 240,
      "pool_strip_count": 6,
    },
    "VET-M-FOIL-IND-VCMB": {
      "assigned_day": 2,
      "constraint_relaxation_level": 0,
      "de_prelims_start": null,
      "de_prelims_strip_count": 0,
      "de_round_of_16_start": null,
      "de_round_of_16_strip_count": 0,
      "de_start": 2070,
      "de_strip_count": 16,
      "de_total_end": 2184,
      "peak_de_ref_demand": 4,
      "pool_end": 1963,
      "pool_start": 1830,
      "pool_strip_count": 3,
    },
    "VET-M-SABRE-IND-VCMB": {
      "assigned_day": 0,
      "constraint_relaxation_level": 0,
      "de_prelims_start": null,
      "de_prelims_strip_count": 0,
      "de_round_of_16_start": null,
      "de_round_of_16_strip_count": 0,
      "de_start": 420,
      "de_strip_count": 16,
      "de_total_end": 506,
      "peak_de_ref_demand": 4,
      "pool_end": 215,
      "pool_start": 120,
      "pool_strip_count": 3,
    },
    "VET-W-FOIL-IND-VCMB": {
      "assigned_day": 1,
      "constraint_relaxation_level": 0,
      "de_prelims_start": null,
      "de_prelims_strip_count": 0,
      "de_round_of_16_start": null,
      "de_round_of_16_strip_count": 0,
      "de_start": 1620,
      "de_strip_count": 8,
      "de_total_end": 1703,
      "peak_de_ref_demand": 4,
      "pool_end": 910,
      "pool_start": 840,
      "pool_strip_count": 2,
    },
    "VET-W-SABRE-IND-VCMB": {
      "assigned_day": 2,
      "constraint_relaxation_level": 0,
      "de_prelims_start": null,
      "de_prelims_strip_count": 0,
      "de_round_of_16_start": null,
      "de_round_of_16_strip_count": 0,
      "de_start": 2310,
      "de_strip_count": 8,
      "de_total_end": 2379,
      "peak_de_ref_demand": 4,
      "pool_end": 1790,
      "pool_start": 1740,
      "pool_strip_count": 2,
    },
    "Y10-M-EPEE-IND": {
      "assigned_day": 1,
      "constraint_relaxation_level": 0,
      "de_prelims_start": null,
      "de_prelims_strip_count": 0,
      "de_round_of_16_start": null,
      "de_round_of_16_strip_count": 0,
      "de_start": 1110,
      "de_strip_count": 16,
      "de_total_end": 1224,
      "peak_de_ref_demand": 4,
      "pool_end": 992,
      "pool_start": 840,
      "pool_strip_count": 3,
    },
    "Y10-M-FOIL-IND": {
      "assigned_day": 2,
      "constraint_relaxation_level": 0,
      "de_prelims_start": null,
      "de_prelims_strip_count": 0,
      "de_round_of_16_start": null,
      "de_round_of_16_strip_count": 0,
      "de_start": 1860,
      "de_strip_count": 16,
      "de_total_end": 1974,
      "peak_de_ref_demand": 4,
      "pool_end": 1813,
      "pool_start": 1680,
      "pool_strip_count": 3,
    },
    "Y10-M-SABRE-IND": {
      "assigned_day": 0,
      "constraint_relaxation_level": 0,
      "de_prelims_start": null,
      "de_prelims_strip_count": 0,
      "de_round_of_16_start": null,
      "de_round_of_16_strip_count": 0,
      "de_start": 120,
      "de_strip_count": 16,
      "de_total_end": 206,
      "peak_de_ref_demand": 4,
      "pool_end": 75,
      "pool_start": 0,
      "pool_strip_count": 5,
    },
    "Y10-W-EPEE-IND": {
      "assigned_day": 0,
      "constraint_relaxation_level": 0,
      "de_prelims_start": null,
      "de_prelims_strip_count": 0,
      "de_round_of_16_start": null,
      "de_round_of_16_strip_count": 0,
      "de_start": 240,
      "de_strip_count": 16,
      "de_total_end": 354,
      "peak_de_ref_demand": 4,
      "pool_end": 152,
      "pool_start": 0,
      "pool_strip_count": 3,
    },
    "Y10-W-FOIL-IND": {
      "assigned_day": 1,
      "constraint_relaxation_level": 0,
      "de_prelims_start": null,
      "de_prelims_strip_count": 0,
      "de_round_of_16_start": null,
      "de_round_of_16_strip_count": 0,
      "de_start": 1020,
      "de_strip_count": 16,
      "de_total_end": 1134,
      "peak_de_ref_demand": 4,
      "pool_end": 973,
      "pool_start": 840,
      "pool_strip_count": 3,
    },
    "Y10-W-SABRE-IND": {
      "assigned_day": 0,
      "constraint_relaxation_level": 0,
      "de_prelims_start": null,
      "de_prelims_strip_count": 0,
      "de_round_of_16_start": null,
      "de_round_of_16_strip_count": 0,
      "de_start": 180,
      "de_strip_count": 16,
      "de_total_end": 266,
      "peak_de_ref_demand": 4,
      "pool_end": 95,
      "pool_start": 0,
      "pool_strip_count": 3,
    },
    "Y12-M-EPEE-IND": {
      "assigned_day": 2,
      "constraint_relaxation_level": 0,
      "de_prelims_start": null,
      "de_prelims_strip_count": 0,
      "de_round_of_16_start": null,
      "de_round_of_16_strip_count": 0,
      "de_start": 2040,
      "de_strip_count": 16,
      "de_total_end": 2247,
      "peak_de_ref_demand": 4,
      "pool_end": 1968,
      "pool_start": 1800,
      "pool_strip_count": 10,
    },
    "Y12-M-FOIL-IND": {
      "assigned_day": 1,
      "constraint_relaxation_level": 0,
      "de_prelims_start": null,
      "de_prelims_strip_count": 0,
      "de_round_of_16_start": null,
      "de_round_of_16_strip_count": 0,
      "de_start": 1200,
      "de_strip_count": 16,
      "de_total_end": 1407,
      "peak_de_ref_demand": 4,
      "pool_end": 987,
      "pool_start": 840,
      "pool_strip_count": 10,
    },
    "Y12-M-SABRE-IND": {
      "assigned_day": 2,
      "constraint_relaxation_level": 0,
      "de_prelims_start": null,
      "de_prelims_strip_count": 0,
      "de_round_of_16_start": null,
      "de_round_of_16_strip_count": 0,
      "de_start": 2370,
      "de_strip_count": 16,
      "de_total_end": 2518,
      "peak_de_ref_demand": 4,
      "pool_end": 2295,
      "pool_start": 2190,
      "pool_strip_count": 10,
    },
    "Y12-W-EPEE-IND": {
      "assigned_day": 1,
      "constraint_relaxation_level": 0,
      "de_prelims_start": null,
      "de_prelims_strip_count": 0,
      "de_round_of_16_start": null,
      "de_round_of_16_strip_count": 0,
      "de_start": 1470,
      "de_strip_count": 16,
      "de_total_end": 1677,
      "peak_de_ref_demand": 4,
      "pool_end": 1158,
      "pool_start": 990,
      "pool_strip_count": 10,
    },
    "Y12-W-FOIL-IND": {
      "assigned_day": 2,
      "constraint_relaxation_level": 0,
      "de_prelims_start": null,
      "de_prelims_strip_count": 0,
      "de_round_of_16_start": null,
      "de_round_of_16_strip_count": 0,
      "de_start": 1860,
      "de_strip_count": 16,
      "de_total_end": 1974,
      "peak_de_ref_demand": 4,
      "pool_end": 1785,
      "pool_start": 1680,
      "pool_strip_count": 5,
    },
    "Y12-W-SABRE-IND": {
      "assigned_day": 1,
      "constraint_relaxation_level": 0,
      "de_prelims_start": null,
      "de_prelims_strip_count": 0,
      "de_round_of_16_start": null,
      "de_round_of_16_strip_count": 0,
      "de_start": 1470,
      "de_strip_count": 16,
      "de_total_end": 1587,
      "peak_de_ref_demand": 4,
      "pool_end": 1403,
      "pool_start": 1320,
      "pool_strip_count": 8,
    },
    "Y14-M-EPEE-IND": {
      "assigned_day": 1,
      "constraint_relaxation_level": 0,
      "de_prelims_start": null,
      "de_prelims_strip_count": 0,
      "de_round_of_16_start": null,
      "de_round_of_16_strip_count": 0,
      "de_start": 1560,
      "de_strip_count": 16,
      "de_total_end": 1706,
      "peak_de_ref_demand": 4,
      "pool_end": 1482,
      "pool_start": 1350,
      "pool_strip_count": 8,
    },
    "Y14-W-EPEE-IND": {
      "assigned_day": 0,
      "constraint_relaxation_level": 0,
      "de_prelims_start": null,
      "de_prelims_strip_count": 0,
      "de_round_of_16_start": null,
      "de_round_of_16_strip_count": 0,
      "de_start": 360,
      "de_strip_count": 16,
      "de_total_end": 506,
      "peak_de_ref_demand": 4,
      "pool_end": 258,
      "pool_start": 90,
      "pool_strip_count": 10,
    },
    "Y14-W-FOIL-IND": {
      "assigned_day": 1,
      "constraint_relaxation_level": 0,
      "de_prelims_start": null,
      "de_prelims_strip_count": 0,
      "de_round_of_16_start": null,
      "de_round_of_16_strip_count": 0,
      "de_start": 1500,
      "de_strip_count": 16,
      "de_total_end": 1646,
      "peak_de_ref_demand": 4,
      "pool_end": 1167,
      "pool_start": 1020,
      "pool_strip_count": 10,
    },
    "Y14-W-SABRE-IND": {
      "assigned_day": 0,
      "constraint_relaxation_level": 0,
      "de_prelims_start": null,
      "de_prelims_strip_count": 0,
      "de_round_of_16_start": null,
      "de_round_of_16_strip_count": 0,
      "de_start": 660,
      "de_strip_count": 16,
      "de_total_end": 746,
      "peak_de_ref_demand": 4,
      "pool_end": 585,
      "pool_start": 510,
      "pool_strip_count": 5,
    },
    "Y8-M-EPEE-IND": {
      "assigned_day": 0,
      "constraint_relaxation_level": 0,
      "de_prelims_start": null,
      "de_prelims_strip_count": 0,
      "de_round_of_16_start": null,
      "de_round_of_16_strip_count": 0,
      "de_start": 180,
      "de_strip_count": 8,
      "de_total_end": 263,
      "peak_de_ref_demand": 4,
      "pool_end": 80,
      "pool_start": 0,
      "pool_strip_count": 2,
    },
    "Y8-M-FOIL-IND": {
      "assigned_day": 1,
      "constraint_relaxation_level": 0,
      "de_prelims_start": null,
      "de_prelims_strip_count": 0,
      "de_round_of_16_start": null,
      "de_round_of_16_strip_count": 0,
      "de_start": 960,
      "de_strip_count": 8,
      "de_total_end": 1043,
      "peak_de_ref_demand": 4,
      "pool_end": 910,
      "pool_start": 840,
      "pool_strip_count": 2,
    },
    "Y8-M-SABRE-IND": {
      "assigned_day": 2,
      "constraint_relaxation_level": 0,
      "de_prelims_start": null,
      "de_prelims_strip_count": 0,
      "de_round_of_16_start": null,
      "de_round_of_16_strip_count": 0,
      "de_start": 1800,
      "de_strip_count": 8,
      "de_total_end": 1869,
      "peak_de_ref_demand": 4,
      "pool_end": 1730,
      "pool_start": 1680,
      "pool_strip_count": 2,
    },
    "Y8-W-EPEE-IND": {
      "assigned_day": 2,
      "constraint_relaxation_level": 0,
      "de_prelims_start": null,
      "de_prelims_strip_count": 0,
      "de_round_of_16_start": null,
      "de_round_of_16_strip_count": 0,
      "de_start": 1800,
      "de_strip_count": 8,
      "de_total_end": 1883,
      "peak_de_ref_demand": 4,
      "pool_end": 1760,
      "pool_start": 1680,
      "pool_strip_count": 2,
    },
    "Y8-W-FOIL-IND": {
      "assigned_day": 0,
      "constraint_relaxation_level": 0,
      "de_prelims_start": null,
      "de_prelims_strip_count": 0,
      "de_round_of_16_start": null,
      "de_round_of_16_strip_count": 0,
      "de_start": 180,
      "de_strip_count": 8,
      "de_total_end": 263,
      "peak_de_ref_demand": 4,
      "pool_end": 70,
      "pool_start": 0,
      "pool_strip_count": 2,
    },
    "Y8-W-SABRE-IND": {
      "assigned_day": 1,
      "constraint_relaxation_level": 0,
      "de_prelims_start": null,
      "de_prelims_strip_count": 0,
      "de_round_of_16_start": null,
      "de_round_of_16_strip_count": 0,
      "de_start": 960,
      "de_strip_count": 4,
      "de_total_end": 1013,
      "peak_de_ref_demand": 4,
      "pool_end": 915,
      "pool_start": 840,
      "pool_strip_count": 1,
    },
  },
  "refRecommendation": {
    "foil_epee": 2,
    "three_weapon": 66,
  },
  "refRequirementsByDay": [
    {
      "day": 0,
      "peak_saber_refs": 50,
      "peak_time": 0,
      "peak_total_refs": 96,
    },
    {
      "day": 1,
      "peak_saber_refs": 32,
      "peak_time": 840,
      "peak_total_refs": 96,
    },
    {
      "day": 2,
      "peak_saber_refs": 40,
      "peak_time": 1680,
      "peak_total_refs": 96,
    },
  ],
  "scheduledCount": 43,
  "stripRecommendation": 23,
  "warnCountsByCause": {
    "DEADLINE_BREACH": 11,
    "RESOURCE_EXHAUSTION": 18,
  },
}
`;

exports[`drift ledger > B7 digest is unchanged 1`] = `
{
  "competitionCount": 18,
  "daySummaryPeaks": [
    340,
    238,
    330,
    310,
  ],
  "errorCount": 0,
  "events": {
    "CDT-M-EPEE-IND": {
      "assigned_day": 3,
      "constraint_relaxation_level": 0,
      "de_prelims_start": 2880,
      "de_prelims_strip_count": 16,
      "de_round_of_16_start": 3120,
      "de_round_of_16_strip_count": 4,
      "de_start": null,
      "de_strip_count": 0,
      "de_total_end": 3210,
      "peak_de_ref_demand": 4,
      "pool_end": 2687,
      "pool_start": 2520,
      "pool_strip_count": 33,
    },
    "CDT-M-FOIL-IND": {
      "assigned_day": 0,
      "constraint_relaxation_level": 0,
      "de_prelims_start": 180,
      "de_prelims_strip_count": 16,
      "de_round_of_16_start": 420,
      "de_round_of_16_strip_count": 4,
      "de_start": null,
      "de_strip_count": 0,
      "de_total_end": 510,
      "peak_de_ref_demand": 4,
      "pool_end": 138,
      "pool_start": 0,
      "pool_strip_count": 28,
    },
    "CDT-M-SABRE-IND": {
      "assigned_day": 2,
      "constraint_relaxation_level": 0,
      "de_prelims_start": 1860,
      "de_prelims_strip_count": 16,
      "de_round_of_16_start": 2010,
      "de_round_of_16_strip_count": 4,
      "de_start": null,
      "de_strip_count": 0,
      "de_total_end": 2070,
      "peak_de_ref_demand": 4,
      "pool_end": 1781,
      "pool_start": 1680,
      "pool_strip_count": 32,
    },
    "CDT-W-EPEE-IND": {
      "assigned_day": 3,
      "constraint_relaxation_level": 0,
      "de_prelims_start": 2910,
      "de_prelims_strip_count": 16,
      "de_round_of_16_start": 3150,
      "de_round_of_16_strip_count": 4,
      "de_start": null,
      "de_strip_count": 0,
      "de_total_end": 3240,
      "peak_de_ref_demand": 4,
      "pool_end": 2864,
      "pool_start": 2700,
      "pool_strip_count": 26,
    },
    "CDT-W-FOIL-IND": {
      "assigned_day": 2,
      "constraint_relaxation_level": 0,
      "de_prelims_start": 2100,
      "de_prelims_strip_count": 16,
      "de_round_of_16_start": 2340,
      "de_round_of_16_strip_count": 4,
      "de_start": null,
      "de_strip_count": 0,
      "de_total_end": 2430,
      "peak_de_ref_demand": 4,
      "pool_end": 2059,
      "pool_start": 1920,
      "pool_strip_count": 25,
    },
    "CDT-W-SABRE-IND": {
      "assigned_day": 3,
      "constraint_relaxation_level": 0,
      "de_prelims_start": 2940,
      "de_prelims_strip_count": 16,
      "de_round_of_16_start": 3090,
      "de_round_of_16_strip_count": 4,
      "de_start": null,
      "de_strip_count": 0,
      "de_total_end": 3150,
      "peak_de_ref_demand": 4,
      "pool_end": 2893,
      "pool_start": 2790,
      "pool_strip_count": 26,
    },
    "D1-M-EPEE-IND": {
      "assigned_day": 2,
      "constraint_relaxation_level": 0,
      "de_prelims_start": 1980,
      "de_prelims_strip_count": 16,
      "de_round_of_16_start": 2220,
      "de_round_of_16_strip_count": 4,
      "de_start": null,
      "de_strip_count": 0,
      "de_total_end": 2310,
      "peak_de_ref_demand": 4,
      "pool_end": 1846,
      "pool_start": 1680,
      "pool_strip_count": 46,
    },
    "D1-M-FOIL-IND": {
      "assigned_day": 3,
      "constraint_relaxation_level": 0,
      "de_prelims_start": 2700,
      "de_prelims_strip_count": 16,
      "de_round_of_16_start": 2940,
      "de_round_of_16_strip_count": 4,
      "de_start": null,
      "de_strip_count": 0,
      "de_total_end": 3030,
      "peak_de_ref_demand": 4,
      "pool_end": 2660,
      "pool_start": 2520,
      "pool_strip_count": 38,
    },
    "D1-M-SABRE-IND": {
      "assigned_day": 3,
      "constraint_relaxation_level": 0,
      "de_prelims_start": 2880,
      "de_prelims_strip_count": 16,
      "de_round_of_16_start": 3030,
      "de_round_of_16_strip_count": 4,
      "de_start": null,
      "de_strip_count": 0,
      "de_total_end": 3090,
      "peak_de_ref_demand": 4,
      "pool_end": 2771,
      "pool_start": 2670,
      "pool_strip_count": 32,
    },
    "D1-W-EPEE-IND": {
      "assigned_day": 2,
      "constraint_relaxation_level": 0,
      "de_prelims_start": 2070,
      "de_prelims_strip_count": 16,
      "de_round_of_16_start": 2310,
      "de_round_of_16_strip_count": 4,
      "de_start": null,
      "de_strip_count": 0,
      "de_total_end": 2400,
      "peak_de_ref_demand": 4,
      "pool_end": 2028,
      "pool_start": 1860,
      "pool_strip_count": 30,
    },
    "D1-W-FOIL-IND": {
      "assigned_day": 0,
      "constraint_relaxation_level": 0,
      "de_prelims_start": 390,
      "de_prelims_strip_count": 16,
      "de_round_of_16_start": 630,
      "de_round_of_16_strip_count": 4,
      "de_start": null,
      "de_strip_count": 0,
      "de_total_end": 720,
      "peak_de_ref_demand": 4,
      "pool_end": 294,
      "pool_start": 150,
      "pool_strip_count": 26,
    },
    "D1-W-SABRE-IND": {
      "assigned_day": 2,
      "constraint_relaxation_level": 0,
      "de_prelims_start": 2040,
      "de_prelims_strip_count": 16,
      "de_round_of_16_start": 2190,
      "de_round_of_16_strip_count": 4,
      "de_start": null,
      "de_strip_count": 0,
      "de_total_end": 2250,
      "peak_de_ref_demand": 4,
      "pool_end": 1901,
      "pool_start": 1800,
      "pool_strip_count": 32,
    },
    "JR-M-EPEE-IND": {
      "assigned_day": 0,
      "constraint_relaxation_level": 0,
      "de_prelims_start": 300,
      "de_prelims_strip_count": 16,
      "de_round_of_16_start": 540,
      "de_round_of_16_strip_count": 4,
      "de_start": null,
      "de_strip_count": 0,
      "de_total_end": 630,
      "peak_de_ref_demand": 4,
      "pool_end": 166,
      "pool_start": 0,
      "pool_strip_count": 46,
    },
    "JR-M-FOIL-IND": {
      "assigned_day": 1,
      "constraint_relaxation_level": 0,
      "de_prelims_start": 1020,
      "de_prelims_strip_count": 16,
      "de_round_of_16_start": 1260,
      "de_round_of_16_strip_count": 4,
      "de_start": null,
      "de_strip_count": 0,
      "de_total_end": 1350,
      "peak_de_ref_demand": 4,
      "pool_end": 986,
      "pool_start": 840,
      "pool_strip_count": 43,
    },
    "JR-M-SABRE-IND": {
      "assigned_day": 1,
      "constraint_relaxation_level": 0,
      "de_prelims_start": 1140,
      "de_prelims_strip_count": 16,
      "de_round_of_16_start": 1290,
      "de_round_of_16_strip_count": 4,
      "de_start": null,
      "de_strip_count": 0,
      "de_total_end": 1350,
      "peak_de_ref_demand": 4,
      "pool_end": 1094,
      "pool_start": 990,
      "pool_strip_count": 43,
    },
    "JR-W-EPEE-IND": {
      "assigned_day": 0,
      "constraint_relaxation_level": 0,
      "de_prelims_start": 480,
      "de_prelims_strip_count": 16,
      "de_round_of_16_start": 720,
      "de_round_of_16_strip_count": 4,
      "de_start": null,
      "de_strip_count": 0,
      "de_total_end": 810,
      "peak_de_ref_demand": 4,
      "pool_end": 341,
      "pool_start": 180,
      "pool_strip_count": 35,
    },
    "JR-W-FOIL-IND": {
      "assigned_day": 1,
      "constraint_relaxation_level": 0,
      "de_prelims_start": 1020,
      "de_prelims_strip_count": 16,
      "de_round_of_16_start": 1260,
      "de_round_of_16_strip_count": 4,
      "de_start": null,
      "de_strip_count": 0,
      "de_total_end": 1350,
      "peak_de_ref_demand": 4,
      "pool_end": 986,
      "pool_start": 840,
      "pool_strip_count": 33,
    },
    "JR-W-SABRE-IND": {
      "assigned_day": 0,
      "constraint_relaxation_level": 0,
      "de_prelims_start": 510,
      "de_prelims_strip_count": 16,
      "de_round_of_16_start": 660,
      "de_round_of_16_strip_count": 4,
      "de_start": null,
      "de_strip_count": 0,
      "de_total_end": 720,
      "peak_de_ref_demand": 4,
      "pool_end": 461,
      "pool_start": 360,
      "pool_strip_count": 35,
    },
  },
  "refRecommendation": {
    "foil_epee": 28,
    "three_weapon": 156,
  },
  "refRequirementsByDay": [
    {
      "day": 0,
      "peak_saber_refs": 70,
      "peak_time": 0,
      "peak_total_refs": 148,
    },
    {
      "day": 1,
      "peak_saber_refs": 86,
      "peak_time": 840,
      "peak_total_refs": 152,
    },
    {
      "day": 2,
      "peak_saber_refs": 80,
      "peak_time": 1680,
      "peak_total_refs": 156,
    },
    {
      "day": 3,
      "peak_saber_refs": 68,
      "peak_time": 2520,
      "peak_total_refs": 142,
    },
  ],
  "scheduledCount": 18,
  "stripRecommendation": 58,
  "warnCountsByCause": {
    "SCHEDULE_ACCEPTED_WITH_WARNINGS": 2,
  },
}
`;

exports[`drift ledger > B8 digest is unchanged 1`] = `
{
  "competitionCount": 53,
  "daySummaryPeaks": [
    294,
    134,
    174,
    240,
  ],
  "errorCount": 3,
  "events": {
    "D1-M-EPEE-IND": {
      "assigned_day": 3,
      "constraint_relaxation_level": 0,
      "de_prelims_start": 2760,
      "de_prelims_strip_count": 16,
      "de_round_of_16_start": 3000,
      "de_round_of_16_strip_count": 4,
      "de_start": null,
      "de_strip_count": 0,
      "de_total_end": 3090,
      "peak_de_ref_demand": 4,
      "pool_end": 2679,
      "pool_start": 2520,
      "pool_strip_count": 32,
    },
    "D1-M-EPEE-TEAM": {
      "assigned_day": 2,
      "constraint_relaxation_level": 0,
      "de_prelims_start": null,
      "de_prelims_strip_count": 0,
      "de_round_of_16_start": null,
      "de_round_of_16_strip_count": 0,
      "de_start": 2100,
      "de_strip_count": 8,
      "de_total_end": 2213,
      "peak_de_ref_demand": 4,
      "pool_end": 1998,
      "pool_start": 1830,
      "pool_strip_count": 2,
    },
    "D1-M-FOIL-IND": {
      "assigned_day": 2,
      "constraint_relaxation_level": 0,
      "de_prelims_start": 1860,
      "de_prelims_strip_count": 16,
      "de_round_of_16_start": 2040,
      "de_round_of_16_strip_count": 4,
      "de_start": null,
      "de_strip_count": 0,
      "de_total_end": 2160,
      "peak_de_ref_demand": 4,
      "pool_end": 1821,
      "pool_start": 1680,
      "pool_strip_count": 20,
    },
    "D1-M-FOIL-TEAM": {
      "assigned_day": 3,
      "constraint_relaxation_level": 0,
      "de_prelims_start": null,
      "de_prelims_strip_count": 0,
      "de_round_of_16_start": null,
      "de_round_of_16_strip_count": 0,
      "de_start": 2820,
      "de_strip_count": 2,
      "de_total_end": 2895,
      "peak_de_ref_demand": 4,
      "pool_end": 2772,
      "pool_start": 2730,
      "pool_strip_count": 1,
    },
    "D1-M-SABRE-IND": {
      "assigned_day": 0,
      "constraint_relaxation_level": 0,
      "de_prelims_start": 480,
      "de_prelims_strip_count": 16,
      "de_round_of_16_start": 600,
      "de_round_of_16_strip_count": 4,
      "de_start": null,
      "de_strip_count": 0,
      "de_total_end": 690,
      "peak_de_ref_demand": 4,
      "pool_end": 374,
      "pool_start": 270,
      "pool_strip_count": 20,
    },
    "D1-M-SABRE-TEAM": {
      "assigned_day": 1,
      "constraint_relaxation_level": 0,
      "de_prelims_start": null,
      "de_prelims_strip_count": 0,
      "de_round_of_16_start": null,
      "de_round_of_16_strip_count": 0,
      "de_start": 1020,
      "de_strip_count": 4,
      "de_total_end": 1103,
      "peak_de_ref_demand": 4,
      "pool_end": 945,
      "pool_start": 840,
      "pool_strip_count": 1,
    },
    "D1-W-EPEE-IND": {
      "assigned_day": 2,
      "constraint_relaxation_level": 0,
      "de_prelims_start": 1950,
      "de_prelims_strip_count": 16,
      "de_round_of_16_start": 2100,
      "de_round_of_16_strip_count": 4,
      "de_start": null,
      "de_strip_count": 0,
      "de_total_end": 2220,
      "peak_de_ref_demand": 4,
      "pool_end": 1841,
      "pool_start": 1680,
      "pool_strip_count": 22,
    },
    "D1-W-EPEE-TEAM": {
      "assigned_day": 3,
      "constraint_relaxation_level": 0,
      "de_prelims_start": null,
      "de_prelims_strip_count": 0,
      "de_round_of_16_start": null,
      "de_round_of_16_strip_count": 0,
      "de_start": 3000,
      "de_strip_count": 8,
      "de_total_end": 3113,
      "peak_de_ref_demand": 4,
      "pool_end": 2860,
      "pool_start": 2760,
      "pool_strip_count": 2,
    },
    "D1-W-SABRE-IND": {
      "assigned_day": 3,
      "constraint_relaxation_level": 0,
      "de_prelims_start": 2790,
      "de_prelims_strip_count": 16,
      "de_round_of_16_start": 2910,
      "de_round_of_16_strip_count": 4,
      "de_start": null,
      "de_strip_count": 0,
      "de_total_end": 3000,
      "peak_de_ref_demand": 4,
      "pool_end": 2740,
      "pool_start": 2640,
      "pool_strip_count": 23,
    },
    "D1-W-SABRE-TEAM": {
      "assigned_day": 1,
      "constraint_relaxation_level": 0,
      "de_prelims_start": null,
      "de_prelims_strip_count": 0,
      "de_round_of_16_start": null,
      "de_round_of_16_strip_count": 0,
      "de_start": 1050,
      "de_strip_count": 4,
      "de_total_end": 1133,
      "peak_de_ref_demand": 4,
      "pool_end": 945,
      "pool_start": 840,
      "pool_strip_count": 1,
    },
    "JR-M-EPEE-IND": {
      "assigned_day": 0,
      "constraint_relaxation_level": 0,
      "de_prelims_start": 300,
      "de_prelims_strip_count": 16,
      "de_round_of_16_start": 570,
      "de_round_of_16_strip_count": 4,
      "de_start": null,
      "de_strip_count": 0,
      "de_total_end": 660,
      "peak_de_ref_demand": 4,
      "pool_end": 168,
      "pool_start": 0,
      "pool_strip_count": 38,
    },
    "JR-M-FOIL-IND": {
      "assigned_day": 0,
      "constraint_relaxation_level": 0,
      "de_prelims_start": 390,
      "de_prelims_strip_count": 16,
      "de_round_of_16_start": 630,
      "de_round_of_16_strip_count": 4,
      "de_start": null,
      "de_strip_count": 0,
      "de_total_end": 720,
      "peak_de_ref_demand": 4,
      "pool_end": 261,
      "pool_start": 120,
      "pool_strip_count": 26,
    },
    "JR-M-SABRE-IND": {
      "assigned_day": 3,
      "constraint_relaxation_level": 0,
      "de_prelims_start": 2700,
      "de_prelims_strip_count": 16,
      "de_round_of_16_start": 2850,
      "de_round_of_16_strip_count": 4,
      "de_start": null,
      "de_strip_count": 0,
      "de_total_end": 2910,
      "peak_de_ref_demand": 4,
      "pool_end": 2625,
      "pool_start": 2520,
      "pool_strip_count": 27,
    },
    "JR-W-FOIL-IND": {
      "assigned_day": 1,
      "constraint_relaxation_level": 0,
      "de_prelims_start": 1020,
      "de_prelims_strip_count": 16,
      "de_round_of_16_start": 1170,
      "de_round_of_16_strip_count": 4,
      "de_start": null,
      "de_strip_count": 0,
      "de_total_end": 1290,
      "peak_de_ref_demand": 4,
      "pool_end": 987,
      "pool_start": 840,
      "pool_strip_count": 18,
    },
    "JR-W-SABRE-IND": {
      "assigned_day": 0,
      "constraint_relaxation_level": 0,
      "de_prelims_start": 180,
      "de_prelims_strip_count": 16,
      "de_round_of_16_start": 390,
      "de_round_of_16_strip_count": 4,
      "de_start": null,
      "de_strip_count": 0,
      "de_total_end": 450,
      "peak_de_ref_demand": 4,
      "pool_end": 101,
      "pool_start": 0,
      "pool_strip_count": 28,
    },
    "VET-M-EPEE-IND-V40": {
      "assigned_day": 1,
      "constraint_relaxation_level": 0,
      "de_prelims_start": null,
      "de_prelims_strip_count": 0,
      "de_round_of_16_start": null,
      "de_round_of_16_strip_count": 0,
      "de_start": 1050,
      "de_strip_count": 16,
      "de_total_end": 1196,
      "peak_de_ref_demand": 4,
      "pool_end": 1008,
      "pool_start": 840,
      "pool_strip_count": 6,
    },
    "VET-M-EPEE-IND-V50": {
      "assigned_day": 1,
      "constraint_relaxation_level": 0,
      "de_prelims_start": null,
      "de_prelims_strip_count": 0,
      "de_round_of_16_start": null,
      "de_round_of_16_strip_count": 0,
      "de_start": 1050,
      "de_strip_count": 16,
      "de_total_end": 1196,
      "peak_de_ref_demand": 4,
      "pool_end": 996,
      "pool_start": 840,
      "pool_strip_count": 8,
    },
    "VET-M-EPEE-IND-V60": {
      "assigned_day": 1,
      "constraint_relaxation_level": 0,
      "de_prelims_start": null,
      "de_prelims_strip_count": 0,
      "de_round_of_16_start": null,
      "de_round_of_16_strip_count": 0,
      "de_start": 1020,
      "de_strip_count": 16,
      "de_total_end": 1166,
      "peak_de_ref_demand": 4,
      "pool_end": 981,
      "pool_start": 840,
      "pool_strip_count": 7,
    },
    "VET-M-EPEE-IND-V70": {
      "assigned_day": 1,
      "constraint_relaxation_level": 0,
      "de_prelims_start": null,
      "de_prelims_strip_count": 0,
      "de_round_of_16_start": null,
      "de_round_of_16_strip_count": 0,
      "de_start": 1140,
      "de_strip_count": 16,
      "de_total_end": 1286,
      "peak_de_ref_demand": 4,
      "pool_end": 1008,
      "pool_start": 840,
      "pool_strip_count": 5,
    },
    "VET-M-EPEE-IND-V80": {
      "assigned_day": 1,
      "constraint_relaxation_level": 0,
      "de_prelims_start": null,
      "de_prelims_strip_count": 0,
      "de_round_of_16_start": null,
      "de_round_of_16_strip_count": 0,
      "de_start": 1140,
      "de_strip_count": 8,
      "de_total_end": 1223,
      "peak_de_ref_demand": 4,
      "pool_end": 920,
      "pool_start": 840,
      "pool_strip_count": 2,
    },
    "VET-M-EPEE-IND-VCMB": {
      "assigned_day": 0,
      "constraint_relaxation_level": 0,
      "de_prelims_start": null,
      "de_prelims_strip_count": 0,
      "de_round_of_16_start": null,
      "de_round_of_16_strip_count": 0,
      "de_start": 570,
      "de_strip_count": 16,
      "de_total_end": 777,
      "peak_de_ref_demand": 4,
      "pool_end": 520,
      "pool_start": 360,
      "pool_strip_count": 17,
    },
    "VET-M-FOIL-IND-V40": {
      "assigned_day": 3,
      "constraint_relaxation_level": 0,
      "de_prelims_start": null,
      "de_prelims_strip_count": 0,
      "de_round_of_16_start": null,
      "de_round_of_16_strip_count": 0,
      "de_start": 2700,
      "de_strip_count": 16,
      "de_total_end": 2814,
      "peak_de_ref_demand": 4,
      "pool_end": 2633,
      "pool_start": 2520,
      "pool_strip_count": 5,
    },
    "VET-M-FOIL-IND-V50": {
      "assigned_day": 3,
      "constraint_relaxation_level": 0,
      "de_prelims_start": null,
      "de_prelims_strip_count": 0,
      "de_round_of_16_start": null,
      "de_round_of_16_strip_count": 0,
      "de_start": 2820,
      "de_strip_count": 16,
      "de_total_end": 2966,
      "peak_de_ref_demand": 4,
      "pool_end": 2787,
      "pool_start": 2640,
      "pool_strip_count": 5,
    },
    "VET-M-FOIL-IND-V60": {
      "assigned_day": 3,
      "constraint_relaxation_level": 0,
      "de_prelims_start": null,
      "de_prelims_strip_count": 0,
      "de_round_of_16_start": null,
      "de_round_of_16_strip_count": 0,
      "de_start": 2880,
      "de_strip_count": 16,
      "de_total_end": 2994,
      "peak_de_ref_demand": 4,
      "pool_end": 2667,
      "pool_start": 2520,
      "pool_strip_count": 4,
    },
    "VET-M-FOIL-IND-V70": {
      "assigned_day": 3,
      "constraint_relaxation_level": 0,
      "de_prelims_start": null,
      "de_prelims_strip_count": 0,
      "de_round_of_16_start": null,
      "de_round_of_16_strip_count": 0,
      "de_start": 2910,
      "de_strip_count": 16,
      "de_total_end": 3024,
      "peak_de_ref_demand": 4,
      "pool_end": 2728,
      "pool_start": 2640,
      "pool_strip_count": 4,
    },
    "VET-M-FOIL-IND-V80": {
      "assigned_day": 3,
      "constraint_relaxation_level": 0,
      "de_prelims_start": null,
      "de_prelims_strip_count": 0,
      "de_round_of_16_start": null,
      "de_round_of_16_strip_count": 0,
      "de_start": 2880,
      "de_strip_count": 2,
      "de_total_end": 2925,
      "peak_de_ref_demand": 4,
      "pool_end": 2811,
      "pool_start": 2790,
      "pool_strip_count": 1,
    },
    "VET-M-FOIL-IND-VCMB": {
      "assigned_day": 2,
      "constraint_relaxation_level": 0,
      "de_prelims_start": null,
      "de_prelims_strip_count": 0,
      "de_round_of_16_start": null,
      "de_round_of_16_strip_count": 0,
      "de_start": 1860,
      "de_strip_count": 16,
      "de_total_end": 2067,
      "peak_de_ref_demand": 4,
      "pool_end": 1812,
      "pool_start": 1680,
      "pool_strip_count": 11,
    },
    "VET-M-SABRE-IND-V40": {
      "assigned_day": 1,
      "constraint_relaxation_level": 0,
      "de_prelims_start": null,
      "de_prelims_strip_count": 0,
      "de_round_of_16_start": null,
      "de_round_of_16_strip_count": 0,
      "de_start": 960,
      "de_strip_count": 16,
      "de_total_end": 1046,
      "peak_de_ref_demand": 4,
      "pool_end": 903,
      "pool_start": 840,
      "pool_strip_count": 4,
    },
    "VET-M-SABRE-IND-V50": {
      "assigned_day": 1,
      "constraint_relaxation_level": 0,
      "de_prelims_start": null,
      "de_prelims_strip_count": 0,
      "de_round_of_16_start": null,
      "de_round_of_16_strip_count": 0,
      "de_start": 990,
      "de_strip_count": 16,
      "de_total_end": 1076,
      "peak_de_ref_demand": 4,
      "pool_end": 907,
      "pool_start": 840,
      "pool_strip_count": 3,
    },
    "VET-M-SABRE-IND-V60": {
      "assigned_day": 1,
      "constraint_relaxation_level": 0,
      "de_prelims_start": null,
      "de_prelims_strip_count": 0,
      "de_round_of_16_start": null,
      "de_round_of_16_strip_count": 0,
      "de_start": 990,
      "de_strip_count": 16,
      "de_total_end": 1076,
      "peak_de_ref_demand": 4,
      "pool_end": 910,
      "pool_start": 840,
      "pool_strip_count": 5,
    },
    "VET-M-SABRE-IND-V70": {
      "assigned_day": 1,
      "constraint_relaxation_level": 0,
      "de_prelims_start": null,
      "de_prelims_strip_count": 0,
      "de_round_of_16_start": null,
      "de_round_of_16_strip_count": 0,
      "de_start": 930,
      "de_strip_count": 8,
      "de_total_end": 999,
      "peak_de_ref_demand": 4,
      "pool_end": 890,
      "pool_start": 840,
      "pool_strip_count": 3,
    },
    "VET-M-SABRE-IND-V80": {
      "assigned_day": 1,
      "constraint_relaxation_level": 0,
      "de_prelims_start": null,
      "de_prelims_strip_count": 0,
      "de_round_of_16_start": null,
      "de_round_of_16_strip_count": 0,
      "de_start": 930,
      "de_strip_count": 4,
      "de_total_end": 983,
      "peak_de_ref_demand": 4,
      "pool_end": 890,
      "pool_start": 840,
      "pool_strip_count": 1,
    },
    "VET-M-SABRE-IND-VCMB": {
      "assigned_day": 0,
      "constraint_relaxation_level": 0,
      "de_prelims_start": null,
      "de_prelims_strip_count": 0,
      "de_round_of_16_start": null,
      "de_round_of_16_strip_count": 0,
      "de_start": 510,
      "de_strip_count": 16,
      "de_total_end": 627,
      "peak_de_ref_demand": 4,
      "pool_end": 465,
      "pool_start": 360,
      "pool_strip_count": 7,
    },
    "VET-W-EPEE-IND-V40": {
      "assigned_day": 2,
      "constraint_relaxation_level": 0,
      "de_prelims_start": null,
      "de_prelims_strip_count": 0,
      "de_round_of_16_start": null,
      "de_round_of_16_strip_count": 0,
      "de_start": 1950,
      "de_strip_count": 16,
      "de_total_end": 2064,
      "peak_de_ref_demand": 4,
      "pool_end": 1848,
      "pool_start": 1680,
      "pool_strip_count": 4,
    },
    "VET-W-EPEE-IND-V50": {
      "assigned_day": 2,
      "constraint_relaxation_level": 0,
      "de_prelims_start": null,
      "de_prelims_strip_count": 0,
      "de_round_of_16_start": null,
      "de_round_of_16_strip_count": 0,
      "de_start": 1980,
      "de_strip_count": 16,
      "de_total_end": 2126,
      "peak_de_ref_demand": 4,
      "pool_end": 1848,
      "pool_start": 1680,
      "pool_strip_count": 5,
    },
    "VET-W-EPEE-IND-V60": {
      "assigned_day": 2,
      "constraint_relaxation_level": 0,
      "de_prelims_start": null,
      "de_prelims_strip_count": 0,
      "de_round_of_16_start": null,
      "de_round_of_16_strip_count": 0,
      "de_start": 1860,
      "de_strip_count": 16,
      "de_total_end": 1974,
      "peak_de_ref_demand": 4,
      "pool_end": 1819,
      "pool_start": 1680,
      "pool_strip_count": 5,
    },
    "VET-W-EPEE-IND-V70": {
      "assigned_day": 2,
      "constraint_relaxation_level": 0,
      "de_prelims_start": null,
      "de_prelims_strip_count": 0,
      "de_round_of_16_start": null,
      "de_round_of_16_strip_count": 0,
      "de_start": 2040,
      "de_strip_count": 16,
      "de_total_end": 2154,
      "peak_de_ref_demand": 4,
      "pool_end": 1950,
      "pool_start": 1830,
      "pool_strip_count": 3,
    },
    "VET-W-EPEE-IND-V80": {
      "assigned_day": 2,
      "constraint_relaxation_level": 0,
      "de_prelims_start": null,
      "de_prelims_strip_count": 0,
      "de_round_of_16_start": null,
      "de_round_of_16_strip_count": 0,
      "de_start": 1830,
      "de_strip_count": 2,
      "de_total_end": 1875,
      "peak_de_ref_demand": 4,
      "pool_end": 1704,
      "pool_start": 1680,
      "pool_strip_count": 1,
    },
    "VET-W-FOIL-IND-V40": {
      "assigned_day": 3,
      "constraint_relaxation_level": 0,
      "de_prelims_start": null,
      "de_prelims_strip_count": 0,
      "de_round_of_16_start": null,
      "de_round_of_16_strip_count": 0,
      "de_start": 2850,
      "de_strip_count": 8,
      "de_total_end": 2933,
      "peak_de_ref_demand": 4,
      "pool_end": 2812,
      "pool_start": 2730,
      "pool_strip_count": 3,
    },
    "VET-W-FOIL-IND-V50": {
      "assigned_day": 3,
      "constraint_relaxation_level": 0,
      "de_prelims_start": null,
      "de_prelims_strip_count": 0,
      "de_round_of_16_start": null,
      "de_round_of_16_strip_count": 0,
      "de_start": 2940,
      "de_strip_count": 16,
      "de_total_end": 3054,
      "peak_de_ref_demand": 4,
      "pool_end": 2786,
      "pool_start": 2670,
      "pool_strip_count": 4,
    },
    "VET-W-FOIL-IND-V60": {
      "assigned_day": 3,
      "constraint_relaxation_level": 0,
      "de_prelims_start": null,
      "de_prelims_strip_count": 0,
      "de_round_of_16_start": null,
      "de_round_of_16_strip_count": 0,
      "de_start": 2970,
      "de_strip_count": 16,
      "de_total_end": 3084,
      "peak_de_ref_demand": 4,
      "pool_end": 2907,
      "pool_start": 2760,
      "pool_strip_count": 3,
    },
    "VET-W-FOIL-IND-V70": {
      "assigned_day": 3,
      "constraint_relaxation_level": 0,
      "de_prelims_start": null,
      "de_prelims_strip_count": 0,
      "de_round_of_16_start": null,
      "de_round_of_16_strip_count": 0,
      "de_start": 3000,
      "de_strip_count": 8,
      "de_total_end": 3083,
      "peak_de_ref_demand": 4,
      "pool_end": 2907,
      "pool_start": 2760,
      "pool_strip_count": 2,
    },
    "VET-W-FOIL-IND-V80": {
      "assigned_day": 3,
      "constraint_relaxation_level": 0,
      "de_prelims_start": null,
      "de_prelims_strip_count": 0,
      "de_round_of_16_start": null,
      "de_round_of_16_strip_count": 0,
      "de_start": 2880,
      "de_strip_count": 2,
      "de_total_end": 2925,
      "peak_de_ref_demand": 4,
      "pool_end": 2811,
      "pool_start": 2790,
      "pool_strip_count": 1,
    },
    "VET-W-FOIL-IND-VCMB": {
      "assigned_day": 0,
      "constraint_relaxation_level": 0,
      "de_prelims_start": null,
      "de_prelims_strip_count": 0,
      "de_round_of_16_start": null,
      "de_round_of_16_strip_count": 0,
      "de_start": 600,
      "de_strip_count": 16,
      "de_total_end": 746,
      "peak_de_ref_demand": 4,
      "pool_end": 382,
      "pool_start": 270,
      "pool_strip_count": 6,
    },
    "VET-W-SABRE-IND-V40": {
      "assigned_day": 2,
      "constraint_relaxation_level": 0,
      "de_prelims_start": null,
      "de_prelims_strip_count": 0,
      "de_round_of_16_start": null,
      "de_round_of_16_strip_count": 0,
      "de_start": 2130,
      "de_strip_count": 8,
      "de_total_end": 2199,
      "peak_de_ref_demand": 4,
      "pool_end": 1893,
      "pool_start": 1830,
      "pool_strip_count": 2,
    },
    "VET-W-SABRE-IND-V50": {
      "assigned_day": 2,
      "constraint_relaxation_level": 0,
      "de_prelims_start": null,
      "de_prelims_strip_count": 0,
      "de_round_of_16_start": null,
      "de_round_of_16_strip_count": 0,
      "de_start": 2040,
      "de_strip_count": 16,
      "de_total_end": 2126,
      "peak_de_ref_demand": 4,
      "pool_end": 1915,
      "pool_start": 1830,
      "pool_strip_count": 3,
    },
    "VET-W-SABRE-IND-V60": {
      "assigned_day": 2,
      "constraint_relaxation_level": 0,
      "de_prelims_start": null,
      "de_prelims_strip_count": 0,
      "de_round_of_16_start": null,
      "de_round_of_16_strip_count": 0,
      "de_start": 2070,
      "de_strip_count": 16,
      "de_total_end": 2156,
      "peak_de_ref_demand": 4,
      "pool_end": 1905,
      "pool_start": 1830,
      "pool_strip_count": 3,
    },
    "VET-W-SABRE-IND-V70": {
      "assigned_day": 2,
      "constraint_relaxation_level": 0,
      "de_prelims_start": null,
      "de_prelims_strip_count": 0,
      "de_round_of_16_start": null,
      "de_round_of_16_strip_count": 0,
      "de_start": 2100,
      "de_strip_count": 16,
      "de_total_end": 2186,
      "peak_de_ref_demand": 4,
      "pool_end": 1905,
      "pool_start": 1830,
      "pool_strip_count": 3,
    },
    "VET-W-SABRE-IND-V80": {
      "assigned_day": 2,
      "constraint_relaxation_level": 0,
      "de_prelims_start": null,
      "de_prelims_strip_count": 0,
      "de_round_of_16_start": null,
      "de_round_of_16_strip_count": 0,
      "de_start": 1770,
      "de_strip_count": 1,
      "de_total_end": 1800,
      "peak_de_ref_demand": 4,
      "pool_end": 1715,
      "pool_start": 1710,
      "pool_strip_count": 1,
    },
    "VET-W-SABRE-IND-VCMB": {
      "assigned_day": 0,
      "constraint_relaxation_level": 0,
      "de_prelims_start": null,
      "de_prelims_strip_count": 0,
      "de_round_of_16_start": null,
      "de_round_of_16_strip_count": 0,
      "de_start": 540,
      "de_strip_count": 16,
      "de_total_end": 626,
      "peak_de_ref_demand": 4,
      "pool_end": 471,
      "pool_start": 390,
      "pool_strip_count": 5,
    },
  },
  "refRecommendation": {
    "foil_epee": 30,
    "three_weapon": 110,
  },
  "refRequirementsByDay": [
    {
      "day": 0,
      "peak_saber_refs": 56,
      "peak_time": 0,
      "peak_total_refs": 132,
    },
    {
      "day": 1,
      "peak_saber_refs": 48,
      "peak_time": 840,
      "peak_total_refs": 128,
    },
    {
      "day": 2,
      "peak_saber_refs": 32,
      "peak_time": 1680,
      "peak_total_refs": 136,
    },
    {
      "day": 3,
      "peak_saber_refs": 62,
      "peak_time": 2520,
      "peak_total_refs": 136,
    },
  ],
  "scheduledCount": 50,
  "stripRecommendation": 48,
  "warnCountsByCause": {
    "DEADLINE_BREACH": 3,
    "RESOURCE_EXHAUSTION": 5,
    "SCHEDULE_ACCEPTED_WITH_WARNINGS": 2,
  },
}
`;
